Archive member included to satisfy reference by file (symbol)

c:/picosdk/gcc-arm-none-eabi/bin/../lib/gcc/arm-none-eabi/10.3.1/thumb/v6-m/nofp\libgcc.a(_dvmd_tls.o)
                              my_blink/CMakeFiles/my_blink.dir/C_/PicoSDK/pico-sdk/src/rp2_common/pico_divider/divider.S.obj (__aeabi_idiv0)
c:/picosdk/gcc-arm-none-eabi/bin/../lib/gcc/arm-none-eabi/10.3.1/../../../../arm-none-eabi/lib/thumb/v6-m/nofp\libg.a(lib_a-calloc.o)
                              my_blink/CMakeFiles/my_blink.dir/C_/PicoSDK/pico-sdk/src/rp2_common/pico_malloc/pico_malloc.c.obj (calloc)
c:/picosdk/gcc-arm-none-eabi/bin/../lib/gcc/arm-none-eabi/10.3.1/../../../../arm-none-eabi/lib/thumb/v6-m/nofp\libg.a(lib_a-callocr.o)
                              c:/picosdk/gcc-arm-none-eabi/bin/../lib/gcc/arm-none-eabi/10.3.1/../../../../arm-none-eabi/lib/thumb/v6-m/nofp\libg.a(lib_a-calloc.o) (_calloc_r)
c:/picosdk/gcc-arm-none-eabi/bin/../lib/gcc/arm-none-eabi/10.3.1/../../../../arm-none-eabi/lib/thumb/v6-m/nofp\libg.a(lib_a-errno.o)
                              c:/picosdk/gcc-arm-none-eabi/bin/../lib/gcc/arm-none-eabi/10.3.1/../../../../arm-none-eabi/lib/thumb/v6-m/nofp\libg.a(lib_a-callocr.o) (__errno)
c:/picosdk/gcc-arm-none-eabi/bin/../lib/gcc/arm-none-eabi/10.3.1/../../../../arm-none-eabi/lib/thumb/v6-m/nofp\libg.a(lib_a-impure.o)
                              c:/picosdk/gcc-arm-none-eabi/bin/../lib/gcc/arm-none-eabi/10.3.1/../../../../arm-none-eabi/lib/thumb/v6-m/nofp\libg.a(lib_a-calloc.o) (_impure_ptr)
c:/picosdk/gcc-arm-none-eabi/bin/../lib/gcc/arm-none-eabi/10.3.1/../../../../arm-none-eabi/lib/thumb/v6-m/nofp\libg.a(lib_a-init.o)
                              c:/picosdk/gcc-arm-none-eabi/bin/../lib/gcc/arm-none-eabi/10.3.1/../../../../arm-none-eabi/lib/thumb/v6-m/nofp/crt0.o (__libc_init_array)
c:/picosdk/gcc-arm-none-eabi/bin/../lib/gcc/arm-none-eabi/10.3.1/../../../../arm-none-eabi/lib/thumb/v6-m/nofp\libg.a(lib_a-malloc.o)
                              my_blink/CMakeFiles/my_blink.dir/C_/PicoSDK/pico-sdk/src/rp2_common/pico_malloc/pico_malloc.c.obj (malloc)
c:/picosdk/gcc-arm-none-eabi/bin/../lib/gcc/arm-none-eabi/10.3.1/../../../../arm-none-eabi/lib/thumb/v6-m/nofp\libg.a(lib_a-mallocr.o)
                              c:/picosdk/gcc-arm-none-eabi/bin/../lib/gcc/arm-none-eabi/10.3.1/../../../../arm-none-eabi/lib/thumb/v6-m/nofp\libg.a(lib_a-callocr.o) (_malloc_r)
c:/picosdk/gcc-arm-none-eabi/bin/../lib/gcc/arm-none-eabi/10.3.1/../../../../arm-none-eabi/lib/thumb/v6-m/nofp\libg.a(lib_a-mlock.o)
                              c:/picosdk/gcc-arm-none-eabi/bin/../lib/gcc/arm-none-eabi/10.3.1/../../../../arm-none-eabi/lib/thumb/v6-m/nofp\libg.a(lib_a-mallocr.o) (__malloc_lock)
c:/picosdk/gcc-arm-none-eabi/bin/../lib/gcc/arm-none-eabi/10.3.1/../../../../arm-none-eabi/lib/thumb/v6-m/nofp\libg.a(lib_a-realloc.o)
                              my_blink/CMakeFiles/my_blink.dir/C_/PicoSDK/pico-sdk/src/rp2_common/pico_malloc/pico_malloc.c.obj (realloc)
c:/picosdk/gcc-arm-none-eabi/bin/../lib/gcc/arm-none-eabi/10.3.1/../../../../arm-none-eabi/lib/thumb/v6-m/nofp\libg.a(lib_a-reallocr.o)
                              c:/picosdk/gcc-arm-none-eabi/bin/../lib/gcc/arm-none-eabi/10.3.1/../../../../arm-none-eabi/lib/thumb/v6-m/nofp\libg.a(lib_a-realloc.o) (_realloc_r)
c:/picosdk/gcc-arm-none-eabi/bin/../lib/gcc/arm-none-eabi/10.3.1/../../../../arm-none-eabi/lib/thumb/v6-m/nofp\libg.a(lib_a-sbrkr.o)
                              c:/picosdk/gcc-arm-none-eabi/bin/../lib/gcc/arm-none-eabi/10.3.1/../../../../arm-none-eabi/lib/thumb/v6-m/nofp\libg.a(lib_a-mallocr.o) (_sbrk_r)
c:/picosdk/gcc-arm-none-eabi/bin/../lib/gcc/arm-none-eabi/10.3.1/../../../../arm-none-eabi/lib/thumb/v6-m/nofp\libg.a(lib_a-strlen-stub.o)
                              my_blink/CMakeFiles/my_blink.dir/C_/PicoSDK/pico-sdk/src/rp2_common/pico_stdio/stdio.c.obj (strlen)
c:/picosdk/gcc-arm-none-eabi/bin/../lib/gcc/arm-none-eabi/10.3.1/../../../../arm-none-eabi/lib/thumb/v6-m/nofp\libg.a(lib_a-freer.o)
                              c:/picosdk/gcc-arm-none-eabi/bin/../lib/gcc/arm-none-eabi/10.3.1/../../../../arm-none-eabi/lib/thumb/v6-m/nofp\libg.a(lib_a-malloc.o) (_free_r)
c:/picosdk/gcc-arm-none-eabi/bin/../lib/gcc/arm-none-eabi/10.3.1/../../../../arm-none-eabi/lib/thumb/v6-m/nofp\libg.a(lib_a-lock.o)
                              c:/picosdk/gcc-arm-none-eabi/bin/../lib/gcc/arm-none-eabi/10.3.1/../../../../arm-none-eabi/lib/thumb/v6-m/nofp\libg.a(lib_a-mlock.o) (__retarget_lock_acquire_recursive)
c:/picosdk/gcc-arm-none-eabi/bin/../lib/gcc/arm-none-eabi/10.3.1/../../../../arm-none-eabi/lib/thumb/v6-m/nofp\libg.a(lib_a-memmove.o)
                              c:/picosdk/gcc-arm-none-eabi/bin/../lib/gcc/arm-none-eabi/10.3.1/../../../../arm-none-eabi/lib/thumb/v6-m/nofp\libg.a(lib_a-reallocr.o) (memmove)
c:/picosdk/gcc-arm-none-eabi/bin/../lib/gcc/arm-none-eabi/10.3.1/../../../../arm-none-eabi/lib/thumb/v6-m/nofp\libg.a(lib_a-reent.o)
[...]
Memory Configuration

Name             Origin             Length             Attributes
FLASH            0x10000000         0x00200000         xr
RAM              0x20000000         0x00040000         xrw
SCRATCH_X        0x20040000         0x00001000         xrw
SCRATCH_Y        0x20041000         0x00001000         xrw
*default*        0x00000000         0xffffffff

Linker script and memory map

LOAD c:/picosdk/gcc-arm-none-eabi/bin/../lib/gcc/arm-none-eabi/10.3.1/thumb/v6-m/nofp/crti.o
LOAD c:/picosdk/gcc-arm-none-eabi/bin/../lib/gcc/arm-none-eabi/10.3.1/thumb/v6-m/nofp/crtbegin.o
LOAD c:/picosdk/gcc-arm-none-eabi/bin/../lib/gcc/arm-none-eabi/10.3.1/../../../../arm-none-eabi/lib/thumb/v6-m/nofp/crt0.o

.flash_begin    0x10000000        0x0
                0x10000000                __flash_binary_start = .

.boot2          0x10000000      0x100
                0x10000000                __boot2_start__ = .
 *(.boot2)
 .boot2         0x10000000      0x100 C:\Users\lvanek\AppData\Local\Temp\ccE8RpGI.o
                0x10000100                __boot2_end__ = .
                0x00000001                ASSERT (((__boot2_end__ - __boot2_start__) == 0x100), ERROR: Pico second stage bootloader must be 256 bytes in size)

.text           0x10000100     0x43c8
                0x10000100                __logical_binary_start = .
 *(.vectors)
 .vectors       0x10000100       0xd4 my_blink/CMakeFiles/my_blink.dir/C_/PicoSDK/pico-sdk/src/rp2_common/pico_standard_link/crt0.S.obj
                0x10000100                __VECTOR_TABLE
                0x10000100                __vectors
                0x100001c0                isr_invalid
                0x100001c0                __default_isrs_start
                0x100001c2                isr_nmi
                0x100001c4                isr_hardfault
                0x100001c6                isr_svcall
                0x100001c8                isr_pendsv
                0x100001ca                isr_systick
                0x100001cc                isr_irq23
                0x100001cc                isr_irq18
                0x100001cc                isr_irq11
                0x100001cc                isr_irq28
                0x100001cc                isr_irq19
                0x100001cc                isr_irq0
                0x100001cc                isr_irq6
                0x100001cc                isr_irq5
                0x100001cc                isr_irq12
                0x100001cc                isr_irq22
                0x100001cc                isr_irq31
                0x100001cc                isr_irq17
                0x100001cc                isr_irq27
                0x100001cc                isr_irq30
                0x100001cc                isr_irq2
                0x100001cc                isr_irq10
                0x100001cc                isr_irq8
                0x100001cc                isr_irq24
                0x100001cc                isr_irq1
                0x100001cc                isr_irq7
                0x100001cc                isr_irq21
                0x100001cc                isr_irq20
                0x100001cc                isr_irq15
                0x100001cc                isr_irq25
                0x100001cc                isr_irq13
                0x100001cc                __unhandled_user_irq
                0x100001cc                isr_irq4
                0x100001cc                isr_irq16
                0x100001cc                isr_irq29
                0x100001cc                isr_irq26
                0x100001cc                __default_isrs_end
                0x100001cc                isr_irq3
                0x100001cc                isr_irq14
                0x100001cc                isr_irq9
                0x100001d2                unhandled_user_irq_num_in_r0
 *(.binary_info_header)
 .binary_info_header
                0x100001d4       0x14 my_blink/CMakeFiles/my_blink.dir/C_/PicoSDK/pico-sdk/src/rp2_common/pico_standard_link/crt0.S.obj
                0x100001e8                __binary_info_header_end = .
 *(.reset)
 .reset         0x100001e8       0xa0 my_blink/CMakeFiles/my_blink.dir/C_/PicoSDK/pico-sdk/src/rp2_common/pico_standard_link/crt0.S.obj
                0x100001e8                _entry_point
 .reset         0x10000288       0x30 my_blink/CMakeFiles/my_blink.dir/C_/PicoSDK/pico-sdk/src/rp2_common/pico_standard_link/binary_info.c.obj
 *(.init)
 .init          0x100002b8        0x4 c:/picosdk/gcc-arm-none-eabi/bin/../lib/gcc/arm-none-eabi/10.3.1/thumb/v6-m/nofp/crti.o
                0x100002b8                _init
 *(EXCLUDE_FILE(*libm.a: *libc.a:*lib_a-mem*.o *libgcc.a:) .text*)
 .text          0x100002bc       0x48 c:/picosdk/gcc-arm-none-eabi/bin/../lib/gcc/arm-none-eabi/10.3.1/thumb/v6-m/nofp/crtbegin.o
 .text.main     0x10000304       0x8c my_blink/CMakeFiles/my_blink.dir/my_blink.c.obj
                0x10000304                main
 .text.setup_default_uart
                0x10000390       0x2c my_blink/CMakeFiles/my_blink.dir/C_/PicoSDK/pico-sdk/src/rp2_common/pico_stdlib/stdlib.c.obj
                0x10000390                setup_default_uart
 .text.gpio_set_function
                0x100003bc       0x30 my_blink/CMakeFiles/my_blink.dir/C_/PicoSDK/pico-sdk/src/rp2_common/hardware_gpio/gpio.c.obj
                0x100003bc                gpio_set_function
 .text.gpio_init
                0x100003ec       0x16 my_blink/CMakeFiles/my_blink.dir/C_/PicoSDK/pico-sdk/src/rp2_common/hardware_gpio/gpio.c.obj
                0x100003ec                gpio_init
 *fill*         0x10000402        0x2 
 .text.running_on_fpga
                0x10000404       0x14 my_blink/CMakeFiles/my_blink.dir/C_/PicoSDK/pico-sdk/src/rp2_common/pico_platform/platform.c.obj
                0x10000404                running_on_fpga
 .text.hw_claim_lock
                0x10000418       0x18 my_blink/CMakeFiles/my_blink.dir/C_/PicoSDK/pico-sdk/src/rp2_common/hardware_claim/claim.c.obj
                0x10000418                hw_claim_lock
 .text.hw_claim_unlock
                0x10000430       0x14 my_blink/CMakeFiles/my_blink.dir/C_/PicoSDK/pico-sdk/src/rp2_common/hardware_claim/claim.c.obj
                0x10000430                hw_claim_unlock
 .text.hw_claim_or_assert
                0x10000444       0x32 my_blink/CMakeFiles/my_blink.dir/C_/PicoSDK/pico-sdk/src/rp2_common/hardware_claim/claim.c.obj
                0x10000444                hw_claim_or_assert
 *fill*         0x10000476        0x2 
 .text.spin_locks_reset
                0x10000478       0x20 my_blink/CMakeFiles/my_blink.dir/C_/PicoSDK/pico-sdk/src/rp2_common/hardware_sync/sync.c.obj
                0x10000478                spin_locks_reset
 .text.next_striped_spin_lock_num
                0x10000498       0x1c my_blink/CMakeFiles/my_blink.dir/C_/PicoSDK/pico-sdk/src/rp2_common/hardware_sync/sync.c.obj
                0x10000498                next_striped_spin_lock_num
 .text.set_raw_irq_handler_and_unlock
                0x100004b4       0x28 my_blink/CMakeFiles/my_blink.dir/C_/PicoSDK/pico-sdk/src/rp2_common/hardware_irq/irq.c.obj
 .text.make_branch
                0x100004dc       0x48 my_blink/CMakeFiles/my_blink.dir/C_/PicoSDK/pico-sdk/src/rp2_common/hardware_irq/irq.c.obj
 .text.insert_branch_and_link
                0x10000524       0x40 my_blink/CMakeFiles/my_blink.dir/C_/PicoSDK/pico-sdk/src/rp2_common/hardware_irq/irq.c.obj
 .text.irq_is_enabled
                0x10000564       0x18 my_blink/CMakeFiles/my_blink.dir/C_/PicoSDK/pico-sdk/src/rp2_common/hardware_irq/irq.c.obj
                0x10000564                irq_is_enabled
 .text.irq_set_mask_enabled
                0x1000057c       0x20 my_blink/CMakeFiles/my_blink.dir/C_/PicoSDK/pico-sdk/src/rp2_common/hardware_irq/irq.c.obj
                0x1000057c                irq_set_mask_enabled
 .text.irq_set_enabled
                0x1000059c        0xe my_blink/CMakeFiles/my_blink.dir/C_/PicoSDK/pico-sdk/src/rp2_common/hardware_irq/irq.c.obj
                0x1000059c                irq_set_enabled
 *fill*         0x100005aa        0x2 
 .text.irq_get_vtable_handler
                0x100005ac       0x10 my_blink/CMakeFiles/my_blink.dir/C_/PicoSDK/pico-sdk/src/rp2_common/hardware_irq/irq.c.obj
                0x100005ac                irq_get_vtable_handler
 .text.irq_set_exclusive_handler
                0x100005bc       0x54 my_blink/CMakeFiles/my_blink.dir/C_/PicoSDK/pico-sdk/src/rp2_common/hardware_irq/irq.c.obj
                0x100005bc                irq_set_exclusive_handler
 .text.irq_remove_handler
                0x10000610      0x1ac my_blink/CMakeFiles/my_blink.dir/C_/PicoSDK/pico-sdk/src/rp2_common/hardware_irq/irq.c.obj
                0x10000610                irq_remove_handler
 .text.irq_add_tail_to_free_list
                0x100007bc       0xf0 my_blink/CMakeFiles/my_blink.dir/C_/PicoSDK/pico-sdk/src/rp2_common/hardware_irq/irq.c.obj
                0x100007bc                irq_add_tail_to_free_list
 .text.irq_init_priorities
                0x100008ac       0x1c my_blink/CMakeFiles/my_blink.dir/C_/PicoSDK/pico-sdk/src/rp2_common/hardware_irq/irq.c.obj
                0x100008ac                irq_init_priorities
 .text.lock_init
                0x100008c8       0x10 my_blink/CMakeFiles/my_blink.dir/C_/PicoSDK/pico-sdk/src/common/pico_sync/lock_core.c.obj
                0x100008c8                lock_init
 .text.mutex_init
                0x100008d8       0x1a my_blink/CMakeFiles/my_blink.dir/C_/PicoSDK/pico-sdk/src/common/pico_sync/mutex.c.obj
                0x100008d8                mutex_init
 .text.recursive_mutex_init
                0x100008f2       0x1e my_blink/CMakeFiles/my_blink.dir/C_/PicoSDK/pico-sdk/src/common/pico_sync/mutex.c.obj
                0x100008f2                recursive_mutex_init
 .text.alarm_pool_post_alloc_init
                0x10000910       0x40 my_blink/CMakeFiles/my_blink.dir/C_/PicoSDK/pico-sdk/src/common/pico_time/time.c.obj
 .text.sleep_until_callback
                0x10000950       0x30 my_blink/CMakeFiles/my_blink.dir/C_/PicoSDK/pico-sdk/src/common/pico_time/time.c.obj
 .text.timer_pool_entry_comparator
                0x10000980       0x7c my_blink/CMakeFiles/my_blink.dir/C_/PicoSDK/pico-sdk/src/common/pico_time/time.c.obj
                0x10000980                timer_pool_entry_comparator
 .text.ph_add_child_node
                0x100009fc       0xa4 my_blink/CMakeFiles/my_blink.dir/C_/PicoSDK/pico-sdk/src/common/pico_time/time.c.obj
 .text.ph_merge_nodes
                0x10000aa0       0x3e my_blink/CMakeFiles/my_blink.dir/C_/PicoSDK/pico-sdk/src/common/pico_time/time.c.obj
 *fill*         0x10000ade        0x2 
 .text.add_alarm_under_lock
                0x10000ae0      0x174 my_blink/CMakeFiles/my_blink.dir/C_/PicoSDK/pico-sdk/src/common/pico_time/time.c.obj
 .text.alarm_pool_alarm_callback
                0x10000c54      0x33c my_blink/CMakeFiles/my_blink.dir/C_/PicoSDK/pico-sdk/src/common/pico_time/time.c.obj
 .text.alarm_pool_init_default
                0x10000f90       0x40 my_blink/CMakeFiles/my_blink.dir/C_/PicoSDK/pico-sdk/src/common/pico_time/time.c.obj
                0x10000f90                alarm_pool_init_default
 .text.alarm_pool_get_default
                0x10000fd0       0x2c my_blink/CMakeFiles/my_blink.dir/C_/PicoSDK/pico-sdk/src/common/pico_time/time.c.obj
                0x10000fd0                alarm_pool_get_default
 .text.alarm_pool_add_alarm_at
                0x10000ffc      0x168 my_blink/CMakeFiles/my_blink.dir/C_/PicoSDK/pico-sdk/src/common/pico_time/time.c.obj
                0x10000ffc                alarm_pool_add_alarm_at
 .text.alarm_pool_cancel_alarm
                0x10001164       0xf0 my_blink/CMakeFiles/my_blink.dir/C_/PicoSDK/pico-sdk/src/common/pico_time/time.c.obj
                0x10001164                alarm_pool_cancel_alarm
 .text.sleep_until
                0x10001254       0xfc my_blink/CMakeFiles/my_blink.dir/C_/PicoSDK/pico-sdk/src/common/pico_time/time.c.obj
                0x10001254                sleep_until
 .text.sleep_us
                0x10001350       0x58 my_blink/CMakeFiles/my_blink.dir/C_/PicoSDK/pico-sdk/src/common/pico_time/time.c.obj
                0x10001350                sleep_us
 .text.sleep_ms
                0x100013a8       0x14 my_blink/CMakeFiles/my_blink.dir/C_/PicoSDK/pico-sdk/src/common/pico_time/time.c.obj
                0x100013a8                sleep_ms
 .text.best_effort_wfe_or_timeout
                0x100013bc       0xac my_blink/CMakeFiles/my_blink.dir/C_/PicoSDK/pico-sdk/src/common/pico_time/time.c.obj
                0x100013bc                best_effort_wfe_or_timeout
 .text.hardware_alarm_irq_handler
                0x10001468       0x90 my_blink/CMakeFiles/my_blink.dir/C_/PicoSDK/pico-sdk/src/rp2_common/hardware_timer/timer.c.obj
 .text.hardware_alarm_claim
                0x100014f8       0x18 my_blink/CMakeFiles/my_blink.dir/C_/PicoSDK/pico-sdk/src/rp2_common/hardware_timer/timer.c.obj
                0x100014f8                hardware_alarm_claim
 .text.time_us_64
                0x10001510       0x18 my_blink/CMakeFiles/my_blink.dir/C_/PicoSDK/pico-sdk/src/rp2_common/hardware_timer/timer.c.obj
                0x10001510                time_us_64
 .text.busy_wait_until
                0x10001528       0x28 my_blink/CMakeFiles/my_blink.dir/C_/PicoSDK/pico-sdk/src/rp2_common/hardware_timer/timer.c.obj
                0x10001528                busy_wait_until
 .text.hardware_alarm_set_callback
                0x10001550       0x90 my_blink/CMakeFiles/my_blink.dir/C_/PicoSDK/pico-sdk/src/rp2_common/hardware_timer/timer.c.obj
                0x10001550                hardware_alarm_set_callback
 .text.hardware_alarm_set_target
                0x100015e0       0xe8 my_blink/CMakeFiles/my_blink.dir/C_/PicoSDK/pico-sdk/src/rp2_common/hardware_timer/timer.c.obj
                0x100015e0                hardware_alarm_set_target
 .text.hardware_alarm_cancel
                0x100016c8       0x40 my_blink/CMakeFiles/my_blink.dir/C_/PicoSDK/pico-sdk/src/rp2_common/hardware_timer/timer.c.obj
                0x100016c8                hardware_alarm_cancel
 .text.ph_add_child_node
                0x10001708       0xa4 my_blink/CMakeFiles/my_blink.dir/C_/PicoSDK/pico-sdk/src/common/pico_util/pheap.c.obj
 .text.ph_merge_nodes
                0x100017ac       0x3e my_blink/CMakeFiles/my_blink.dir/C_/PicoSDK/pico-sdk/src/common/pico_util/pheap.c.obj
 *fill*         0x100017ea        0x2 
 .text.ph_clear
                0x100017ec       0x70 my_blink/CMakeFiles/my_blink.dir/C_/PicoSDK/pico-sdk/src/common/pico_util/pheap.c.obj
                0x100017ec                ph_clear
 .text.ph_post_alloc_init
                0x1000185c        0xe my_blink/CMakeFiles/my_blink.dir/C_/PicoSDK/pico-sdk/src/common/pico_util/pheap.c.obj
                0x1000185c                ph_post_alloc_init
 *fill*         0x1000186a        0x2 
 .text.ph_merge_two_pass
                0x1000186c       0xa8 my_blink/CMakeFiles/my_blink.dir/C_/PicoSDK/pico-sdk/src/common/pico_util/pheap.c.obj
                0x1000186c                ph_merge_two_pass
 .text.ph_remove_any_head
                0x10001914      0x128 my_blink/CMakeFiles/my_blink.dir/C_/PicoSDK/pico-sdk/src/common/pico_util/pheap.c.obj
 .text.ph_remove_head
                0x10001a3c       0x14 my_blink/CMakeFiles/my_blink.dir/C_/PicoSDK/pico-sdk/src/common/pico_util/pheap.c.obj
                0x10001a3c                ph_remove_head
 .text.ph_remove_and_free_node
                0x10001a50       0xf8 my_blink/CMakeFiles/my_blink.dir/C_/PicoSDK/pico-sdk/src/common/pico_util/pheap.c.obj
                0x10001a50                ph_remove_and_free_node
 .text.uart_set_baudrate
                0x10001b48       0x5c my_blink/CMakeFiles/my_blink.dir/C_/PicoSDK/pico-sdk/src/rp2_common/hardware_uart/uart.c.obj
                0x10001b48                uart_set_baudrate
 .text.uart_set_translate_crlf
                0x10001ba4       0x28 my_blink/CMakeFiles/my_blink.dir/C_/PicoSDK/pico-sdk/src/rp2_common/hardware_uart/uart.c.obj
                0x10001ba4                uart_set_translate_crlf
 .text.uart_init
                0x10001bcc       0x80 my_blink/CMakeFiles/my_blink.dir/C_/PicoSDK/pico-sdk/src/rp2_common/hardware_uart/uart.c.obj
                0x10001bcc                uart_init
 .text.clock_configure
                0x10001c4c      0x104 my_blink/CMakeFiles/my_blink.dir/C_/PicoSDK/pico-sdk/src/rp2_common/hardware_clocks/clocks.c.obj
                0x10001c4c                clock_configure
 .text.clocks_init
                0x10001d50      0x100 my_blink/CMakeFiles/my_blink.dir/C_/PicoSDK/pico-sdk/src/rp2_common/hardware_clocks/clocks.c.obj
                0x10001d50                clocks_init
 .text.clock_get_hz
                0x10001e50        0xc my_blink/CMakeFiles/my_blink.dir/C_/PicoSDK/pico-sdk/src/rp2_common/hardware_clocks/clocks.c.obj
                0x10001e50                clock_get_hz
 .text.pll_init
                0x10001e5c      0x12c my_blink/CMakeFiles/my_blink.dir/C_/PicoSDK/pico-sdk/src/rp2_common/hardware_pll/pll.c.obj
                0x10001e5c                pll_init
 .text.watchdog_start_tick
                0x10001f88       0x10 my_blink/CMakeFiles/my_blink.dir/C_/PicoSDK/pico-sdk/src/rp2_common/hardware_watchdog/watchdog.c.obj
                0x10001f88                watchdog_start_tick
 .text.xosc_init
                0x10001f98       0x28 my_blink/CMakeFiles/my_blink.dir/C_/PicoSDK/pico-sdk/src/rp2_common/hardware_xosc/xosc.c.obj
                0x10001f98                xosc_init
 .text._exit    0x10001fc0        0x4 my_blink/CMakeFiles/my_blink.dir/C_/PicoSDK/pico-sdk/src/rp2_common/pico_runtime/runtime.c.obj
                0x10001fc0                _exit
 .text.exit     0x10001fc4        0x6 my_blink/CMakeFiles/my_blink.dir/C_/PicoSDK/pico-sdk/src/rp2_common/pico_runtime/runtime.c.obj
                0x10001fc4                exit
 *fill*         0x10001fca        0x2 
 .text.__assert_func
                0x10001fcc       0x3c my_blink/CMakeFiles/my_blink.dir/C_/PicoSDK/pico-sdk/src/rp2_common/pico_runtime/runtime.c.obj
                0x10001fcc                __assert_func
 .text.runtime_init
                0x10002008       0xf8 my_blink/CMakeFiles/my_blink.dir/C_/PicoSDK/pico-sdk/src/rp2_common/pico_runtime/runtime.c.obj
                0x10002008                runtime_init
 .text.panic    0x10002100       0x30 my_blink/CMakeFiles/my_blink.dir/C_/PicoSDK/pico-sdk/src/rp2_common/pico_runtime/runtime.c.obj
                0x10002100                panic
 .text._out_null
                0x10002130        0x2 my_blink/CMakeFiles/my_blink.dir/C_/PicoSDK/pico-sdk/src/rp2_common/pico_printf/printf.c.obj
 .text._out_fct
                0x10002132        0xe my_blink/CMakeFiles/my_blink.dir/C_/PicoSDK/pico-sdk/src/rp2_common/pico_printf/printf.c.obj
 .text._atoi    0x10002140       0x24 my_blink/CMakeFiles/my_blink.dir/C_/PicoSDK/pico-sdk/src/rp2_common/pico_printf/printf.c.obj
 .text._out_rev
                0x10002164       0xae my_blink/CMakeFiles/my_blink.dir/C_/PicoSDK/pico-sdk/src/rp2_common/pico_printf/printf.c.obj
 .text._ntoa_format
                0x10002212      0x112 my_blink/CMakeFiles/my_blink.dir/C_/PicoSDK/pico-sdk/src/rp2_common/pico_printf/printf.c.obj
 .text._ntoa_long
                0x10002324       0xbc my_blink/CMakeFiles/my_blink.dir/C_/PicoSDK/pico-sdk/src/rp2_common/pico_printf/printf.c.obj
 .text._ntoa_long_long
                0x100023e0       0xe2 my_blink/CMakeFiles/my_blink.dir/C_/PicoSDK/pico-sdk/src/rp2_common/pico_printf/printf.c.obj
 *fill*         0x100024c2        0x2 
 .text._etoa    0x100024c4      0x414 my_blink/CMakeFiles/my_blink.dir/C_/PicoSDK/pico-sdk/src/rp2_common/pico_printf/printf.c.obj
 .text._ftoa    0x100028d8      0x354 my_blink/CMakeFiles/my_blink.dir/C_/PicoSDK/pico-sdk/src/rp2_common/pico_printf/printf.c.obj
 .text._vsnprintf
                0x10002c2c      0x624 my_blink/CMakeFiles/my_blink.dir/C_/PicoSDK/pico-sdk/src/rp2_common/pico_printf/printf.c.obj
 .text.vfctprintf
                0x10003250       0x20 my_blink/CMakeFiles/my_blink.dir/C_/PicoSDK/pico-sdk/src/rp2_common/pico_printf/printf.c.obj
                0x10003250                vfctprintf
 .text          0x10003270       0x10 my_blink/CMakeFiles/my_blink.dir/C_/PicoSDK/pico-sdk/src/rp2_common/pico_bit_ops/bit_ops_aeabi.S.obj
 .text.rom_func_lookup
                0x10003280       0x10 my_blink/CMakeFiles/my_blink.dir/C_/PicoSDK/pico-sdk/src/rp2_common/pico_bootrom/bootrom.c.obj
                0x10003280                rom_func_lookup
 .text.rom_data_lookup
                0x10003290       0x10 my_blink/CMakeFiles/my_blink.dir/C_/PicoSDK/pico-sdk/src/rp2_common/pico_bootrom/bootrom.c.obj
                0x10003290                rom_data_lookup
 .text.rom_funcs_lookup
                0x100032a0       0x36 my_blink/CMakeFiles/my_blink.dir/C_/PicoSDK/pico-sdk/src/rp2_common/pico_bootrom/bootrom.c.obj
                0x100032a0                rom_funcs_lookup
 *fill*         0x100032d6        0x2 
 .text.__wrap___aeabi_idiv
                0x100032d8       0x50 my_blink/CMakeFiles/my_blink.dir/C_/PicoSDK/pico-sdk/src/rp2_common/pico_divider/divider.S.obj
                0x100032d8                __wrap___aeabi_idivmod
                0x100032d8                divmod_s32s32
                0x100032d8                div_s32s32
                0x100032d8                __wrap___aeabi_idiv
                0x100032e0                divmod_s32s32_unsafe
                0x1000330c                divmod_s32s32_savestate
 .text.__wrap___aeabi_uidiv
                0x10003328       0x4c my_blink/CMakeFiles/my_blink.dir/C_/PicoSDK/pico-sdk/src/rp2_common/pico_divider/divider.S.obj
                0x10003328                __wrap___aeabi_uidiv
                0x10003328                __wrap___aeabi_uidivmod
                0x10003328                div_u32u32
                0x10003328                divmod_u32u32
                0x10003330                divmod_u32u32_unsafe
                0x10003358                divmod_u32u32_savestate
 .text.__wrap___aeabi_ldiv
                0x10003374      0x424 my_blink/CMakeFiles/my_blink.dir/C_/PicoSDK/pico-sdk/src/rp2_common/pico_divider/divider.S.obj
                0x10003374                div_s64s64
                0x10003374                divmod_s64s64
                0x10003374                __wrap___aeabi_ldivmod
                0x100033a4                divmod_u64u64
                0x100033a4                div_u64u64
                0x100033a4                __wrap___aeabi_uldivmod
                0x100033b4                divmod_u64u64_savestate
                0x100033d4                divmod_s64s64_unsafe
                0x1000345c                divmod_u64u64_unsafe
 .text.__wrap___aeabi_darithmetic
                0x10003798       0x80 my_blink/CMakeFiles/my_blink.dir/C_/PicoSDK/pico-sdk/src/rp2_common/pico_double/double_aeabi.S.obj
                0x10003798                __wrap___aeabi_drsub
                0x1000379e                __wrap___aeabi_dsub
                0x100037b0                __wrap___aeabi_dadd
                0x100037c2                __wrap___aeabi_ddiv
                0x100037fe                __wrap___aeabi_dmul
 .text.__wrap___aeabi_cdcmple
                0x10003818       0x6c my_blink/CMakeFiles/my_blink.dir/C_/PicoSDK/pico-sdk/src/rp2_common/pico_double/double_aeabi.S.obj
                0x10003818                __wrap___aeabi_cdrcmple
                0x10003828                __wrap___aeabi_cdcmpeq
                0x10003828                __wrap___aeabi_cdcmple
 .text.__wrap___aeabi_dcmplt
                0x10003884        0xc my_blink/CMakeFiles/my_blink.dir/C_/PicoSDK/pico-sdk/src/rp2_common/pico_double/double_aeabi.S.obj
                0x10003884                __wrap___aeabi_dcmplt
 .text.__wrap___aeabi_dcmple
                0x10003890       0x10 my_blink/CMakeFiles/my_blink.dir/C_/PicoSDK/pico-sdk/src/rp2_common/pico_double/double_aeabi.S.obj
                0x10003890                __wrap___aeabi_dcmple
 .text.__wrap___aeabi_dcmpge
                0x100038a0       0x10 my_blink/CMakeFiles/my_blink.dir/C_/PicoSDK/pico-sdk/src/rp2_common/pico_double/double_aeabi.S.obj
                0x100038a0                __wrap___aeabi_dcmpge
 .text.__wrap___aeabi_dcmpgt
                0x100038b0        0xa my_blink/CMakeFiles/my_blink.dir/C_/PicoSDK/pico-sdk/src/rp2_common/pico_double/double_aeabi.S.obj
                0x100038b0                __wrap___aeabi_dcmpgt
 .text.__wrap___aeabi_dcmpun
                0x100038ba       0x1c my_blink/CMakeFiles/my_blink.dir/C_/PicoSDK/pico-sdk/src/rp2_common/pico_double/double_aeabi.S.obj
                0x100038ba                __wrap___aeabi_dcmpun
 *fill*         0x100038d6        0x2 
 .text.__wrap___aeabi_i2d
                0x100038d8       0x38 my_blink/CMakeFiles/my_blink.dir/C_/PicoSDK/pico-sdk/src/rp2_common/pico_double/double_aeabi.S.obj
                0x100038d8                __wrap___aeabi_ui2d
                0x100038e0                __wrap___aeabi_i2d
 .text.__wrap___aeabi_d2iz
                0x10003910       0x48 my_blink/CMakeFiles/my_blink.dir/C_/PicoSDK/pico-sdk/src/rp2_common/pico_double/double_aeabi.S.obj
                0x10003910                double2int_z
                0x10003910                __wrap___aeabi_d2iz
 .text.__wrap___aeabi_d2uiz
                0x10003958       0x18 my_blink/CMakeFiles/my_blink.dir/C_/PicoSDK/pico-sdk/src/rp2_common/pico_double/double_aeabi.S.obj
                0x10003958                __wrap___aeabi_d2uiz
                0x10003958                double2uint
 .text.__aeabi_double_init
                0x10003970       0xc8 my_blink/CMakeFiles/my_blink.dir/C_/PicoSDK/pico-sdk/src/rp2_common/pico_double/double_init_rom.c.obj
                0x10003970                __aeabi_double_init
 .text.double_table_shim_on_use_helper
                0x10003a38       0x34 my_blink/CMakeFiles/my_blink.dir/C_/PicoSDK/pico-sdk/src/rp2_common/pico_double/double_v1_rom_shim.S.obj
                0x10003a38                double_table_shim_on_use_helper
 .text.__wrap___aeabi_dsub
                0x10003a6c       0x10 my_blink/CMakeFiles/my_blink.dir/C_/PicoSDK/pico-sdk/src/rp2_common/pico_double/double_v1_rom_shim.S.obj
                0x10003a6c                drsub_shim
                0x10003a72                dsub_shim
 .text.dadd_shim
                0x10003a7c      0x15c my_blink/CMakeFiles/my_blink.dir/C_/PicoSDK/pico-sdk/src/rp2_common/pico_double/double_v1_rom_shim.S.obj
                0x10003a7c                dadd_shim
 .text.dmul_shim
                0x10003bd8      0x15c my_blink/CMakeFiles/my_blink.dir/C_/PicoSDK/pico-sdk/src/rp2_common/pico_double/double_v1_rom_shim.S.obj
                0x10003bd8                dmul_shim
 .text.ddiv_shim
                0x10003d34      0x1b0 my_blink/CMakeFiles/my_blink.dir/C_/PicoSDK/pico-sdk/src/rp2_common/pico_double/double_v1_rom_shim.S.obj
                0x10003d34                ddiv_shim
 .text.double2uint_shim
                0x10003ee4        0xe my_blink/CMakeFiles/my_blink.dir/C_/PicoSDK/pico-sdk/src/rp2_common/pico_double/double_v1_rom_shim.S.obj
                0x10003ee4                double2uint_shim
                0x10003ee6                double2ufix_shim
 *fill*         0x10003ef2        0x2 
 .text.double2uint64_shim
                0x10003ef4       0x70 my_blink/CMakeFiles/my_blink.dir/C_/PicoSDK/pico-sdk/src/rp2_common/pico_double/double_v1_rom_shim.S.obj
                0x10003ef4                double2uint64_shim
                0x10003ef6                double2ufix64_shim
                0x10003f16                d2fix_a
 .text.dunpacks
                0x10003f64       0x3c my_blink/CMakeFiles/my_blink.dir/C_/PicoSDK/pico-sdk/src/rp2_common/pico_double/double_v1_rom_shim.S.obj
                0x10003f64                dunpacks
 .text.__aeabi_lmul
                0x10003fa0       0x32 my_blink/CMakeFiles/my_blink.dir/C_/PicoSDK/pico-sdk/src/rp2_common/pico_int64_ops/pico_int64_ops_aeabi.S.obj
                0x10003fa0                __wrap___aeabi_lmul
 *fill*         0x10003fd2        0x2 
 .text.__aeabi_float_init
                0x10003fd4       0xfc my_blink/CMakeFiles/my_blink.dir/C_/PicoSDK/pico-sdk/src/rp2_common/pico_float/float_init_rom.c.obj
                0x10003fd4                __aeabi_float_init
 .text.float_table_shim_on_use_helper
                0x100040d0       0x34 my_blink/CMakeFiles/my_blink.dir/C_/PicoSDK/pico-sdk/src/rp2_common/pico_float/float_v1_rom_shim.S.obj
                0x100040d0                float_table_shim_on_use_helper
 .text          0x10004104       0x10 my_blink/CMakeFiles/my_blink.dir/C_/PicoSDK/pico-sdk/src/rp2_common/pico_mem_ops/mem_ops_aeabi.S.obj
                0x10004104                __aeabi_mem_init
 .text.memset   0x10004114        0xc my_blink/CMakeFiles/my_blink.dir/C_/PicoSDK/pico-sdk/src/rp2_common/pico_mem_ops/mem_ops_aeabi.S.obj
                0x10004114                __wrap_memset
 .text.memcpy   0x10004120        0xc my_blink/CMakeFiles/my_blink.dir/C_/PicoSDK/pico-sdk/src/rp2_common/pico_mem_ops/mem_ops_aeabi.S.obj
                0x10004120                __wrap_memcpy
                0x10004120                __wrap___aeabi_memcpy
 .text.stdio_out_chars_no_crlf
                0x1000412c        0xe my_blink/CMakeFiles/my_blink.dir/C_/PicoSDK/pico-sdk/src/rp2_common/pico_stdio/stdio.c.obj
 *fill*         0x1000413a        0x2 
 .text.stdio_out_chars_crlf
                0x1000413c       0x80 my_blink/CMakeFiles/my_blink.dir/C_/PicoSDK/pico-sdk/src/rp2_common/pico_stdio/stdio.c.obj
 .text.stdio_stack_buffer_flush
                0x100041bc       0x44 my_blink/CMakeFiles/my_blink.dir/C_/PicoSDK/pico-sdk/src/rp2_common/pico_stdio/stdio.c.obj
 .text.stdio_buffered_printer
                0x10004200       0x20 my_blink/CMakeFiles/my_blink.dir/C_/PicoSDK/pico-sdk/src/rp2_common/pico_stdio/stdio.c.obj
 .text.stdout_serialize_begin
                0x10004220       0x5c my_blink/CMakeFiles/my_blink.dir/C_/PicoSDK/pico-sdk/src/rp2_common/pico_stdio/stdio.c.obj
                0x10004220                stdout_serialize_begin
 .text.stdout_serialize_end
                0x1000427c       0x10 my_blink/CMakeFiles/my_blink.dir/C_/PicoSDK/pico-sdk/src/rp2_common/pico_stdio/stdio.c.obj
                0x1000427c                stdout_serialize_end
 .text.stdio_put_string
                0x1000428c       0x98 my_blink/CMakeFiles/my_blink.dir/C_/PicoSDK/pico-sdk/src/rp2_common/pico_stdio/stdio.c.obj
 .text.stdio_flush
                0x10004324       0x20 my_blink/CMakeFiles/my_blink.dir/C_/PicoSDK/pico-sdk/src/rp2_common/pico_stdio/stdio.c.obj
                0x10004324                stdio_flush
 .text.__wrap_puts
                0x10004344       0x1e my_blink/CMakeFiles/my_blink.dir/C_/PicoSDK/pico-sdk/src/rp2_common/pico_stdio/stdio.c.obj
                0x10004344                __wrap_puts
 *fill*         0x10004362        0x2 
 .text.__wrap_vprintf
                0x10004364       0x40 my_blink/CMakeFiles/my_blink.dir/C_/PicoSDK/pico-sdk/src/rp2_common/pico_stdio/stdio.c.obj
                0x10004364                __wrap_vprintf
 .text.__wrap_printf
                0x100043a4       0x18 my_blink/CMakeFiles/my_blink.dir/C_/PicoSDK/pico-sdk/src/rp2_common/pico_stdio/stdio.c.obj
                0x100043a4                __wrap_printf
 .text._retrieve_unique_id_on_boot
                0x100043bc       0x10 my_blink/CMakeFiles/my_blink.dir/C_/PicoSDK/pico-sdk/src/rp2_common/pico_unique_id/unique_id.c.obj
 .text.flash_get_unique_id
                0x100043cc       0x46 my_blink/CMakeFiles/my_blink.dir/C_/PicoSDK/pico-sdk/src/rp2_common/hardware_flash/flash.c.obj
                0x100043cc                flash_get_unique_id
 *fill*         0x10004412        0x2 
 .text.strlen   0x10004414       0x5c c:/picosdk/gcc-arm-none-eabi/bin/../lib/gcc/arm-none-eabi/10.3.1/../../../../arm-none-eabi/lib/thumb/v6-m/nofp\libg.a(lib_a-strlen-stub.o)
                0x10004414                strlen
 *(.fini)
 .fini          0x10004470        0x4 c:/picosdk/gcc-arm-none-eabi/bin/../lib/gcc/arm-none-eabi/10.3.1/thumb/v6-m/nofp/crti.o
                0x10004470                _fini
 *fill*         0x10004474        0x4 
 .fini.__stub   0x10004478       0x50 linker stubs
 *crtbegin.o(.ctors)
 *crtbegin?.o(.ctors)
 *(EXCLUDE_FILE(*crtend.o *crtend?.o) .ctors)
 *(SORT_BY_NAME(.ctors.*))
 *(.ctors)
 *crtbegin.o(.dtors)
 *crtbegin?.o(.dtors)
 *(EXCLUDE_FILE(*crtend.o *crtend?.o) .dtors)
 *(SORT_BY_NAME(.dtors.*))
 *(.dtors)
 *(.eh_frame*)
 .eh_frame      0x100044c8        0x0 c:/picosdk/gcc-arm-none-eabi/bin/../lib/gcc/arm-none-eabi/10.3.1/thumb/v6-m/nofp/crtbegin.o
                0x100044c8                . = ALIGN (0x4)

.glue_7         0x100044c8        0x0
 .glue_7        0x100044c8        0x0 linker stubs

.glue_7t        0x100044c8        0x0
 .glue_7t       0x100044c8        0x0 linker stubs

.vfp11_veneer   0x100044c8        0x0
 .vfp11_veneer  0x100044c8        0x0 linker stubs

.v4_bx          0x100044c8        0x0
 .v4_bx         0x100044c8        0x0 linker stubs

.iplt           0x100044c8        0x0
 .iplt          0x100044c8        0x0 c:/picosdk/gcc-arm-none-eabi/bin/../lib/gcc/arm-none-eabi/10.3.1/thumb/v6-m/nofp/crtbegin.o

.rodata         0x100044c8     0x1044
 *(EXCLUDE_FILE(*libm.a: *libc.a:*lib_a-mem*.o *libgcc.a:) .rodata*)
 .rodata.main.str1.4
                0x100044c8       0x20 my_blink/CMakeFiles/my_blink.dir/my_blink.c.obj
 .rodata.__bi_102.0
                0x100044e8        0x8 my_blink/CMakeFiles/my_blink.dir/C_/PicoSDK/pico-sdk/src/rp2_common/pico_stdlib/stdlib.c.obj
 .rodata.make_branch.str1.4
                0x100044f0       0x66 my_blink/CMakeFiles/my_blink.dir/C_/PicoSDK/pico-sdk/src/rp2_common/hardware_irq/irq.c.obj
 *fill*         0x10004556        0x2 
 .rodata.insert_branch_and_link.str1.4
                0x10004558       0x10 my_blink/CMakeFiles/my_blink.dir/C_/PicoSDK/pico-sdk/src/rp2_common/hardware_irq/irq.c.obj
 .rodata.irq_set_exclusive_handler.str1.4
                0x10004568       0x36 my_blink/CMakeFiles/my_blink.dir/C_/PicoSDK/pico-sdk/src/rp2_common/hardware_irq/irq.c.obj
 *fill*         0x1000459e        0x2 
 .rodata.irq_add_shared_handler.str1.4
                0x100045a0       0xd9 my_blink/CMakeFiles/my_blink.dir/C_/PicoSDK/pico-sdk/src/rp2_common/hardware_irq/irq.c.obj
 *fill*         0x10004679        0x3 
 .rodata.irq_remove_handler.str1.4
                0x1000467c       0x3a my_blink/CMakeFiles/my_blink.dir/C_/PicoSDK/pico-sdk/src/rp2_common/hardware_irq/irq.c.obj
 *fill*         0x100046b6        0x2 
 .rodata.irq_add_tail_to_free_list.str1.4
                0x100046b8       0x3a my_blink/CMakeFiles/my_blink.dir/C_/PicoSDK/pico-sdk/src/rp2_common/hardware_irq/irq.c.obj
 *fill*         0x100046f2        0x2 
 .rodata.__func__.0
                0x100046f4       0x1a my_blink/CMakeFiles/my_blink.dir/C_/PicoSDK/pico-sdk/src/rp2_common/hardware_irq/irq.c.obj
 *fill*         0x1000470e        0x2 
 .rodata.__func__.1
                0x10004710       0x17 my_blink/CMakeFiles/my_blink.dir/C_/PicoSDK/pico-sdk/src/rp2_common/hardware_irq/irq.c.obj
 *fill*         0x10004727        0x1 
 .rodata.__func__.2
                0x10004728       0x13 my_blink/CMakeFiles/my_blink.dir/C_/PicoSDK/pico-sdk/src/rp2_common/hardware_irq/irq.c.obj
 *fill*         0x1000473b        0x1 
 .rodata.__func__.3
                0x1000473c        0xc my_blink/CMakeFiles/my_blink.dir/C_/PicoSDK/pico-sdk/src/rp2_common/hardware_irq/irq.c.obj
 .rodata.__func__.4
                0x10004748        0xf my_blink/CMakeFiles/my_blink.dir/C_/PicoSDK/pico-sdk/src/rp2_common/hardware_irq/irq.c.obj
 *fill*         0x10004757        0x1 
 .rodata.__func__.6
                0x10004758       0x1a my_blink/CMakeFiles/my_blink.dir/C_/PicoSDK/pico-sdk/src/rp2_common/hardware_irq/irq.c.obj
 *fill*         0x10004772        0x2 
 .rodata.str1.4
                0x10004774       0xe1 my_blink/CMakeFiles/my_blink.dir/C_/PicoSDK/pico-sdk/src/common/pico_sync/mutex.c.obj
 *fill*         0x10004855        0x3 
 .rodata.__func__.1
                0x10004858        0xb my_blink/CMakeFiles/my_blink.dir/C_/PicoSDK/pico-sdk/src/common/pico_sync/mutex.c.obj
 *fill*         0x10004863        0x1 
 .rodata.__func__.3
                0x10004864       0x18 my_blink/CMakeFiles/my_blink.dir/C_/PicoSDK/pico-sdk/src/common/pico_sync/mutex.c.obj
 .rodata.repeating_timer_callback.str1.4
                0x1000487c       0x44 my_blink/CMakeFiles/my_blink.dir/C_/PicoSDK/pico-sdk/src/common/pico_time/time.c.obj
 .rodata.timer_pool_entry_comparator.str1.4
                0x100048c0       0x22 my_blink/CMakeFiles/my_blink.dir/C_/PicoSDK/pico-sdk/src/common/pico_time/time.c.obj
 *fill*         0x100048e2        0x2 
 .rodata.ph_add_child_node.str1.4
                0x100048e4       0x8e my_blink/CMakeFiles/my_blink.dir/C_/PicoSDK/pico-sdk/src/common/pico_time/time.c.obj
 *fill*         0x10004972        0x2 
 .rodata.add_alarm_under_lock.str1.4
                0x10004974       0x28 my_blink/CMakeFiles/my_blink.dir/C_/PicoSDK/pico-sdk/src/common/pico_time/time.c.obj
                                 0x2b (size before relaxing)
 .rodata.alarm_pool_alarm_callback.str1.4
                0x1000499c       0x98 my_blink/CMakeFiles/my_blink.dir/C_/PicoSDK/pico-sdk/src/common/pico_time/time.c.obj
                                 0xf4 (size before relaxing)
 .rodata.alarm_pool_get_default.str1.4
                0x10004a34       0x21 my_blink/CMakeFiles/my_blink.dir/C_/PicoSDK/pico-sdk/src/common/pico_time/time.c.obj
 *fill*         0x10004a55        0x3 
 .rodata.alarm_pool_cancel_alarm.str1.4
                0x10004a58       0x27 my_blink/CMakeFiles/my_blink.dir/C_/PicoSDK/pico-sdk/src/common/pico_time/time.c.obj
 *fill*         0x10004a7f        0x1 
 .rodata.sleep_until.str1.4
                0x10004a80       0x4d my_blink/CMakeFiles/my_blink.dir/C_/PicoSDK/pico-sdk/src/common/pico_time/time.c.obj
 *fill*         0x10004acd        0x3 
 .rodata.__func__.1
                0x10004ad0       0x18 my_blink/CMakeFiles/my_blink.dir/C_/PicoSDK/pico-sdk/src/common/pico_time/time.c.obj
 .rodata.__func__.10
                0x10004ae8       0x15 my_blink/CMakeFiles/my_blink.dir/C_/PicoSDK/pico-sdk/src/common/pico_time/time.c.obj
 *fill*         0x10004afd        0x3 
 .rodata.__func__.11
                0x10004b00       0x1a my_blink/CMakeFiles/my_blink.dir/C_/PicoSDK/pico-sdk/src/common/pico_time/time.c.obj
 *fill*         0x10004b1a        0x2 
 .rodata.__func__.12
                0x10004b1c        0xa my_blink/CMakeFiles/my_blink.dir/C_/PicoSDK/pico-sdk/src/common/pico_time/time.c.obj
 *fill*         0x10004b26        0x2 
 .rodata.__func__.3
                0x10004b28       0x17 my_blink/CMakeFiles/my_blink.dir/C_/PicoSDK/pico-sdk/src/common/pico_time/time.c.obj
 *fill*         0x10004b3f        0x1 
 .rodata.__func__.4
                0x10004b40       0x12 my_blink/CMakeFiles/my_blink.dir/C_/PicoSDK/pico-sdk/src/common/pico_time/time.c.obj
 *fill*         0x10004b52        0x2 
 .rodata.__func__.5
                0x10004b54        0xd my_blink/CMakeFiles/my_blink.dir/C_/PicoSDK/pico-sdk/src/common/pico_time/time.c.obj
 *fill*         0x10004b61        0x3 
 .rodata.__func__.6
                0x10004b64       0x12 my_blink/CMakeFiles/my_blink.dir/C_/PicoSDK/pico-sdk/src/common/pico_time/time.c.obj
 *fill*         0x10004b76        0x2 
 .rodata.__func__.7
                0x10004b78        0xf my_blink/CMakeFiles/my_blink.dir/C_/PicoSDK/pico-sdk/src/common/pico_time/time.c.obj
 *fill*         0x10004b87        0x1 
 .rodata.__func__.8
                0x10004b88        0xc my_blink/CMakeFiles/my_blink.dir/C_/PicoSDK/pico-sdk/src/common/pico_time/time.c.obj
 .rodata.__func__.9
                0x10004b94       0x15 my_blink/CMakeFiles/my_blink.dir/C_/PicoSDK/pico-sdk/src/common/pico_time/time.c.obj
 *fill*         0x10004ba9        0x3 
 .rodata.hardware_alarm_claim.str1.4
                0x10004bac       0x22 my_blink/CMakeFiles/my_blink.dir/C_/PicoSDK/pico-sdk/src/rp2_common/hardware_timer/timer.c.obj
 *fill*         0x10004bce        0x2 
 .rodata.hardware_alarm_set_target.str1.4
                0x10004bd0       0x5e my_blink/CMakeFiles/my_blink.dir/C_/PicoSDK/pico-sdk/src/rp2_common/hardware_timer/timer.c.obj
 *fill*         0x10004c2e        0x2 
 .rodata.__func__.0
                0x10004c30       0x1a my_blink/CMakeFiles/my_blink.dir/C_/PicoSDK/pico-sdk/src/rp2_common/hardware_timer/timer.c.obj
 .rodata.ph_add_child_node.str1.4
                0x10004c4a       0x8e my_blink/CMakeFiles/my_blink.dir/C_/PicoSDK/pico-sdk/src/common/pico_util/pheap.c.obj
 *fill*         0x10004c4a        0x2 
 .rodata.ph_remove_any_head.str1.4
                0x10004c4c       0x88 my_blink/CMakeFiles/my_blink.dir/C_/PicoSDK/pico-sdk/src/common/pico_util/pheap.c.obj
                                 0x9c (size before relaxing)
 .rodata.ph_remove_and_free_node.str1.4
                0x10004cd4       0x1e my_blink/CMakeFiles/my_blink.dir/C_/PicoSDK/pico-sdk/src/common/pico_util/pheap.c.obj
                                 0x26 (size before relaxing)
 *fill*         0x10004cf2        0x2 
 .rodata.__func__.0
                0x10004cf4       0x18 my_blink/CMakeFiles/my_blink.dir/C_/PicoSDK/pico-sdk/src/common/pico_util/pheap.c.obj
 .rodata.__func__.1
                0x10004d0c       0x13 my_blink/CMakeFiles/my_blink.dir/C_/PicoSDK/pico-sdk/src/common/pico_util/pheap.c.obj
 *fill*         0x10004d1f        0x1 
 .rodata.__func__.2
                0x10004d20       0x12 my_blink/CMakeFiles/my_blink.dir/C_/PicoSDK/pico-sdk/src/common/pico_util/pheap.c.obj
 *fill*         0x10004d32        0x2 
 .rodata.__func__.3
                0x10004d34        0xc my_blink/CMakeFiles/my_blink.dir/C_/PicoSDK/pico-sdk/src/common/pico_util/pheap.c.obj
 .rodata.clock_configure.str1.4
                0x10004d40       0x50 my_blink/CMakeFiles/my_blink.dir/C_/PicoSDK/pico-sdk/src/rp2_common/hardware_clocks/clocks.c.obj
 .rodata.__func__.1
                0x10004d90       0x10 my_blink/CMakeFiles/my_blink.dir/C_/PicoSDK/pico-sdk/src/rp2_common/hardware_clocks/clocks.c.obj
 .rodata.pll_init.str1.4
                0x10004da0      0x11b my_blink/CMakeFiles/my_blink.dir/C_/PicoSDK/pico-sdk/src/rp2_common/hardware_pll/pll.c.obj
 *fill*         0x10004ebb        0x1 
 .rodata.__func__.0
                0x10004ebc        0x9 my_blink/CMakeFiles/my_blink.dir/C_/PicoSDK/pico-sdk/src/rp2_common/hardware_pll/pll.c.obj
 *fill*         0x10004ec5        0x3 
 .rodata.__assert_func.str1.4
                0x10004ec8       0x3f my_blink/CMakeFiles/my_blink.dir/C_/PicoSDK/pico-sdk/src/rp2_common/pico_runtime/runtime.c.obj
                                 0x43 (size before relaxing)
 *fill*         0x10004f07        0x1 
 .rodata.runtime_init.str1.4
                0x10004f08       0x5a my_blink/CMakeFiles/my_blink.dir/C_/PicoSDK/pico-sdk/src/rp2_common/pico_runtime/runtime.c.obj
 *fill*         0x10004f62        0x2 
 .rodata.panic.str1.4
                0x10004f64       0x12 my_blink/CMakeFiles/my_blink.dir/C_/PicoSDK/pico-sdk/src/rp2_common/pico_runtime/runtime.c.obj
 *fill*         0x10004f76        0x2 
 .rodata.__func__.2
                0x10004f78        0xd my_blink/CMakeFiles/my_blink.dir/C_/PicoSDK/pico-sdk/src/rp2_common/pico_runtime/runtime.c.obj
 *fill*         0x10004f85        0x3 
 .rodata._ftoa.str1.4
                0x10004f88       0x15 my_blink/CMakeFiles/my_blink.dir/C_/PicoSDK/pico-sdk/src/rp2_common/pico_printf/printf.c.obj
 *fill*         0x10004f9d        0x3 
 .rodata._vsnprintf
                0x10004fa0      0x1e0 my_blink/CMakeFiles/my_blink.dir/C_/PicoSDK/pico-sdk/src/rp2_common/pico_printf/printf.c.obj
 .rodata.pow10.0
                0x10005180       0x50 my_blink/CMakeFiles/my_blink.dir/C_/PicoSDK/pico-sdk/src/rp2_common/pico_printf/printf.c.obj
 .rodata.__aeabi_double_init.str1.4
                0x100051d0       0xa1 my_blink/CMakeFiles/my_blink.dir/C_/PicoSDK/pico-sdk/src/rp2_common/pico_double/double_init_rom.c.obj
 *fill*         0x10005271        0x3 
 .rodata.__func__.0
                0x10005274       0x14 my_blink/CMakeFiles/my_blink.dir/C_/PicoSDK/pico-sdk/src/rp2_common/pico_double/double_init_rom.c.obj
 .rodata.__aeabi_float_init.str1.4
                0x10005288       0x73 my_blink/CMakeFiles/my_blink.dir/C_/PicoSDK/pico-sdk/src/rp2_common/pico_float/float_init_rom.c.obj
                                 0x77 (size before relaxing)
 *fill*         0x100052fb        0x1 
 .rodata.__func__.0
                0x100052fc       0x13 my_blink/CMakeFiles/my_blink.dir/C_/PicoSDK/pico-sdk/src/rp2_common/pico_float/float_init_rom.c.obj
 *fill*         0x1000530f        0x1 
 .rodata.str1.4
                0x10005310       0x4c my_blink/CMakeFiles/my_blink.dir/C_/PicoSDK/pico-sdk/src/rp2_common/pico_standard_link/binary_info.c.obj
 .rodata.__bi_44
                0x1000535c        0xc my_blink/CMakeFiles/my_blink.dir/C_/PicoSDK/pico-sdk/src/rp2_common/pico_standard_link/binary_info.c.obj
 .rodata.__bi_69
                0x10005368        0xc my_blink/CMakeFiles/my_blink.dir/C_/PicoSDK/pico-sdk/src/rp2_common/pico_standard_link/binary_info.c.obj
 .rodata.__bi_75
                0x10005374        0xc my_blink/CMakeFiles/my_blink.dir/C_/PicoSDK/pico-sdk/src/rp2_common/pico_standard_link/binary_info.c.obj
 .rodata.__bi_81
                0x10005380        0xc my_blink/CMakeFiles/my_blink.dir/C_/PicoSDK/pico-sdk/src/rp2_common/pico_standard_link/binary_info.c.obj
 .rodata.stdout_serialize_begin.str1.4
                0x1000538c       0x5a my_blink/CMakeFiles/my_blink.dir/C_/PicoSDK/pico-sdk/src/rp2_common/pico_stdio/stdio.c.obj
 .rodata.__func__.3
                0x1000538c       0x15 my_blink/CMakeFiles/my_blink.dir/C_/PicoSDK/pico-sdk/src/rp2_common/pico_stdio/stdio.c.obj
 *fill*         0x100053a1        0x3 
 .rodata.crlf_str.2
                0x100053a4        0x2 my_blink/CMakeFiles/my_blink.dir/C_/PicoSDK/pico-sdk/src/rp2_common/pico_stdio/stdio.c.obj
 *fill*         0x100053a6        0x2 
 .rodata.str1.4
                0x100053a8      0x152 my_blink/CMakeFiles/my_blink.dir/C_/PicoSDK/pico-sdk/src/rp2_common/hardware_flash/flash.c.obj
 *fill*         0x100054fa        0x2 
 .rodata.__func__.0
                0x100054fc        0xd my_blink/CMakeFiles/my_blink.dir/C_/PicoSDK/pico-sdk/src/rp2_common/hardware_flash/flash.c.obj
                0x1000550c                . = ALIGN (0x4)
 *fill*         0x10005509        0x3 
 *(SORT_BY_ALIGNMENT(SORT_BY_NAME(.flashdata*)))
                0x1000550c                . = ALIGN (0x4)

.rel.dyn        0x1000550c        0x0
 .rel.iplt      0x1000550c        0x0 c:/picosdk/gcc-arm-none-eabi/bin/../lib/gcc/arm-none-eabi/10.3.1/thumb/v6-m/nofp/crtbegin.o

.ARM.extab
 *(.ARM.extab* .gnu.linkonce.armextab.*)
                0x1000550c                __exidx_start = .

.ARM.exidx
 *(.ARM.exidx* .gnu.linkonce.armexidx.*)
                0x1000550c                __exidx_end = .
                0x1000550c                . = ALIGN (0x4)
                0x1000550c                __binary_info_start = .

.binary_info    0x1000550c       0x24
 *(.binary_info.keep.*)
 .binary_info.keep.__bi_ptr22
                0x1000550c        0x4 my_blink/CMakeFiles/my_blink.dir/C_/PicoSDK/pico-sdk/src/rp2_common/pico_standard_link/binary_info.c.obj
 .binary_info.keep.__bi_ptr30
                0x10005510        0x4 my_blink/CMakeFiles/my_blink.dir/C_/PicoSDK/pico-sdk/src/rp2_common/pico_standard_link/binary_info.c.obj
 .binary_info.keep.__bi_ptr38
                0x10005514        0x4 my_blink/CMakeFiles/my_blink.dir/C_/PicoSDK/pico-sdk/src/rp2_common/pico_standard_link/binary_info.c.obj
 .binary_info.keep.__bi_ptr44
                0x10005518        0x4 my_blink/CMakeFiles/my_blink.dir/C_/PicoSDK/pico-sdk/src/rp2_common/pico_standard_link/binary_info.c.obj
 .binary_info.keep.__bi_ptr50
                0x1000551c        0x4 my_blink/CMakeFiles/my_blink.dir/C_/PicoSDK/pico-sdk/src/rp2_common/pico_standard_link/binary_info.c.obj
 .binary_info.keep.__bi_ptr69
                0x10005520        0x4 my_blink/CMakeFiles/my_blink.dir/C_/PicoSDK/pico-sdk/src/rp2_common/pico_standard_link/binary_info.c.obj
 .binary_info.keep.__bi_ptr75
                0x10005524        0x4 my_blink/CMakeFiles/my_blink.dir/C_/PicoSDK/pico-sdk/src/rp2_common/pico_standard_link/binary_info.c.obj
 .binary_info.keep.__bi_ptr81
                0x10005528        0x4 my_blink/CMakeFiles/my_blink.dir/C_/PicoSDK/pico-sdk/src/rp2_common/pico_standard_link/binary_info.c.obj
 *(.binary_info.*)
 .binary_info.__bi_ptr102
                0x1000552c        0x4 my_blink/CMakeFiles/my_blink.dir/C_/PicoSDK/pico-sdk/src/rp2_common/pico_stdlib/stdlib.c.obj
                0x10005530                __binary_info_end = .
                0x10005530                . = ALIGN (0x4)
                0x10005530                __etext = .

.ram_vector_table
                0x20000000       0xc0
 *(.ram_vector_table)
 .ram_vector_table
                0x20000000       0xc0 my_blink/CMakeFiles/my_blink.dir/C_/PicoSDK/pico-sdk/src/rp2_common/pico_runtime/runtime.c.obj
                0x20000000                ram_vector_table

.data           0x200000c0      0x370 load address 0x10005530
                0x200000c0                __data_start__ = .
 *(vtable)
 *(.time_critical*)
 .time_critical.mutex_try_enter
                0x200000c0       0x46 my_blink/CMakeFiles/my_blink.dir/C_/PicoSDK/pico-sdk/src/common/pico_sync/mutex.c.obj
                0x200000c0                mutex_try_enter
 *fill*         0x20000106        0x2 
 .time_critical.mutex_enter_block_until
                0x20000108       0x8c my_blink/CMakeFiles/my_blink.dir/C_/PicoSDK/pico-sdk/src/common/pico_sync/mutex.c.obj
                0x20000108                mutex_enter_block_until
 .time_critical.mutex_try_enter_block_until
                0x20000194       0x34 my_blink/CMakeFiles/my_blink.dir/C_/PicoSDK/pico-sdk/src/common/pico_sync/mutex.c.obj
                0x20000194                mutex_try_enter_block_until
 .time_critical.mutex_exit
                0x200001c8       0x4c my_blink/CMakeFiles/my_blink.dir/C_/PicoSDK/pico-sdk/src/common/pico_sync/mutex.c.obj
                0x200001c8                mutex_exit
 .time_critical.flash_init_boot2_copyout
                0x20000214       0x30 my_blink/CMakeFiles/my_blink.dir/C_/PicoSDK/pico-sdk/src/rp2_common/hardware_flash/flash.c.obj
 .time_critical.flash_enable_xip_via_boot2
                0x20000244       0x10 my_blink/CMakeFiles/my_blink.dir/C_/PicoSDK/pico-sdk/src/rp2_common/hardware_flash/flash.c.obj
 .time_critical.flash_cs_force
                0x20000254       0x28 my_blink/CMakeFiles/my_blink.dir/C_/PicoSDK/pico-sdk/src/rp2_common/hardware_flash/flash.c.obj
 .time_critical.flash_do_cmd
                0x2000027c       0xd8 my_blink/CMakeFiles/my_blink.dir/C_/PicoSDK/pico-sdk/src/rp2_common/hardware_flash/flash.c.obj
                0x2000027c                flash_do_cmd
 *(.text*)
 .text          0x20000354        0x4 c:/picosdk/gcc-arm-none-eabi/bin/../lib/gcc/arm-none-eabi/10.3.1/thumb/v6-m/nofp\libgcc.a(_dvmd_tls.o)
                0x20000354                __aeabi_idiv0
                0x20000354                __aeabi_ldiv0
 .text.__stub   0x20000358       0x20 linker stubs
                0x20000378                . = ALIGN (0x4)
 *(.rodata*)
                0x20000378                . = ALIGN (0x4)
 *(.data*)
 .data.striped_spin_lock_num
                0x20000378        0x1 my_blink/CMakeFiles/my_blink.dir/C_/PicoSDK/pico-sdk/src/rp2_common/hardware_sync/sync.c.obj
 *fill*         0x20000379        0x3 
 .data          0x2000037c       0x48 my_blink/CMakeFiles/my_blink.dir/C_/PicoSDK/pico-sdk/src/rp2_common/hardware_irq/irq_handler_chain.S.obj
                0x2000037c                irq_handler_chain_slots
                0x200003ac                irq_handler_chain_first_slot
                0x200003b6                irq_handler_chain_remove_tail
 .data.default_alarm_pool
                0x200003c4       0x18 my_blink/CMakeFiles/my_blink.dir/C_/PicoSDK/pico-sdk/src/common/pico_time/time.c.obj
 .data.default_alarm_pool_heap
                0x200003dc       0x10 my_blink/CMakeFiles/my_blink.dir/C_/PicoSDK/pico-sdk/src/common/pico_time/time.c.obj
 *fill*         0x200003ec        0x4 
 .data.aeabi_bits_funcs
                0x200003f0       0x10 my_blink/CMakeFiles/my_blink.dir/C_/PicoSDK/pico-sdk/src/rp2_common/pico_bit_ops/bit_ops_aeabi.S.obj
                0x200003f0                aeabi_bits_funcs
                0x20000400                aeabi_bits_funcs_end
 .data.aeabi_mem_funcs
                0x20000400       0x10 my_blink/CMakeFiles/my_blink.dir/C_/PicoSDK/pico-sdk/src/rp2_common/pico_mem_ops/mem_ops_aeabi.S.obj
                0x20000400                aeabi_mem_funcs
                0x20000410                aeabi_mem_funcs_end
                0x20000410                . = ALIGN (0x4)
 *(.after_data.*)
                0x20000410                . = ALIGN (0x4)
                0x20000410                PROVIDE (__mutex_array_start = .)
 *(SORT_BY_NAME(.mutex_array.*))
 *(.mutex_array)
 .mutex_array   0x20000410        0x8 my_blink/CMakeFiles/my_blink.dir/C_/PicoSDK/pico-sdk/src/rp2_common/pico_stdio/stdio.c.obj
                0x20000418                PROVIDE (__mutex_array_end = .)
                0x20000418                . = ALIGN (0x4)
                0x20000418                PROVIDE (__preinit_array_start = .)
 *(SORT_BY_NAME(.preinit_array.*))
 .preinit_array.00001
                0x20000418        0x4 my_blink/CMakeFiles/my_blink.dir/C_/PicoSDK/pico-sdk/src/rp2_common/pico_mem_ops/mem_ops_aeabi.S.obj
 .preinit_array.00010
                0x2000041c        0x4 my_blink/CMakeFiles/my_blink.dir/C_/PicoSDK/pico-sdk/src/rp2_common/pico_bit_ops/bit_ops_aeabi.S.obj
 .preinit_array.00020
                0x20000420        0x4 my_blink/CMakeFiles/my_blink.dir/C_/PicoSDK/pico-sdk/src/rp2_common/pico_double/double_aeabi.S.obj
 .preinit_array.00020
                0x20000424        0x4 my_blink/CMakeFiles/my_blink.dir/C_/PicoSDK/pico-sdk/src/rp2_common/pico_float/float_aeabi.S.obj
 *(.preinit_array)
                0x20000428                PROVIDE (__preinit_array_end = .)
                0x20000428                . = ALIGN (0x4)
                0x20000428                PROVIDE (__init_array_start = .)
 *(SORT_BY_NAME(.init_array.*))
 *(.init_array)
 .init_array    0x20000428        0x4 c:/picosdk/gcc-arm-none-eabi/bin/../lib/gcc/arm-none-eabi/10.3.1/thumb/v6-m/nofp/crtbegin.o
 .init_array    0x2000042c        0x4 my_blink/CMakeFiles/my_blink.dir/C_/PicoSDK/pico-sdk/src/rp2_common/pico_unique_id/unique_id.c.obj
                0x20000430                PROVIDE (__init_array_end = .)
                0x20000430                . = ALIGN (0x4)
                [!provide]                PROVIDE (__fini_array_start = .)
 *(SORT_BY_NAME(.fini_array.*))
 *(.fini_array)
                [!provide]                PROVIDE (__fini_array_end = .)
 *(.jcr)
                0x20000430                . = ALIGN (0x4)
                0x20000430                __data_end__ = .

.igot.plt       0x20000430        0x0 load address 0x100058a0
 .igot.plt      0x20000430        0x0 c:/picosdk/gcc-arm-none-eabi/bin/../lib/gcc/arm-none-eabi/10.3.1/thumb/v6-m/nofp/crtbegin.o

.uninitialized_data
                0x20000430        0x0 load address 0x100058a0
                0x20000430                . = ALIGN (0x4)
 *(.uninitialized_data*)

.scratch_x      0x20040000        0x0 load address 0x100058a0
                0x20040000                __scratch_x_start__ = .
 *(.scratch_x.*)
                0x20040000                . = ALIGN (0x4)
                0x20040000                __scratch_x_end__ = .
                0x100058a0                __scratch_x_source__ = LOADADDR (.scratch_x)

.scratch_y      0x20041000        0x0 load address 0x100058a0
                0x20041000                __scratch_y_start__ = .
 *(.scratch_y.*)
                0x20041000                . = ALIGN (0x4)
                0x20041000                __scratch_y_end__ = .
                0x100058a0                __scratch_y_source__ = LOADADDR (.scratch_y)

.bss            0x20000430      0x4d4
                0x20000430                . = ALIGN (0x4)
                0x20000430                __bss_start__ = .
 *(SORT_BY_ALIGNMENT(SORT_BY_NAME(.bss*)))
 .bss.default_alarm_pool_entries
                0x20000430      0x100 my_blink/CMakeFiles/my_blink.dir/C_/PicoSDK/pico-sdk/src/common/pico_time/time.c.obj
 .bss           0x20000530       0x1c c:/picosdk/gcc-arm-none-eabi/bin/../lib/gcc/arm-none-eabi/10.3.1/thumb/v6-m/nofp/crtbegin.o
 .bss.alarm_callbacks
                0x2000054c       0x10 my_blink/CMakeFiles/my_blink.dir/C_/PicoSDK/pico-sdk/src/rp2_common/hardware_timer/timer.c.obj
 .bss.boot2_copyout
                0x2000055c      0x100 my_blink/CMakeFiles/my_blink.dir/C_/PicoSDK/pico-sdk/src/rp2_common/hardware_flash/flash.c.obj
 .bss.configured_freq
                0x2000065c       0x28 my_blink/CMakeFiles/my_blink.dir/C_/PicoSDK/pico-sdk/src/rp2_common/hardware_clocks/clocks.c.obj
 .bss.default_alarm_pool_entry_ids_high
                0x20000684       0x10 my_blink/CMakeFiles/my_blink.dir/C_/PicoSDK/pico-sdk/src/common/pico_time/time.c.obj
 .bss.default_alarm_pool_heap_nodes
                0x20000694       0x30 my_blink/CMakeFiles/my_blink.dir/C_/PicoSDK/pico-sdk/src/common/pico_time/time.c.obj
 .bss.drivers   0x200006c4        0x4 my_blink/CMakeFiles/my_blink.dir/C_/PicoSDK/pico-sdk/src/rp2_common/pico_stdio/stdio.c.obj
 .bss.filter    0x200006c8        0x4 my_blink/CMakeFiles/my_blink.dir/C_/PicoSDK/pico-sdk/src/rp2_common/pico_stdio/stdio.c.obj
 .bss.pools     0x200006cc       0x10 my_blink/CMakeFiles/my_blink.dir/C_/PicoSDK/pico-sdk/src/common/pico_time/time.c.obj
 .bss.retrieved_id
                0x200006dc        0x8 my_blink/CMakeFiles/my_blink.dir/C_/PicoSDK/pico-sdk/src/rp2_common/pico_unique_id/unique_id.c.obj
 .bss.sd_table  0x200006e4      0x100 my_blink/CMakeFiles/my_blink.dir/C_/PicoSDK/pico-sdk/src/rp2_common/pico_double/double_init_rom.c.obj
                0x200006e4                sd_table
 .bss.sf_clz_func
                0x200007e4        0x4 my_blink/CMakeFiles/my_blink.dir/C_/PicoSDK/pico-sdk/src/rp2_common/pico_double/double_init_rom.c.obj
                0x200007e4                sf_clz_func
 .bss.sf_table  0x200007e8      0x100 my_blink/CMakeFiles/my_blink.dir/C_/PicoSDK/pico-sdk/src/rp2_common/pico_float/float_init_rom.c.obj
                0x200007e8                sf_table
 .bss.sleep_notifier
                0x200008e8        0x4 my_blink/CMakeFiles/my_blink.dir/C_/PicoSDK/pico-sdk/src/common/pico_time/time.c.obj
 .bss.target_hi
                0x200008ec       0x10 my_blink/CMakeFiles/my_blink.dir/C_/PicoSDK/pico-sdk/src/rp2_common/hardware_timer/timer.c.obj
 .bss.uart_char_to_line_feed
                0x200008fc        0x4 my_blink/CMakeFiles/my_blink.dir/C_/PicoSDK/pico-sdk/src/rp2_common/hardware_uart/uart.c.obj
                0x200008fc                uart_char_to_line_feed
 .bss.boot2_copyout_valid
                0x20000900        0x1 my_blink/CMakeFiles/my_blink.dir/C_/PicoSDK/pico-sdk/src/rp2_common/hardware_flash/flash.c.obj
 .bss.claimed   0x20000901        0x1 my_blink/CMakeFiles/my_blink.dir/C_/PicoSDK/pico-sdk/src/rp2_common/hardware_timer/timer.c.obj
 .bss.irq_hander_chain_free_slot_head
                0x20000902        0x1 my_blink/CMakeFiles/my_blink.dir/C_/PicoSDK/pico-sdk/src/rp2_common/hardware_irq/irq.c.obj
 .bss.timer_callbacks_pending
                0x20000903        0x1 my_blink/CMakeFiles/my_blink.dir/C_/PicoSDK/pico-sdk/src/rp2_common/hardware_timer/timer.c.obj
 *(COMMON)
                0x20000904                . = ALIGN (0x4)
                0x20000904                __bss_end__ = .

.heap           0x20000904      0x800
                0x20000904                __end__ = .
                0x20000904                end = __end__
 *(.heap*)
 .heap          0x20000904      0x800 my_blink/CMakeFiles/my_blink.dir/C_/PicoSDK/pico-sdk/src/rp2_common/pico_standard_link/crt0.S.obj
                0x20001104                __HeapLimit = .

.stack1_dummy   0x20040000        0x0
 *(.stack1*)

.stack_dummy    0x20041000      0x800
 *(.stack*)
 .stack         0x20041000      0x800 my_blink/CMakeFiles/my_blink.dir/C_/PicoSDK/pico-sdk/src/rp2_common/pico_standard_link/crt0.S.obj

.flash_end      0x100058a0        0x0
                0x100058a0                __flash_binary_end = .
                0x20040000                __StackLimit = (ORIGIN (RAM) + LENGTH (RAM))
                0x20041000                __StackOneTop = (ORIGIN (SCRATCH_X) + LENGTH (SCRATCH_X))
                0x20042000                __StackTop = (ORIGIN (SCRATCH_Y) + LENGTH (SCRATCH_Y))
                0x20041000                __StackOneBottom = (__StackOneTop - SIZEOF (.stack1_dummy))
                0x20041800                __StackBottom = (__StackTop - SIZEOF (.stack_dummy))
                0x20042000                PROVIDE (__stack = __StackTop)
                0x00000001                ASSERT ((__StackLimit >= __HeapLimit), region RAM overflowed)
                0x00000001                ASSERT (((__binary_info_header_end - __logical_binary_start) <= 0x100), Binary info must be in first 256 bytes of the binary)
LOAD my_blink/CMakeFiles/my_blink.dir/my_blink.c.obj
LOAD my_blink/CMakeFiles/my_blink.dir/C_/PicoSDK/pico-sdk/src/rp2_common/pico_stdlib/stdlib.c.obj
LOAD my_blink/CMakeFiles/my_blink.dir/C_/PicoSDK/pico-sdk/src/rp2_common/hardware_gpio/gpio.c.obj
LOAD my_blink/CMakeFiles/my_blink.dir/C_/PicoSDK/pico-sdk/src/rp2_common/pico_platform/platform.c.obj
LOAD my_blink/CMakeFiles/my_blink.dir/C_/PicoSDK/pico-sdk/src/rp2_common/hardware_claim/claim.c.obj
LOAD my_blink/CMakeFiles/my_blink.dir/C_/PicoSDK/pico-sdk/src/rp2_common/hardware_sync/sync.c.obj
LOAD my_blink/CMakeFiles/my_blink.dir/C_/PicoSDK/pico-sdk/src/rp2_common/hardware_irq/irq.c.obj
LOAD my_blink/CMakeFiles/my_blink.dir/C_/PicoSDK/pico-sdk/src/rp2_common/hardware_irq/irq_handler_chain.S.obj
LOAD my_blink/CMakeFiles/my_blink.dir/C_/PicoSDK/pico-sdk/src/common/pico_sync/sem.c.obj
LOAD my_blink/CMakeFiles/my_blink.dir/C_/PicoSDK/pico-sdk/src/common/pico_sync/lock_core.c.obj
LOAD my_blink/CMakeFiles/my_blink.dir/C_/PicoSDK/pico-sdk/src/common/pico_sync/mutex.c.obj
LOAD my_blink/CMakeFiles/my_blink.dir/C_/PicoSDK/pico-sdk/src/common/pico_sync/critical_section.c.obj
LOAD my_blink/CMakeFiles/my_blink.dir/C_/PicoSDK/pico-sdk/src/common/pico_time/time.c.obj
LOAD my_blink/CMakeFiles/my_blink.dir/C_/PicoSDK/pico-sdk/src/common/pico_time/timeout_helper.c.obj
LOAD my_blink/CMakeFiles/my_blink.dir/C_/PicoSDK/pico-sdk/src/rp2_common/hardware_timer/timer.c.obj
LOAD my_blink/CMakeFiles/my_blink.dir/C_/PicoSDK/pico-sdk/src/common/pico_util/datetime.c.obj
LOAD my_blink/CMakeFiles/my_blink.dir/C_/PicoSDK/pico-sdk/src/common/pico_util/pheap.c.obj
LOAD my_blink/CMakeFiles/my_blink.dir/C_/PicoSDK/pico-sdk/src/common/pico_util/queue.c.obj
LOAD my_blink/CMakeFiles/my_blink.dir/C_/PicoSDK/pico-sdk/src/rp2_common/hardware_uart/uart.c.obj
LOAD my_blink/CMakeFiles/my_blink.dir/C_/PicoSDK/pico-sdk/src/rp2_common/hardware_clocks/clocks.c.obj
LOAD my_blink/CMakeFiles/my_blink.dir/C_/PicoSDK/pico-sdk/src/rp2_common/hardware_pll/pll.c.obj
LOAD my_blink/CMakeFiles/my_blink.dir/C_/PicoSDK/pico-sdk/src/rp2_common/hardware_vreg/vreg.c.obj
LOAD my_blink/CMakeFiles/my_blink.dir/C_/PicoSDK/pico-sdk/src/rp2_common/hardware_watchdog/watchdog.c.obj
LOAD my_blink/CMakeFiles/my_blink.dir/C_/PicoSDK/pico-sdk/src/rp2_common/hardware_xosc/xosc.c.obj
LOAD my_blink/CMakeFiles/my_blink.dir/C_/PicoSDK/pico-sdk/src/rp2_common/hardware_divider/divider.S.obj
LOAD my_blink/CMakeFiles/my_blink.dir/C_/PicoSDK/pico-sdk/src/rp2_common/pico_runtime/runtime.c.obj
LOAD my_blink/CMakeFiles/my_blink.dir/C_/PicoSDK/pico-sdk/src/rp2_common/pico_printf/printf.c.obj
LOAD my_blink/CMakeFiles/my_blink.dir/C_/PicoSDK/pico-sdk/src/rp2_common/pico_bit_ops/bit_ops_aeabi.S.obj
LOAD my_blink/CMakeFiles/my_blink.dir/C_/PicoSDK/pico-sdk/src/rp2_common/pico_bootrom/bootrom.c.obj
LOAD my_blink/CMakeFiles/my_blink.dir/C_/PicoSDK/pico-sdk/src/rp2_common/pico_divider/divider.S.obj
LOAD my_blink/CMakeFiles/my_blink.dir/C_/PicoSDK/pico-sdk/src/rp2_common/pico_double/double_aeabi.S.obj
LOAD my_blink/CMakeFiles/my_blink.dir/C_/PicoSDK/pico-sdk/src/rp2_common/pico_double/double_init_rom.c.obj
LOAD my_blink/CMakeFiles/my_blink.dir/C_/PicoSDK/pico-sdk/src/rp2_common/pico_double/double_math.c.obj
LOAD my_blink/CMakeFiles/my_blink.dir/C_/PicoSDK/pico-sdk/src/rp2_common/pico_double/double_v1_rom_shim.S.obj
LOAD my_blink/CMakeFiles/my_blink.dir/C_/PicoSDK/pico-sdk/src/rp2_common/pico_int64_ops/pico_int64_ops_aeabi.S.obj
LOAD my_blink/CMakeFiles/my_blink.dir/C_/PicoSDK/pico-sdk/src/rp2_common/pico_float/float_aeabi.S.obj
LOAD my_blink/CMakeFiles/my_blink.dir/C_/PicoSDK/pico-sdk/src/rp2_common/pico_float/float_init_rom.c.obj
LOAD my_blink/CMakeFiles/my_blink.dir/C_/PicoSDK/pico-sdk/src/rp2_common/pico_float/float_math.c.obj
LOAD my_blink/CMakeFiles/my_blink.dir/C_/PicoSDK/pico-sdk/src/rp2_common/pico_float/float_v1_rom_shim.S.obj
LOAD my_blink/CMakeFiles/my_blink.dir/C_/PicoSDK/pico-sdk/src/rp2_common/pico_malloc/pico_malloc.c.obj
LOAD my_blink/CMakeFiles/my_blink.dir/C_/PicoSDK/pico-sdk/src/rp2_common/pico_mem_ops/mem_ops_aeabi.S.obj
LOAD my_blink/CMakeFiles/my_blink.dir/C_/PicoSDK/pico-sdk/src/rp2_common/pico_standard_link/crt0.S.obj
LOAD my_blink/CMakeFiles/my_blink.dir/C_/PicoSDK/pico-sdk/src/rp2_common/pico_standard_link/new_delete.cpp.obj
LOAD my_blink/CMakeFiles/my_blink.dir/C_/PicoSDK/pico-sdk/src/rp2_common/pico_standard_link/binary_info.c.obj
LOAD my_blink/CMakeFiles/my_blink.dir/C_/PicoSDK/pico-sdk/src/rp2_common/pico_stdio/stdio.c.obj
LOAD my_blink/CMakeFiles/my_blink.dir/C_/PicoSDK/pico-sdk/src/rp2_common/pico_stdio_usb/reset_interface.c.obj
LOAD my_blink/CMakeFiles/my_blink.dir/C_/PicoSDK/pico-sdk/src/rp2_common/pico_stdio_usb/stdio_usb.c.obj
LOAD my_blink/CMakeFiles/my_blink.dir/C_/PicoSDK/pico-sdk/src/rp2_common/pico_stdio_usb/stdio_usb_descriptors.c.obj
LOAD my_blink/CMakeFiles/my_blink.dir/C_/PicoSDK/pico-sdk/src/rp2_common/pico_unique_id/unique_id.c.obj
LOAD my_blink/CMakeFiles/my_blink.dir/C_/PicoSDK/pico-sdk/src/rp2_common/hardware_flash/flash.c.obj
LOAD my_blink/CMakeFiles/my_blink.dir/C_/PicoSDK/pico-sdk/lib/tinyusb/src/portable/raspberrypi/rp2040/dcd_rp2040.c.obj
LOAD my_blink/CMakeFiles/my_blink.dir/C_/PicoSDK/pico-sdk/lib/tinyusb/src/portable/raspberrypi/rp2040/rp2040_usb.c.obj
LOAD my_blink/CMakeFiles/my_blink.dir/C_/PicoSDK/pico-sdk/lib/tinyusb/src/device/usbd.c.obj
LOAD my_blink/CMakeFiles/my_blink.dir/C_/PicoSDK/pico-sdk/lib/tinyusb/src/device/usbd_control.c.obj
LOAD my_blink/CMakeFiles/my_blink.dir/C_/PicoSDK/pico-sdk/lib/tinyusb/src/class/audio/audio_device.c.obj
LOAD my_blink/CMakeFiles/my_blink.dir/C_/PicoSDK/pico-sdk/lib/tinyusb/src/class/cdc/cdc_device.c.obj
LOAD my_blink/CMakeFiles/my_blink.dir/C_/PicoSDK/pico-sdk/lib/tinyusb/src/class/dfu/dfu_device.c.obj
LOAD my_blink/CMakeFiles/my_blink.dir/C_/PicoSDK/pico-sdk/lib/tinyusb/src/class/dfu/dfu_rt_device.c.obj
LOAD my_blink/CMakeFiles/my_blink.dir/C_/PicoSDK/pico-sdk/lib/tinyusb/src/class/hid/hid_device.c.obj
LOAD my_blink/CMakeFiles/my_blink.dir/C_/PicoSDK/pico-sdk/lib/tinyusb/src/class/midi/midi_device.c.obj
LOAD my_blink/CMakeFiles/my_blink.dir/C_/PicoSDK/pico-sdk/lib/tinyusb/src/class/msc/msc_device.c.obj
LOAD my_blink/CMakeFiles/my_blink.dir/C_/PicoSDK/pico-sdk/lib/tinyusb/src/class/net/ecm_rndis_device.c.obj
LOAD my_blink/CMakeFiles/my_blink.dir/C_/PicoSDK/pico-sdk/lib/tinyusb/src/class/net/ncm_device.c.obj
LOAD my_blink/CMakeFiles/my_blink.dir/C_/PicoSDK/pico-sdk/lib/tinyusb/src/class/usbtmc/usbtmc_device.c.obj
LOAD my_blink/CMakeFiles/my_blink.dir/C_/PicoSDK/pico-sdk/lib/tinyusb/src/class/vendor/vendor_device.c.obj
LOAD my_blink/CMakeFiles/my_blink.dir/C_/PicoSDK/pico-sdk/lib/tinyusb/src/class/video/video_device.c.obj
LOAD my_blink/CMakeFiles/my_blink.dir/C_/PicoSDK/pico-sdk/lib/tinyusb/src/portable/raspberrypi/pio_usb/dcd_pio_usb.c.obj
LOAD my_blink/CMakeFiles/my_blink.dir/C_/PicoSDK/pico-sdk/lib/tinyusb/src/tusb.c.obj
LOAD my_blink/CMakeFiles/my_blink.dir/C_/PicoSDK/pico-sdk/lib/tinyusb/src/common/tusb_fifo.c.obj
LOAD my_blink/CMakeFiles/my_blink.dir/C_/PicoSDK/pico-sdk/src/rp2_common/pico_fix/rp2040_usb_device_enumeration/rp2040_usb_device_enumeration.c.obj
LOAD C:\Users\lvanek\AppData\Local\Temp\ccE8RpGI.o
LOAD c:/picosdk/gcc-arm-none-eabi/bin/../lib/gcc/arm-none-eabi/10.3.1/../../../../arm-none-eabi/lib/thumb/v6-m/nofp\libstdc++.a
LOAD c:/picosdk/gcc-arm-none-eabi/bin/../lib/gcc/arm-none-eabi/10.3.1/../../../../arm-none-eabi/lib/thumb/v6-m/nofp\libm.a
START GROUP
LOAD c:/picosdk/gcc-arm-none-eabi/bin/../lib/gcc/arm-none-eabi/10.3.1/thumb/v6-m/nofp\libgcc.a
LOAD c:/picosdk/gcc-arm-none-eabi/bin/../lib/gcc/arm-none-eabi/10.3.1/../../../../arm-none-eabi/lib/thumb/v6-m/nofp\libg.a
LOAD c:/picosdk/gcc-arm-none-eabi/bin/../lib/gcc/arm-none-eabi/10.3.1/../../../../arm-none-eabi/lib/thumb/v6-m/nofp\libc.a
END GROUP
START GROUP
LOAD c:/picosdk/gcc-arm-none-eabi/bin/../lib/gcc/arm-none-eabi/10.3.1/thumb/v6-m/nofp\libgcc.a
LOAD c:/picosdk/gcc-arm-none-eabi/bin/../lib/gcc/arm-none-eabi/10.3.1/../../../../arm-none-eabi/lib/thumb/v6-m/nofp\libc.a
LOAD c:/picosdk/gcc-arm-none-eabi/bin/../lib/gcc/arm-none-eabi/10.3.1/../../../../arm-none-eabi/lib/thumb/v6-m/nofp\libnosys.a
END GROUP
LOAD c:/picosdk/gcc-arm-none-eabi/bin/../lib/gcc/arm-none-eabi/10.3.1/thumb/v6-m/nofp/crtend.o
LOAD c:/picosdk/gcc-arm-none-eabi/bin/../lib/gcc/arm-none-eabi/10.3.1/thumb/v6-m/nofp/crtn.o
OUTPUT(my_blink\my_blink.elf elf32-littlearm)
LOAD linker stubs

.ARM.attributes
                0x00000000       0x28
 .ARM.attributes
                0x00000000       0x1e c:/picosdk/gcc-arm-none-eabi/bin/../lib/gcc/arm-none-eabi/10.3.1/thumb/v6-m/nofp/crti.o
 .ARM.attributes
                0x0000001e       0x2c c:/picosdk/gcc-arm-none-eabi/bin/../lib/gcc/arm-none-eabi/10.3.1/thumb/v6-m/nofp/crtbegin.o
 .ARM.attributes
                0x0000004a       0x2c my_blink/CMakeFiles/my_blink.dir/my_blink.c.obj
 .ARM.attributes
                0x00000076       0x2c my_blink/CMakeFiles/my_blink.dir/C_/PicoSDK/pico-sdk/src/rp2_common/pico_stdlib/stdlib.c.obj
 .ARM.attributes
                0x000000a2       0x2c my_blink/CMakeFiles/my_blink.dir/C_/PicoSDK/pico-sdk/src/rp2_common/hardware_gpio/gpio.c.obj
 .ARM.attributes
                0x000000ce       0x2c my_blink/CMakeFiles/my_blink.dir/C_/PicoSDK/pico-sdk/src/rp2_common/pico_platform/platform.c.obj
 .ARM.attributes
                0x000000fa       0x2c my_blink/CMakeFiles/my_blink.dir/C_/PicoSDK/pico-sdk/src/rp2_common/hardware_claim/claim.c.obj
 .ARM.attributes
                0x00000126       0x2c my_blink/CMakeFiles/my_blink.dir/C_/PicoSDK/pico-sdk/src/rp2_common/hardware_sync/sync.c.obj
 .ARM.attributes
                0x00000152       0x2c my_blink/CMakeFiles/my_blink.dir/C_/PicoSDK/pico-sdk/src/rp2_common/hardware_irq/irq.c.obj
 .ARM.attributes
                0x0000017e       0x22 my_blink/CMakeFiles/my_blink.dir/C_/PicoSDK/pico-sdk/src/rp2_common/hardware_irq/irq_handler_chain.S.obj
 .ARM.attributes
                0x000001a0       0x2c my_blink/CMakeFiles/my_blink.dir/C_/PicoSDK/pico-sdk/src/common/pico_sync/lock_core.c.obj
 .ARM.attributes
                0x000001cc       0x2c my_blink/CMakeFiles/my_blink.dir/C_/PicoSDK/pico-sdk/src/common/pico_sync/mutex.c.obj
 .ARM.attributes
                0x000001f8       0x2c my_blink/CMakeFiles/my_blink.dir/C_/PicoSDK/pico-sdk/src/common/pico_time/time.c.obj
 .ARM.attributes
                0x00000224       0x2c my_blink/CMakeFiles/my_blink.dir/C_/PicoSDK/pico-sdk/src/rp2_common/hardware_timer/timer.c.obj
 .ARM.attributes
                0x00000250       0x2c my_blink/CMakeFiles/my_blink.dir/C_/PicoSDK/pico-sdk/src/common/pico_util/pheap.c.obj
 .ARM.attributes
                0x0000027c       0x2c my_blink/CMakeFiles/my_blink.dir/C_/PicoSDK/pico-sdk/src/rp2_common/hardware_uart/uart.c.obj
 .ARM.attributes
                0x000002a8       0x2c my_blink/CMakeFiles/my_blink.dir/C_/PicoSDK/pico-sdk/src/rp2_common/hardware_clocks/clocks.c.obj
 .ARM.attributes
                0x000002d4       0x2c my_blink/CMakeFiles/my_blink.dir/C_/PicoSDK/pico-sdk/src/rp2_common/hardware_pll/pll.c.obj
 .ARM.attributes
                0x00000300       0x2c my_blink/CMakeFiles/my_blink.dir/C_/PicoSDK/pico-sdk/src/rp2_common/hardware_watchdog/watchdog.c.obj
 .ARM.attributes
                0x0000032c       0x2c my_blink/CMakeFiles/my_blink.dir/C_/PicoSDK/pico-sdk/src/rp2_common/hardware_xosc/xosc.c.obj
 .ARM.attributes
                0x00000358       0x2c my_blink/CMakeFiles/my_blink.dir/C_/PicoSDK/pico-sdk/src/rp2_common/pico_runtime/runtime.c.obj
 .ARM.attributes
                0x00000384       0x2c my_blink/CMakeFiles/my_blink.dir/C_/PicoSDK/pico-sdk/src/rp2_common/pico_printf/printf.c.obj
 .ARM.attributes
                0x000003b0       0x22 my_blink/CMakeFiles/my_blink.dir/C_/PicoSDK/pico-sdk/src/rp2_common/pico_bit_ops/bit_ops_aeabi.S.obj
 .ARM.attributes
                0x000003d2       0x2c my_blink/CMakeFiles/my_blink.dir/C_/PicoSDK/pico-sdk/src/rp2_common/pico_bootrom/bootrom.c.obj
 .ARM.attributes
                0x000003fe       0x22 my_blink/CMakeFiles/my_blink.dir/C_/PicoSDK/pico-sdk/src/rp2_common/pico_divider/divider.S.obj
 .ARM.attributes
                0x00000420       0x22 my_blink/CMakeFiles/my_blink.dir/C_/PicoSDK/pico-sdk/src/rp2_common/pico_double/double_aeabi.S.obj
 .ARM.attributes
                0x00000442       0x2c my_blink/CMakeFiles/my_blink.dir/C_/PicoSDK/pico-sdk/src/rp2_common/pico_double/double_init_rom.c.obj
 .ARM.attributes
                0x0000046e       0x22 my_blink/CMakeFiles/my_blink.dir/C_/PicoSDK/pico-sdk/src/rp2_common/pico_double/double_v1_rom_shim.S.obj
 .ARM.attributes
                0x00000490       0x22 my_blink/CMakeFiles/my_blink.dir/C_/PicoSDK/pico-sdk/src/rp2_common/pico_int64_ops/pico_int64_ops_aeabi.S.obj
 .ARM.attributes
                0x000004b2       0x22 my_blink/CMakeFiles/my_blink.dir/C_/PicoSDK/pico-sdk/src/rp2_common/pico_float/float_aeabi.S.obj
 .ARM.attributes
                0x000004d4       0x2c my_blink/CMakeFiles/my_blink.dir/C_/PicoSDK/pico-sdk/src/rp2_common/pico_float/float_init_rom.c.obj
 .ARM.attributes
                0x00000500       0x22 my_blink/CMakeFiles/my_blink.dir/C_/PicoSDK/pico-sdk/src/rp2_common/pico_float/float_v1_rom_shim.S.obj
 .ARM.attributes
                0x00000522       0x22 my_blink/CMakeFiles/my_blink.dir/C_/PicoSDK/pico-sdk/src/rp2_common/pico_mem_ops/mem_ops_aeabi.S.obj
 .ARM.attributes
                0x00000544       0x22 my_blink/CMakeFiles/my_blink.dir/C_/PicoSDK/pico-sdk/src/rp2_common/pico_standard_link/crt0.S.obj
 .ARM.attributes
                0x00000566       0x2c my_blink/CMakeFiles/my_blink.dir/C_/PicoSDK/pico-sdk/src/rp2_common/pico_standard_link/binary_info.c.obj
 .ARM.attributes
                0x00000592       0x2c my_blink/CMakeFiles/my_blink.dir/C_/PicoSDK/pico-sdk/src/rp2_common/pico_stdio/stdio.c.obj
 .ARM.attributes
                0x000005be       0x2c my_blink/CMakeFiles/my_blink.dir/C_/PicoSDK/pico-sdk/src/rp2_common/pico_unique_id/unique_id.c.obj
 .ARM.attributes
                0x000005ea       0x2c my_blink/CMakeFiles/my_blink.dir/C_/PicoSDK/pico-sdk/src/rp2_common/hardware_flash/flash.c.obj
 .ARM.attributes
                0x00000616       0x22 C:\Users\lvanek\AppData\Local\Temp\ccE8RpGI.o
 .ARM.attributes
                0x00000638       0x1e c:/picosdk/gcc-arm-none-eabi/bin/../lib/gcc/arm-none-eabi/10.3.1/thumb/v6-m/nofp\libgcc.a(_dvmd_tls.o)
 .ARM.attributes
                0x00000656       0x2c c:/picosdk/gcc-arm-none-eabi/bin/../lib/gcc/arm-none-eabi/10.3.1/../../../../arm-none-eabi/lib/thumb/v6-m/nofp\libg.a(lib_a-strlen-stub.o)

.comment        0x00000000       0x49
 .comment       0x00000000       0x49 my_blink/CMakeFiles/my_blink.dir/my_blink.c.obj
                                 0x4a (size before relaxing)
 .comment       0x00000049       0x4a my_blink/CMakeFiles/my_blink.dir/C_/PicoSDK/pico-sdk/src/rp2_common/pico_stdlib/stdlib.c.obj
 .comment       0x00000049       0x4a my_blink/CMakeFiles/my_blink.dir/C_/PicoSDK/pico-sdk/src/rp2_common/hardware_gpio/gpio.c.obj
 .comment       0x00000049       0x4a my_blink/CMakeFiles/my_blink.dir/C_/PicoSDK/pico-sdk/src/rp2_common/pico_platform/platform.c.obj
 .comment       0x00000049       0x4a my_blink/CMakeFiles/my_blink.dir/C_/PicoSDK/pico-sdk/src/rp2_common/hardware_claim/claim.c.obj
 .comment       0x00000049       0x4a my_blink/CMakeFiles/my_blink.dir/C_/PicoSDK/pico-sdk/src/rp2_common/hardware_sync/sync.c.obj
 .comment       0x00000049       0x4a my_blink/CMakeFiles/my_blink.dir/C_/PicoSDK/pico-sdk/src/rp2_common/hardware_irq/irq.c.obj
 .comment       0x00000049       0x4a my_blink/CMakeFiles/my_blink.dir/C_/PicoSDK/pico-sdk/src/common/pico_sync/lock_core.c.obj
 .comment       0x00000049       0x4a my_blink/CMakeFiles/my_blink.dir/C_/PicoSDK/pico-sdk/src/common/pico_sync/mutex.c.obj
 .comment       0x00000049       0x4a my_blink/CMakeFiles/my_blink.dir/C_/PicoSDK/pico-sdk/src/common/pico_time/time.c.obj
 .comment       0x00000049       0x4a my_blink/CMakeFiles/my_blink.dir/C_/PicoSDK/pico-sdk/src/rp2_common/hardware_timer/timer.c.obj
 .comment       0x00000049       0x4a my_blink/CMakeFiles/my_blink.dir/C_/PicoSDK/pico-sdk/src/common/pico_util/pheap.c.obj
 .comment       0x00000049       0x4a my_blink/CMakeFiles/my_blink.dir/C_/PicoSDK/pico-sdk/src/rp2_common/hardware_uart/uart.c.obj
 .comment       0x00000049       0x4a my_blink/CMakeFiles/my_blink.dir/C_/PicoSDK/pico-sdk/src/rp2_common/hardware_clocks/clocks.c.obj
 .comment       0x00000049       0x4a my_blink/CMakeFiles/my_blink.dir/C_/PicoSDK/pico-sdk/src/rp2_common/hardware_pll/pll.c.obj
 .comment       0x00000049       0x4a my_blink/CMakeFiles/my_blink.dir/C_/PicoSDK/pico-sdk/src/rp2_common/hardware_watchdog/watchdog.c.obj
 .comment       0x00000049       0x4a my_blink/CMakeFiles/my_blink.dir/C_/PicoSDK/pico-sdk/src/rp2_common/hardware_xosc/xosc.c.obj
 .comment       0x00000049       0x4a my_blink/CMakeFiles/my_blink.dir/C_/PicoSDK/pico-sdk/src/rp2_common/pico_runtime/runtime.c.obj
 .comment       0x00000049       0x4a my_blink/CMakeFiles/my_blink.dir/C_/PicoSDK/pico-sdk/src/rp2_common/pico_printf/printf.c.obj
 .comment       0x00000049       0x4a my_blink/CMakeFiles/my_blink.dir/C_/PicoSDK/pico-sdk/src/rp2_common/pico_bootrom/bootrom.c.obj
 .comment       0x00000049       0x4a my_blink/CMakeFiles/my_blink.dir/C_/PicoSDK/pico-sdk/src/rp2_common/pico_double/double_init_rom.c.obj
 .comment       0x00000049       0x4a my_blink/CMakeFiles/my_blink.dir/C_/PicoSDK/pico-sdk/src/rp2_common/pico_float/float_init_rom.c.obj
 .comment       0x00000049       0x4a my_blink/CMakeFiles/my_blink.dir/C_/PicoSDK/pico-sdk/src/rp2_common/pico_standard_link/binary_info.c.obj
 .comment       0x00000049       0x4a my_blink/CMakeFiles/my_blink.dir/C_/PicoSDK/pico-sdk/src/rp2_common/pico_stdio/stdio.c.obj
 .comment       0x00000049       0x4a my_blink/CMakeFiles/my_blink.dir/C_/PicoSDK/pico-sdk/src/rp2_common/pico_unique_id/unique_id.c.obj
 .comment       0x00000049       0x4a my_blink/CMakeFiles/my_blink.dir/C_/PicoSDK/pico-sdk/src/rp2_common/hardware_flash/flash.c.obj

.debug_info     0x00000000    0x162b6
 .debug_info    0x00000000      0x911 my_blink/CMakeFiles/my_blink.dir/my_blink.c.obj
 .debug_info    0x00000911      0x775 my_blink/CMakeFiles/my_blink.dir/C_/PicoSDK/pico-sdk/src/rp2_common/pico_stdlib/stdlib.c.obj
 .debug_info    0x00001086     0x16d8 my_blink/CMakeFiles/my_blink.dir/C_/PicoSDK/pico-sdk/src/rp2_common/hardware_gpio/gpio.c.obj
 .debug_info    0x0000275e      0x1e3 my_blink/CMakeFiles/my_blink.dir/C_/PicoSDK/pico-sdk/src/rp2_common/pico_platform/platform.c.obj
 .debug_info    0x00002941      0x6bc my_blink/CMakeFiles/my_blink.dir/C_/PicoSDK/pico-sdk/src/rp2_common/hardware_claim/claim.c.obj
 .debug_info    0x00002ffd      0x58e my_blink/CMakeFiles/my_blink.dir/C_/PicoSDK/pico-sdk/src/rp2_common/hardware_sync/sync.c.obj
 .debug_info    0x0000358b     0x1c9c my_blink/CMakeFiles/my_blink.dir/C_/PicoSDK/pico-sdk/src/rp2_common/hardware_irq/irq.c.obj
 .debug_info    0x00005227      0x1a4 my_blink/CMakeFiles/my_blink.dir/C_/PicoSDK/pico-sdk/src/common/pico_sync/lock_core.c.obj
 .debug_info    0x000053cb     0x20d3 my_blink/CMakeFiles/my_blink.dir/C_/PicoSDK/pico-sdk/src/common/pico_sync/mutex.c.obj
 .debug_info    0x0000749e     0x4066 my_blink/CMakeFiles/my_blink.dir/C_/PicoSDK/pico-sdk/src/common/pico_time/time.c.obj
 .debug_info    0x0000b504     0x13ee my_blink/CMakeFiles/my_blink.dir/C_/PicoSDK/pico-sdk/src/rp2_common/hardware_timer/timer.c.obj
 .debug_info    0x0000c8f2     0x123b my_blink/CMakeFiles/my_blink.dir/C_/PicoSDK/pico-sdk/src/common/pico_util/pheap.c.obj
 .debug_info    0x0000db2d      0xb65 my_blink/CMakeFiles/my_blink.dir/C_/PicoSDK/pico-sdk/src/rp2_common/hardware_uart/uart.c.obj
 .debug_info    0x0000e692      0xf8d my_blink/CMakeFiles/my_blink.dir/C_/PicoSDK/pico-sdk/src/rp2_common/hardware_clocks/clocks.c.obj
 .debug_info    0x0000f61f      0x51b my_blink/CMakeFiles/my_blink.dir/C_/PicoSDK/pico-sdk/src/rp2_common/hardware_pll/pll.c.obj
 .debug_info    0x0000fb3a      0x4ee my_blink/CMakeFiles/my_blink.dir/C_/PicoSDK/pico-sdk/src/rp2_common/hardware_watchdog/watchdog.c.obj
 .debug_info    0x00010028      0x1d8 my_blink/CMakeFiles/my_blink.dir/C_/PicoSDK/pico-sdk/src/rp2_common/hardware_xosc/xosc.c.obj
 .debug_info    0x00010200     0x1028 my_blink/CMakeFiles/my_blink.dir/C_/PicoSDK/pico-sdk/src/rp2_common/pico_runtime/runtime.c.obj
 .debug_info    0x00011228     0x1a5f my_blink/CMakeFiles/my_blink.dir/C_/PicoSDK/pico-sdk/src/rp2_common/pico_printf/printf.c.obj
 .debug_info    0x00012c87       0x22 my_blink/CMakeFiles/my_blink.dir/C_/PicoSDK/pico-sdk/src/rp2_common/pico_bit_ops/bit_ops_aeabi.S.obj
 .debug_info    0x00012ca9      0x27c my_blink/CMakeFiles/my_blink.dir/C_/PicoSDK/pico-sdk/src/rp2_common/pico_bootrom/bootrom.c.obj
 .debug_info    0x00012f25       0x22 my_blink/CMakeFiles/my_blink.dir/C_/PicoSDK/pico-sdk/src/rp2_common/pico_divider/divider.S.obj
 .debug_info    0x00012f47       0x22 my_blink/CMakeFiles/my_blink.dir/C_/PicoSDK/pico-sdk/src/rp2_common/pico_double/double_aeabi.S.obj
 .debug_info    0x00012f69      0x2d1 my_blink/CMakeFiles/my_blink.dir/C_/PicoSDK/pico-sdk/src/rp2_common/pico_double/double_init_rom.c.obj
 .debug_info    0x0001323a       0x22 my_blink/CMakeFiles/my_blink.dir/C_/PicoSDK/pico-sdk/src/rp2_common/pico_double/double_v1_rom_shim.S.obj
 .debug_info    0x0001325c       0x26 my_blink/CMakeFiles/my_blink.dir/C_/PicoSDK/pico-sdk/src/rp2_common/pico_int64_ops/pico_int64_ops_aeabi.S.obj
 .debug_info    0x00013282       0x22 my_blink/CMakeFiles/my_blink.dir/C_/PicoSDK/pico-sdk/src/rp2_common/pico_float/float_aeabi.S.obj
 .debug_info    0x000132a4      0x2eb my_blink/CMakeFiles/my_blink.dir/C_/PicoSDK/pico-sdk/src/rp2_common/pico_float/float_init_rom.c.obj
 .debug_info    0x0001358f       0x22 my_blink/CMakeFiles/my_blink.dir/C_/PicoSDK/pico-sdk/src/rp2_common/pico_float/float_v1_rom_shim.S.obj
 .debug_info    0x000135b1       0x22 my_blink/CMakeFiles/my_blink.dir/C_/PicoSDK/pico-sdk/src/rp2_common/pico_mem_ops/mem_ops_aeabi.S.obj
 .debug_info    0x000135d3       0x22 my_blink/CMakeFiles/my_blink.dir/C_/PicoSDK/pico-sdk/src/rp2_common/pico_standard_link/crt0.S.obj
 .debug_info    0x000135f5      0x327 my_blink/CMakeFiles/my_blink.dir/C_/PicoSDK/pico-sdk/src/rp2_common/pico_standard_link/binary_info.c.obj
 .debug_info    0x0001391c     0x1821 my_blink/CMakeFiles/my_blink.dir/C_/PicoSDK/pico-sdk/src/rp2_common/pico_stdio/stdio.c.obj
 .debug_info    0x0001513d      0x257 my_blink/CMakeFiles/my_blink.dir/C_/PicoSDK/pico-sdk/src/rp2_common/pico_unique_id/unique_id.c.obj
 .debug_info    0x00015394      0xf22 my_blink/CMakeFiles/my_blink.dir/C_/PicoSDK/pico-sdk/src/rp2_common/hardware_flash/flash.c.obj

.debug_abbrev   0x00000000     0x43ca
 .debug_abbrev  0x00000000      0x1c6 my_blink/CMakeFiles/my_blink.dir/my_blink.c.obj
 .debug_abbrev  0x000001c6      0x1e9 my_blink/CMakeFiles/my_blink.dir/C_/PicoSDK/pico-sdk/src/rp2_common/pico_stdlib/stdlib.c.obj
 .debug_abbrev  0x000003af      0x339 my_blink/CMakeFiles/my_blink.dir/C_/PicoSDK/pico-sdk/src/rp2_common/hardware_gpio/gpio.c.obj
 .debug_abbrev  0x000006e8       0xeb my_blink/CMakeFiles/my_blink.dir/C_/PicoSDK/pico-sdk/src/rp2_common/pico_platform/platform.c.obj
 .debug_abbrev  0x000007d3      0x2e9 my_blink/CMakeFiles/my_blink.dir/C_/PicoSDK/pico-sdk/src/rp2_common/hardware_claim/claim.c.obj
 .debug_abbrev  0x00000abc      0x21b my_blink/CMakeFiles/my_blink.dir/C_/PicoSDK/pico-sdk/src/rp2_common/hardware_sync/sync.c.obj
 .debug_abbrev  0x00000cd7      0x4e7 my_blink/CMakeFiles/my_blink.dir/C_/PicoSDK/pico-sdk/src/rp2_common/hardware_irq/irq.c.obj
 .debug_abbrev  0x000011be      0x116 my_blink/CMakeFiles/my_blink.dir/C_/PicoSDK/pico-sdk/src/common/pico_sync/lock_core.c.obj
 .debug_abbrev  0x000012d4      0x397 my_blink/CMakeFiles/my_blink.dir/C_/PicoSDK/pico-sdk/src/common/pico_sync/mutex.c.obj
 .debug_abbrev  0x0000166b      0x571 my_blink/CMakeFiles/my_blink.dir/C_/PicoSDK/pico-sdk/src/common/pico_time/time.c.obj
 .debug_abbrev  0x00001bdc      0x3b8 my_blink/CMakeFiles/my_blink.dir/C_/PicoSDK/pico-sdk/src/rp2_common/hardware_timer/timer.c.obj
 .debug_abbrev  0x00001f94      0x297 my_blink/CMakeFiles/my_blink.dir/C_/PicoSDK/pico-sdk/src/common/pico_util/pheap.c.obj
 .debug_abbrev  0x0000222b      0x2d2 my_blink/CMakeFiles/my_blink.dir/C_/PicoSDK/pico-sdk/src/rp2_common/hardware_uart/uart.c.obj
 .debug_abbrev  0x000024fd      0x3a5 my_blink/CMakeFiles/my_blink.dir/C_/PicoSDK/pico-sdk/src/rp2_common/hardware_clocks/clocks.c.obj
 .debug_abbrev  0x000028a2      0x1ea my_blink/CMakeFiles/my_blink.dir/C_/PicoSDK/pico-sdk/src/rp2_common/hardware_pll/pll.c.obj
 .debug_abbrev  0x00002a8c      0x1a8 my_blink/CMakeFiles/my_blink.dir/C_/PicoSDK/pico-sdk/src/rp2_common/hardware_watchdog/watchdog.c.obj
 .debug_abbrev  0x00002c34      0x109 my_blink/CMakeFiles/my_blink.dir/C_/PicoSDK/pico-sdk/src/rp2_common/hardware_xosc/xosc.c.obj
 .debug_abbrev  0x00002d3d      0x4ba my_blink/CMakeFiles/my_blink.dir/C_/PicoSDK/pico-sdk/src/rp2_common/pico_runtime/runtime.c.obj
 .debug_abbrev  0x000031f7      0x384 my_blink/CMakeFiles/my_blink.dir/C_/PicoSDK/pico-sdk/src/rp2_common/pico_printf/printf.c.obj
 .debug_abbrev  0x0000357b       0x12 my_blink/CMakeFiles/my_blink.dir/C_/PicoSDK/pico-sdk/src/rp2_common/pico_bit_ops/bit_ops_aeabi.S.obj
 .debug_abbrev  0x0000358d      0x13b my_blink/CMakeFiles/my_blink.dir/C_/PicoSDK/pico-sdk/src/rp2_common/pico_bootrom/bootrom.c.obj
 .debug_abbrev  0x000036c8       0x12 my_blink/CMakeFiles/my_blink.dir/C_/PicoSDK/pico-sdk/src/rp2_common/pico_divider/divider.S.obj
 .debug_abbrev  0x000036da       0x12 my_blink/CMakeFiles/my_blink.dir/C_/PicoSDK/pico-sdk/src/rp2_common/pico_double/double_aeabi.S.obj
 .debug_abbrev  0x000036ec      0x179 my_blink/CMakeFiles/my_blink.dir/C_/PicoSDK/pico-sdk/src/rp2_common/pico_double/double_init_rom.c.obj
 .debug_abbrev  0x00003865       0x12 my_blink/CMakeFiles/my_blink.dir/C_/PicoSDK/pico-sdk/src/rp2_common/pico_double/double_v1_rom_shim.S.obj
 .debug_abbrev  0x00003877       0x14 my_blink/CMakeFiles/my_blink.dir/C_/PicoSDK/pico-sdk/src/rp2_common/pico_int64_ops/pico_int64_ops_aeabi.S.obj
 .debug_abbrev  0x0000388b       0x12 my_blink/CMakeFiles/my_blink.dir/C_/PicoSDK/pico-sdk/src/rp2_common/pico_float/float_aeabi.S.obj
 .debug_abbrev  0x0000389d      0x18c my_blink/CMakeFiles/my_blink.dir/C_/PicoSDK/pico-sdk/src/rp2_common/pico_float/float_init_rom.c.obj
 .debug_abbrev  0x00003a29       0x12 my_blink/CMakeFiles/my_blink.dir/C_/PicoSDK/pico-sdk/src/rp2_common/pico_float/float_v1_rom_shim.S.obj
 .debug_abbrev  0x00003a3b       0x12 my_blink/CMakeFiles/my_blink.dir/C_/PicoSDK/pico-sdk/src/rp2_common/pico_mem_ops/mem_ops_aeabi.S.obj
 .debug_abbrev  0x00003a4d       0x12 my_blink/CMakeFiles/my_blink.dir/C_/PicoSDK/pico-sdk/src/rp2_common/pico_standard_link/crt0.S.obj
 .debug_abbrev  0x00003a5f       0xad my_blink/CMakeFiles/my_blink.dir/C_/PicoSDK/pico-sdk/src/rp2_common/pico_standard_link/binary_info.c.obj
 .debug_abbrev  0x00003b0c      0x4a5 my_blink/CMakeFiles/my_blink.dir/C_/PicoSDK/pico-sdk/src/rp2_common/pico_stdio/stdio.c.obj
 .debug_abbrev  0x00003fb1      0x163 my_blink/CMakeFiles/my_blink.dir/C_/PicoSDK/pico-sdk/src/rp2_common/pico_unique_id/unique_id.c.obj
 .debug_abbrev  0x00004114      0x2b6 my_blink/CMakeFiles/my_blink.dir/C_/PicoSDK/pico-sdk/src/rp2_common/hardware_flash/flash.c.obj

.debug_loc      0x00000000     0xef02
 .debug_loc     0x00000000      0x384 my_blink/CMakeFiles/my_blink.dir/my_blink.c.obj
 .debug_loc     0x00000384      0x2d7 my_blink/CMakeFiles/my_blink.dir/C_/PicoSDK/pico-sdk/src/rp2_common/pico_stdlib/stdlib.c.obj
 .debug_loc     0x0000065b     0x118d my_blink/CMakeFiles/my_blink.dir/C_/PicoSDK/pico-sdk/src/rp2_common/hardware_gpio/gpio.c.obj
 .debug_loc     0x000017e8       0xe9 my_blink/CMakeFiles/my_blink.dir/C_/PicoSDK/pico-sdk/src/rp2_common/pico_platform/platform.c.obj
 .debug_loc     0x000018d1      0x45f my_blink/CMakeFiles/my_blink.dir/C_/PicoSDK/pico-sdk/src/rp2_common/hardware_claim/claim.c.obj
 .debug_loc     0x00001d30      0x233 my_blink/CMakeFiles/my_blink.dir/C_/PicoSDK/pico-sdk/src/rp2_common/hardware_sync/sync.c.obj
 .debug_loc     0x00001f63     0x13f5 my_blink/CMakeFiles/my_blink.dir/C_/PicoSDK/pico-sdk/src/rp2_common/hardware_irq/irq.c.obj
 .debug_loc     0x00003358       0x60 my_blink/CMakeFiles/my_blink.dir/C_/PicoSDK/pico-sdk/src/common/pico_sync/lock_core.c.obj
 .debug_loc     0x000033b8     0x152e my_blink/CMakeFiles/my_blink.dir/C_/PicoSDK/pico-sdk/src/common/pico_sync/mutex.c.obj
 .debug_loc     0x000048e6     0x31cb my_blink/CMakeFiles/my_blink.dir/C_/PicoSDK/pico-sdk/src/common/pico_time/time.c.obj
 .debug_loc     0x00007ab1      0xacb my_blink/CMakeFiles/my_blink.dir/C_/PicoSDK/pico-sdk/src/rp2_common/hardware_timer/timer.c.obj
 .debug_loc     0x0000857c     0x1446 my_blink/CMakeFiles/my_blink.dir/C_/PicoSDK/pico-sdk/src/common/pico_util/pheap.c.obj
 .debug_loc     0x000099c2      0x533 my_blink/CMakeFiles/my_blink.dir/C_/PicoSDK/pico-sdk/src/rp2_common/hardware_uart/uart.c.obj
 .debug_loc     0x00009ef5      0x81d my_blink/CMakeFiles/my_blink.dir/C_/PicoSDK/pico-sdk/src/rp2_common/hardware_clocks/clocks.c.obj
 .debug_loc     0x0000a712      0x2f3 my_blink/CMakeFiles/my_blink.dir/C_/PicoSDK/pico-sdk/src/rp2_common/hardware_pll/pll.c.obj
 .debug_loc     0x0000aa05      0x2ec my_blink/CMakeFiles/my_blink.dir/C_/PicoSDK/pico-sdk/src/rp2_common/hardware_watchdog/watchdog.c.obj
 .debug_loc     0x0000acf1       0x71 my_blink/CMakeFiles/my_blink.dir/C_/PicoSDK/pico-sdk/src/rp2_common/hardware_xosc/xosc.c.obj
 .debug_loc     0x0000ad62      0x674 my_blink/CMakeFiles/my_blink.dir/C_/PicoSDK/pico-sdk/src/rp2_common/pico_runtime/runtime.c.obj
 .debug_loc     0x0000b3d6     0x2095 my_blink/CMakeFiles/my_blink.dir/C_/PicoSDK/pico-sdk/src/rp2_common/pico_printf/printf.c.obj
 .debug_loc     0x0000d46b      0x1a1 my_blink/CMakeFiles/my_blink.dir/C_/PicoSDK/pico-sdk/src/rp2_common/pico_bootrom/bootrom.c.obj
 .debug_loc     0x0000d60c       0x59 my_blink/CMakeFiles/my_blink.dir/C_/PicoSDK/pico-sdk/src/rp2_common/pico_double/double_init_rom.c.obj
 .debug_loc     0x0000d665       0x73 my_blink/CMakeFiles/my_blink.dir/C_/PicoSDK/pico-sdk/src/rp2_common/pico_float/float_init_rom.c.obj
 .debug_loc     0x0000d6d8      0xe22 my_blink/CMakeFiles/my_blink.dir/C_/PicoSDK/pico-sdk/src/rp2_common/pico_stdio/stdio.c.obj
 .debug_loc     0x0000e4fa       0xff my_blink/CMakeFiles/my_blink.dir/C_/PicoSDK/pico-sdk/src/rp2_common/pico_unique_id/unique_id.c.obj
 .debug_loc     0x0000e5f9      0x909 my_blink/CMakeFiles/my_blink.dir/C_/PicoSDK/pico-sdk/src/rp2_common/hardware_flash/flash.c.obj

.debug_aranges  0x00000000      0xeb0
 .debug_aranges
                0x00000000       0x20 my_blink/CMakeFiles/my_blink.dir/my_blink.c.obj
 .debug_aranges
                0x00000020       0x38 my_blink/CMakeFiles/my_blink.dir/C_/PicoSDK/pico-sdk/src/rp2_common/pico_stdlib/stdlib.c.obj
 .debug_aranges
                0x00000058      0x100 my_blink/CMakeFiles/my_blink.dir/C_/PicoSDK/pico-sdk/src/rp2_common/hardware_gpio/gpio.c.obj
 .debug_aranges
                0x00000158       0x28 my_blink/CMakeFiles/my_blink.dir/C_/PicoSDK/pico-sdk/src/rp2_common/pico_platform/platform.c.obj
 .debug_aranges
                0x00000180       0x48 my_blink/CMakeFiles/my_blink.dir/C_/PicoSDK/pico-sdk/src/rp2_common/hardware_claim/claim.c.obj
 .debug_aranges
                0x000001c8       0x58 my_blink/CMakeFiles/my_blink.dir/C_/PicoSDK/pico-sdk/src/rp2_common/hardware_sync/sync.c.obj
 .debug_aranges
                0x00000220       0xc8 my_blink/CMakeFiles/my_blink.dir/C_/PicoSDK/pico-sdk/src/rp2_common/hardware_irq/irq.c.obj
 .debug_aranges
                0x000002e8       0x20 my_blink/CMakeFiles/my_blink.dir/C_/PicoSDK/pico-sdk/src/common/pico_sync/lock_core.c.obj
 .debug_aranges
                0x00000308       0x90 my_blink/CMakeFiles/my_blink.dir/C_/PicoSDK/pico-sdk/src/common/pico_sync/mutex.c.obj
 .debug_aranges
                0x00000398       0xe8 my_blink/CMakeFiles/my_blink.dir/C_/PicoSDK/pico-sdk/src/common/pico_time/time.c.obj
 .debug_aranges
                0x00000480       0x88 my_blink/CMakeFiles/my_blink.dir/C_/PicoSDK/pico-sdk/src/rp2_common/hardware_timer/timer.c.obj
 .debug_aranges
                0x00000508       0x78 my_blink/CMakeFiles/my_blink.dir/C_/PicoSDK/pico-sdk/src/common/pico_util/pheap.c.obj
 .debug_aranges
                0x00000580       0x40 my_blink/CMakeFiles/my_blink.dir/C_/PicoSDK/pico-sdk/src/rp2_common/hardware_uart/uart.c.obj
 .debug_aranges
                0x000005c0       0x70 my_blink/CMakeFiles/my_blink.dir/C_/PicoSDK/pico-sdk/src/rp2_common/hardware_clocks/clocks.c.obj
 .debug_aranges
                0x00000630       0x28 my_blink/CMakeFiles/my_blink.dir/C_/PicoSDK/pico-sdk/src/rp2_common/hardware_pll/pll.c.obj
 .debug_aranges
                0x00000658       0x58 my_blink/CMakeFiles/my_blink.dir/C_/PicoSDK/pico-sdk/src/rp2_common/hardware_watchdog/watchdog.c.obj
 .debug_aranges
                0x000006b0       0x30 my_blink/CMakeFiles/my_blink.dir/C_/PicoSDK/pico-sdk/src/rp2_common/hardware_xosc/xosc.c.obj