Archive member included to satisfy reference by file (symbol)

c:/picosdk/gcc-arm-none-eabi/bin/../lib/gcc/arm-none-eabi/10.3.1/../../../../arm-none-eabi/lib/thumb/v6-m/nofp\libstdc++.a(pure.o)
                              st7735_bme280/CMakeFiles/st7735_bme280.dir/st7735/ST7735_TFT_Print.cpp.obj (__cxa_pure_virtual)
c:/picosdk/gcc-arm-none-eabi/bin/../lib/gcc/arm-none-eabi/10.3.1/../../../../arm-none-eabi/lib/thumb/v6-m/nofp\libstdc++.a(eh_terminate.o)
                              c:/picosdk/gcc-arm-none-eabi/bin/../lib/gcc/arm-none-eabi/10.3.1/../../../../arm-none-eabi/lib/thumb/v6-m/nofp\libstdc++.a(pure.o) (std::terminate())
c:/picosdk/gcc-arm-none-eabi/bin/../lib/gcc/arm-none-eabi/10.3.1/../../../../arm-none-eabi/lib/thumb/v6-m/nofp\libstdc++.a(eh_unex_handler.o)
                              c:/picosdk/gcc-arm-none-eabi/bin/../lib/gcc/arm-none-eabi/10.3.1/../../../../arm-none-eabi/lib/thumb/v6-m/nofp\libstdc++.a(eh_terminate.o) (__cxxabiv1::__unexpected_handler)
c:/picosdk/gcc-arm-none-eabi/bin/../lib/gcc/arm-none-eabi/10.3.1/../../../../arm-none-eabi/lib/thumb/v6-m/nofp\libstdc++.a(vterminate.o)
                              c:/picosdk/gcc-arm-none-eabi/bin/../lib/gcc/arm-none-eabi/10.3.1/../../../../arm-none-eabi/lib/thumb/v6-m/nofp\libstdc++.a(eh_terminate.o) (__gnu_cxx::__verbose_terminate_handler())
c:/picosdk/gcc-arm-none-eabi/bin/../lib/gcc/arm-none-eabi/10.3.1/../../../../arm-none-eabi/lib/thumb/v6-m/nofp\libstdc++.a(cp-demangle.o)
                              c:/picosdk/gcc-arm-none-eabi/bin/../lib/gcc/arm-none-eabi/10.3.1/../../../../arm-none-eabi/lib/thumb/v6-m/nofp\libstdc++.a(vterminate.o) (__cxa_demangle)
c:/picosdk/gcc-arm-none-eabi/bin/../lib/gcc/arm-none-eabi/10.3.1/../../../../arm-none-eabi/lib/thumb/v6-m/nofp\libstdc++.a(eh_arm.o)
                              c:/picosdk/gcc-arm-none-eabi/bin/../lib/gcc/arm-none-eabi/10.3.1/../../../../arm-none-eabi/lib/thumb/v6-m/nofp\libstdc++.a(eh_terminate.o) (__cxa_end_cleanup)
c:/picosdk/gcc-arm-none-eabi/bin/../lib/gcc/arm-none-eabi/10.3.1/../../../../arm-none-eabi/lib/thumb/v6-m/nofp\libstdc++.a(eh_call.o)
                              c:/picosdk/gcc-arm-none-eabi/bin/../lib/gcc/arm-none-eabi/10.3.1/../../../../arm-none-eabi/lib/thumb/v6-m/nofp\libstdc++.a(eh_terminate.o) (__cxa_call_unexpected)
c:/picosdk/gcc-arm-none-eabi/bin/../lib/gcc/arm-none-eabi/10.3.1/../../../../arm-none-eabi/lib/thumb/v6-m/nofp\libstdc++.a(eh_catch.o)
                              c:/picosdk/gcc-arm-none-eabi/bin/../lib/gcc/arm-none-eabi/10.3.1/../../../../arm-none-eabi/lib/thumb/v6-m/nofp\libstdc++.a(eh_terminate.o) (__cxa_begin_catch)
c:/picosdk/gcc-arm-none-eabi/bin/../lib/gcc/arm-none-eabi/10.3.1/../../../../arm-none-eabi/lib/thumb/v6-m/nofp\libstdc++.a(eh_exception.o)
                              c:/picosdk/gcc-arm-none-eabi/bin/../lib/gcc/arm-none-eabi/10.3.1/../../../../arm-none-eabi/lib/thumb/v6-m/nofp\libstdc++.a(eh_call.o) (std::bad_exception::~bad_exception())
c:/picosdk/gcc-arm-none-eabi/bin/../lib/gcc/arm-none-eabi/10.3.1/../../../../arm-none-eabi/lib/thumb/v6-m/nofp\libstdc++.a(eh_globals.o)
                              c:/picosdk/gcc-arm-none-eabi/bin/../lib/gcc/arm-none-eabi/10.3.1/../../../../arm-none-eabi/lib/thumb/v6-m/nofp\libstdc++.a(eh_call.o) (__cxa_get_globals_fast)
c:/picosdk/gcc-arm-none-eabi/bin/../lib/gcc/arm-none-eabi/10.3.1/../../../../arm-none-eabi/lib/thumb/v6-m/nofp\libstdc++.a(eh_personality.o)
                              c:/picosdk/gcc-arm-none-eabi/bin/../lib/gcc/arm-none-eabi/10.3.1/../../../../arm-none-eabi/lib/thumb/v6-m/nofp\libstdc++.a(eh_terminate.o) (__gxx_personality_v0)
c:/picosdk/gcc-arm-none-eabi/bin/../lib/gcc/arm-none-eabi/10.3.1/../../../../arm-none-eabi/lib/thumb/v6-m/nofp\libstdc++.a(eh_term_handler.o)
                              c:/picosdk/gcc-arm-none-eabi/bin/../lib/gcc/arm-none-eabi/10.3.1/../../../../arm-none-eabi/lib/thumb/v6-m/nofp\libstdc++.a(eh_terminate.o) (__cxxabiv1::__terminate_handler)
c:/picosdk/gcc-arm-none-eabi/bin/../lib/gcc/arm-none-eabi/10.3.1/../../../../arm-none-eabi/lib/thumb/v6-m/nofp\libstdc++.a(eh_throw.o)
                              c:/picosdk/gcc-arm-none-eabi/bin/../lib/gcc/arm-none-eabi/10.3.1/../../../../arm-none-eabi/lib/thumb/v6-m/nofp\libstdc++.a(eh_call.o) (__cxa_throw)
c:/picosdk/gcc-arm-none-eabi/bin/../lib/gcc/arm-none-eabi/10.3.1/../../../../arm-none-eabi/lib/thumb/v6-m/nofp\libstdc++.a(eh_type.o)
                              c:/picosdk/gcc-arm-none-eabi/bin/../lib/gcc/arm-none-eabi/10.3.1/../../../../arm-none-eabi/lib/thumb/v6-m/nofp\libstdc++.a(vterminate.o) (__cxa_current_exception_type)
c:/picosdk/gcc-arm-none-eabi/bin/../lib/gcc/arm-none-eabi/10.3.1/../../../../arm-none-eabi/lib/thumb/v6-m/nofp\libstdc++.a(si_class_type_info.o)
                              c:/picosdk/gcc-arm-none-eabi/bin/../lib/gcc/arm-none-eabi/10.3.1/../../../../arm-none-eabi/lib/thumb/v6-m/nofp\libstdc++.a(eh_exception.o) (vtable for __cxxabiv1::__si_class_type_info)
[...]
Memory Configuration

Name             Origin             Length             Attributes
FLASH            0x10000000         0x00200000         xr
RAM              0x20000000         0x00040000         xrw
SCRATCH_X        0x20040000         0x00001000         xrw
SCRATCH_Y        0x20041000         0x00001000         xrw
*default*        0x00000000         0xffffffff

Linker script and memory map

LOAD c:/picosdk/gcc-arm-none-eabi/bin/../lib/gcc/arm-none-eabi/10.3.1/thumb/v6-m/nofp/crti.o
LOAD c:/picosdk/gcc-arm-none-eabi/bin/../lib/gcc/arm-none-eabi/10.3.1/thumb/v6-m/nofp/crtbegin.o
LOAD c:/picosdk/gcc-arm-none-eabi/bin/../lib/gcc/arm-none-eabi/10.3.1/../../../../arm-none-eabi/lib/thumb/v6-m/nofp/crt0.o

.flash_begin    0x10000000        0x0
                0x10000000                __flash_binary_start = .

.boot2          0x10000000      0x100
                0x10000000                __boot2_start__ = .
 *(.boot2)
 .boot2         0x10000000      0x100 C:\Users\lvanek\AppData\Local\Temp\ccZ557kl.o
                0x10000100                __boot2_end__ = .
                0x00000001                ASSERT (((__boot2_end__ - __boot2_start__) == 0x100), ERROR: Pico second stage bootloader must be 256 bytes in size)

.text           0x10000100    0x10078
                0x10000100                __logical_binary_start = .
 *(.vectors)
 .vectors       0x10000100       0xd4 st7735_bme280/CMakeFiles/st7735_bme280.dir/C_/PicoSDK/pico-sdk/src/rp2_common/pico_standard_link/crt0.S.obj
                0x10000100                __VECTOR_TABLE
                0x10000100                __vectors
                0x100001c0                isr_invalid
                0x100001c0                __default_isrs_start
                0x100001c2                isr_nmi
                0x100001c4                isr_hardfault
                0x100001c6                isr_svcall
                0x100001c8                isr_pendsv
                0x100001ca                isr_systick
                0x100001cc                isr_irq23
                0x100001cc                isr_irq18
                0x100001cc                isr_irq11
                0x100001cc                isr_irq28
                0x100001cc                isr_irq19
                0x100001cc                isr_irq0
                0x100001cc                isr_irq6
                0x100001cc                isr_irq5
                0x100001cc                isr_irq12
                0x100001cc                isr_irq22
                0x100001cc                isr_irq31
                0x100001cc                isr_irq17
                0x100001cc                isr_irq27
                0x100001cc                isr_irq30
                0x100001cc                isr_irq2
                0x100001cc                isr_irq10
                0x100001cc                isr_irq8
                0x100001cc                isr_irq24
                0x100001cc                isr_irq1
                0x100001cc                isr_irq7
                0x100001cc                isr_irq21
                0x100001cc                isr_irq20
                0x100001cc                isr_irq15
                0x100001cc                isr_irq25
                0x100001cc                isr_irq13
                0x100001cc                __unhandled_user_irq
                0x100001cc                isr_irq4
                0x100001cc                isr_irq16
                0x100001cc                isr_irq29
                0x100001cc                isr_irq26
                0x100001cc                __default_isrs_end
                0x100001cc                isr_irq3
                0x100001cc                isr_irq14
                0x100001cc                isr_irq9
                0x100001d2                unhandled_user_irq_num_in_r0
 *(.binary_info_header)
 .binary_info_header
                0x100001d4       0x14 st7735_bme280/CMakeFiles/st7735_bme280.dir/C_/PicoSDK/pico-sdk/src/rp2_common/pico_standard_link/crt0.S.obj
                0x100001e8                __binary_info_header_end = .
 *(.reset)
 .reset         0x100001e8       0xa0 st7735_bme280/CMakeFiles/st7735_bme280.dir/C_/PicoSDK/pico-sdk/src/rp2_common/pico_standard_link/crt0.S.obj
                0x100001e8                _entry_point
 .reset         0x10000288       0x30 st7735_bme280/CMakeFiles/st7735_bme280.dir/C_/PicoSDK/pico-sdk/src/rp2_common/pico_standard_link/binary_info.c.obj
 *(.init)
 .init          0x100002b8        0x4 c:/picosdk/gcc-arm-none-eabi/bin/../lib/gcc/arm-none-eabi/10.3.1/thumb/v6-m/nofp/crti.o
                0x100002b8                _init
 *(EXCLUDE_FILE(*libm.a: *libc.a:*lib_a-mem*.o *libgcc.a:) .text*)
 .text          0x100002bc       0x48 c:/picosdk/gcc-arm-none-eabi/bin/../lib/gcc/arm-none-eabi/10.3.1/thumb/v6-m/nofp/crtbegin.o
 .text._ZN5Print17availableForWriteEv
                0x10000304        0x4 st7735_bme280/CMakeFiles/st7735_bme280.dir/st7735_bme280.cpp.obj
                0x10000304                Print::availableForWrite()
 .text._Z41__static_initialization_and_destruction_0ii
                0x10000308       0x50 st7735_bme280/CMakeFiles/st7735_bme280.dir/st7735_bme280.cpp.obj
 .text._ZN10ST7735_TFTC2ERKS_
                0x10000358       0xac st7735_bme280/CMakeFiles/st7735_bme280.dir/st7735_bme280.cpp.obj
                0x10000358                ST7735_TFT::ST7735_TFT(ST7735_TFT const&)
                0x10000358                ST7735_TFT::ST7735_TFT(ST7735_TFT const&)
 .text._Z9SetupTFT1v
                0x10000404       0x54 st7735_bme280/CMakeFiles/st7735_bme280.dir/st7735_bme280.cpp.obj
                0x10000404                SetupTFT1()
 .text._Z9SetupTFT2v
                0x10000458       0x54 st7735_bme280/CMakeFiles/st7735_bme280.dir/st7735_bme280.cpp.obj
                0x10000458                SetupTFT2()
 .text._Z11bme280_initt
                0x100004ac       0x58 st7735_bme280/CMakeFiles/st7735_bme280.dir/st7735_bme280.cpp.obj
                0x100004ac                bme280_init(unsigned short)
 .text._Z15bme280_read_rawtPlS_S_
                0x10000504       0x90 st7735_bme280/CMakeFiles/st7735_bme280.dir/st7735_bme280.cpp.obj
                0x10000504                bme280_read_raw(unsigned short, long*, long*, long*)
 .text._Z12bme280_resett
                0x10000594       0x24 st7735_bme280/CMakeFiles/st7735_bme280.dir/st7735_bme280.cpp.obj
                0x10000594                bme280_reset(unsigned short)
 .text._Z14bme280_convertlP18bmp280_calib_param
                0x100005b8       0x26 st7735_bme280/CMakeFiles/st7735_bme280.dir/st7735_bme280.cpp.obj
                0x100005b8                bme280_convert(long, bmp280_calib_param*)
 .text._Z19bme280_convert_templP18bmp280_calib_param
                0x100005de       0x12 st7735_bme280/CMakeFiles/st7735_bme280.dir/st7735_bme280.cpp.obj
                0x100005de                bme280_convert_temp(long, bmp280_calib_param*)
 .text._Z23bme280_convert_pressurellP18bmp280_calib_param
                0x100005f0       0xb8 st7735_bme280/CMakeFiles/st7735_bme280.dir/st7735_bme280.cpp.obj
                0x100005f0                bme280_convert_pressure(long, long, bmp280_calib_param*)
 .text._Z23bme280_convert_humidityllP18bmp280_calib_param
                0x100006a8      0x14c st7735_bme280/CMakeFiles/st7735_bme280.dir/st7735_bme280.cpp.obj
                0x100006a8                bme280_convert_humidity(long, long, bmp280_calib_param*)
 .text._Z23bmp280_get_calib_paramstP18bmp280_calib_param
                0x100007f4      0x104 st7735_bme280/CMakeFiles/st7735_bme280.dir/st7735_bme280.cpp.obj
                0x100007f4                bmp280_get_calib_params(unsigned short, bmp280_calib_param*)
 .text._Z5Test110ST7735_TFT
                0x100008f8      0x15c st7735_bme280/CMakeFiles/st7735_bme280.dir/st7735_bme280.cpp.obj
                0x100008f8                Test1(ST7735_TFT)
 .text.main     0x10000a54      0x4f8 st7735_bme280/CMakeFiles/st7735_bme280.dir/st7735_bme280.cpp.obj
                0x10000a54                main
 .text._GLOBAL__sub_I_myTFT1
                0x10000f4c       0x10 st7735_bme280/CMakeFiles/st7735_bme280.dir/st7735_bme280.cpp.obj
 .text.gpio_set_function
                0x10000f5c       0x30 st7735_bme280/CMakeFiles/st7735_bme280.dir/C_/PicoSDK/pico-sdk/src/rp2_common/hardware_gpio/gpio.c.obj
                0x10000f5c                gpio_set_function
 .text.gpio_set_pulls
                0x10000f8c       0x34 st7735_bme280/CMakeFiles/st7735_bme280.dir/C_/PicoSDK/pico-sdk/src/rp2_common/hardware_gpio/gpio.c.obj
                0x10000f8c                gpio_set_pulls
 .text.gpio_init
                0x10000fc0       0x16 st7735_bme280/CMakeFiles/st7735_bme280.dir/C_/PicoSDK/pico-sdk/src/rp2_common/hardware_gpio/gpio.c.obj
                0x10000fc0                gpio_init
 *fill*         0x10000fd6        0x2 
 .text.running_on_fpga
                0x10000fd8       0x14 st7735_bme280/CMakeFiles/st7735_bme280.dir/C_/PicoSDK/pico-sdk/src/rp2_common/pico_platform/platform.c.obj
                0x10000fd8                running_on_fpga
 .text.hw_claim_lock
                0x10000fec       0x18 st7735_bme280/CMakeFiles/st7735_bme280.dir/C_/PicoSDK/pico-sdk/src/rp2_common/hardware_claim/claim.c.obj
                0x10000fec                hw_claim_lock
 .text.hw_claim_unlock
                0x10001004       0x14 st7735_bme280/CMakeFiles/st7735_bme280.dir/C_/PicoSDK/pico-sdk/src/rp2_common/hardware_claim/claim.c.obj
                0x10001004                hw_claim_unlock
 .text.hw_claim_or_assert
                0x10001018       0x32 st7735_bme280/CMakeFiles/st7735_bme280.dir/C_/PicoSDK/pico-sdk/src/rp2_common/hardware_claim/claim.c.obj
                0x10001018                hw_claim_or_assert
 *fill*         0x1000104a        0x2 
 .text.spin_locks_reset
                0x1000104c       0x20 st7735_bme280/CMakeFiles/st7735_bme280.dir/C_/PicoSDK/pico-sdk/src/rp2_common/hardware_sync/sync.c.obj
                0x1000104c                spin_locks_reset
 .text.next_striped_spin_lock_num
                0x1000106c       0x1c st7735_bme280/CMakeFiles/st7735_bme280.dir/C_/PicoSDK/pico-sdk/src/rp2_common/hardware_sync/sync.c.obj
                0x1000106c                next_striped_spin_lock_num
 .text.set_raw_irq_handler_and_unlock
                0x10001088       0x28 st7735_bme280/CMakeFiles/st7735_bme280.dir/C_/PicoSDK/pico-sdk/src/rp2_common/hardware_irq/irq.c.obj
 .text.make_branch
                0x100010b0       0x48 st7735_bme280/CMakeFiles/st7735_bme280.dir/C_/PicoSDK/pico-sdk/src/rp2_common/hardware_irq/irq.c.obj
 .text.insert_branch_and_link
                0x100010f8       0x40 st7735_bme280/CMakeFiles/st7735_bme280.dir/C_/PicoSDK/pico-sdk/src/rp2_common/hardware_irq/irq.c.obj
 .text.irq_is_enabled
                0x10001138       0x18 st7735_bme280/CMakeFiles/st7735_bme280.dir/C_/PicoSDK/pico-sdk/src/rp2_common/hardware_irq/irq.c.obj
                0x10001138                irq_is_enabled
 .text.irq_set_mask_enabled
                0x10001150       0x20 st7735_bme280/CMakeFiles/st7735_bme280.dir/C_/PicoSDK/pico-sdk/src/rp2_common/hardware_irq/irq.c.obj
                0x10001150                irq_set_mask_enabled
 .text.irq_set_enabled
                0x10001170        0xe st7735_bme280/CMakeFiles/st7735_bme280.dir/C_/PicoSDK/pico-sdk/src/rp2_common/hardware_irq/irq.c.obj
                0x10001170                irq_set_enabled
 *fill*         0x1000117e        0x2 
 .text.irq_get_vtable_handler
                0x10001180       0x10 st7735_bme280/CMakeFiles/st7735_bme280.dir/C_/PicoSDK/pico-sdk/src/rp2_common/hardware_irq/irq.c.obj
                0x10001180                irq_get_vtable_handler
 .text.irq_set_exclusive_handler
                0x10001190       0x54 st7735_bme280/CMakeFiles/st7735_bme280.dir/C_/PicoSDK/pico-sdk/src/rp2_common/hardware_irq/irq.c.obj
                0x10001190                irq_set_exclusive_handler
 .text.irq_remove_handler
                0x100011e4      0x1ac st7735_bme280/CMakeFiles/st7735_bme280.dir/C_/PicoSDK/pico-sdk/src/rp2_common/hardware_irq/irq.c.obj
                0x100011e4                irq_remove_handler
 .text.irq_add_tail_to_free_list
                0x10001390       0xf0 st7735_bme280/CMakeFiles/st7735_bme280.dir/C_/PicoSDK/pico-sdk/src/rp2_common/hardware_irq/irq.c.obj
                0x10001390                irq_add_tail_to_free_list
 .text.irq_init_priorities
                0x10001480       0x1c st7735_bme280/CMakeFiles/st7735_bme280.dir/C_/PicoSDK/pico-sdk/src/rp2_common/hardware_irq/irq.c.obj
                0x10001480                irq_init_priorities
 .text.lock_init
                0x1000149c       0x10 st7735_bme280/CMakeFiles/st7735_bme280.dir/C_/PicoSDK/pico-sdk/src/common/pico_sync/lock_core.c.obj
                0x1000149c                lock_init
 .text.mutex_init
                0x100014ac       0x1a st7735_bme280/CMakeFiles/st7735_bme280.dir/C_/PicoSDK/pico-sdk/src/common/pico_sync/mutex.c.obj
                0x100014ac                mutex_init
 .text.recursive_mutex_init
                0x100014c6       0x1e st7735_bme280/CMakeFiles/st7735_bme280.dir/C_/PicoSDK/pico-sdk/src/common/pico_sync/mutex.c.obj
                0x100014c6                recursive_mutex_init
 .text.alarm_pool_post_alloc_init
                0x100014e4       0x40 st7735_bme280/CMakeFiles/st7735_bme280.dir/C_/PicoSDK/pico-sdk/src/common/pico_time/time.c.obj
 .text.sleep_until_callback
                0x10001524       0x30 st7735_bme280/CMakeFiles/st7735_bme280.dir/C_/PicoSDK/pico-sdk/src/common/pico_time/time.c.obj
 .text.timer_pool_entry_comparator
                0x10001554       0x7c st7735_bme280/CMakeFiles/st7735_bme280.dir/C_/PicoSDK/pico-sdk/src/common/pico_time/time.c.obj
                0x10001554                timer_pool_entry_comparator
 .text.ph_add_child_node
                0x100015d0       0xa4 st7735_bme280/CMakeFiles/st7735_bme280.dir/C_/PicoSDK/pico-sdk/src/common/pico_time/time.c.obj
 .text.ph_merge_nodes
                0x10001674       0x3e st7735_bme280/CMakeFiles/st7735_bme280.dir/C_/PicoSDK/pico-sdk/src/common/pico_time/time.c.obj
 *fill*         0x100016b2        0x2 
 .text.add_alarm_under_lock
                0x100016b4      0x174 st7735_bme280/CMakeFiles/st7735_bme280.dir/C_/PicoSDK/pico-sdk/src/common/pico_time/time.c.obj
 .text.alarm_pool_alarm_callback
                0x10001828      0x33c st7735_bme280/CMakeFiles/st7735_bme280.dir/C_/PicoSDK/pico-sdk/src/common/pico_time/time.c.obj
 .text.alarm_pool_init_default
                0x10001b64       0x40 st7735_bme280/CMakeFiles/st7735_bme280.dir/C_/PicoSDK/pico-sdk/src/common/pico_time/time.c.obj
                0x10001b64                alarm_pool_init_default
 .text.alarm_pool_get_default
                0x10001ba4       0x2c st7735_bme280/CMakeFiles/st7735_bme280.dir/C_/PicoSDK/pico-sdk/src/common/pico_time/time.c.obj
                0x10001ba4                alarm_pool_get_default
 .text.alarm_pool_add_alarm_at
                0x10001bd0      0x168 st7735_bme280/CMakeFiles/st7735_bme280.dir/C_/PicoSDK/pico-sdk/src/common/pico_time/time.c.obj
                0x10001bd0                alarm_pool_add_alarm_at
 .text.alarm_pool_cancel_alarm
                0x10001d38       0xf0 st7735_bme280/CMakeFiles/st7735_bme280.dir/C_/PicoSDK/pico-sdk/src/common/pico_time/time.c.obj
                0x10001d38                alarm_pool_cancel_alarm
 .text.best_effort_wfe_or_timeout
                0x10001e28       0xac st7735_bme280/CMakeFiles/st7735_bme280.dir/C_/PicoSDK/pico-sdk/src/common/pico_time/time.c.obj
                0x10001e28                best_effort_wfe_or_timeout
 .text.hardware_alarm_irq_handler
                0x10001ed4       0x90 st7735_bme280/CMakeFiles/st7735_bme280.dir/C_/PicoSDK/pico-sdk/src/rp2_common/hardware_timer/timer.c.obj
 .text.hardware_alarm_claim
                0x10001f64       0x18 st7735_bme280/CMakeFiles/st7735_bme280.dir/C_/PicoSDK/pico-sdk/src/rp2_common/hardware_timer/timer.c.obj
                0x10001f64                hardware_alarm_claim
 .text.time_us_64
                0x10001f7c       0x18 st7735_bme280/CMakeFiles/st7735_bme280.dir/C_/PicoSDK/pico-sdk/src/rp2_common/hardware_timer/timer.c.obj
                0x10001f7c                time_us_64
 .text.busy_wait_until
                0x10001f94       0x28 st7735_bme280/CMakeFiles/st7735_bme280.dir/C_/PicoSDK/pico-sdk/src/rp2_common/hardware_timer/timer.c.obj
                0x10001f94                busy_wait_until
 .text.busy_wait_us
                0x10001fbc       0x48 st7735_bme280/CMakeFiles/st7735_bme280.dir/C_/PicoSDK/pico-sdk/src/rp2_common/hardware_timer/timer.c.obj
                0x10001fbc                busy_wait_us
 .text.busy_wait_us_32
                0x10002004       0x24 st7735_bme280/CMakeFiles/st7735_bme280.dir/C_/PicoSDK/pico-sdk/src/rp2_common/hardware_timer/timer.c.obj
                0x10002004                busy_wait_us_32
 .text.busy_wait_ms
                0x10002028       0x30 st7735_bme280/CMakeFiles/st7735_bme280.dir/C_/PicoSDK/pico-sdk/src/rp2_common/hardware_timer/timer.c.obj
                0x10002028                busy_wait_ms
 .text.hardware_alarm_set_callback
                0x10002058       0x90 st7735_bme280/CMakeFiles/st7735_bme280.dir/C_/PicoSDK/pico-sdk/src/rp2_common/hardware_timer/timer.c.obj
                0x10002058                hardware_alarm_set_callback
 .text.hardware_alarm_set_target
                0x100020e8       0xe8 st7735_bme280/CMakeFiles/st7735_bme280.dir/C_/PicoSDK/pico-sdk/src/rp2_common/hardware_timer/timer.c.obj
                0x100020e8                hardware_alarm_set_target
 .text.hardware_alarm_cancel
                0x100021d0       0x40 st7735_bme280/CMakeFiles/st7735_bme280.dir/C_/PicoSDK/pico-sdk/src/rp2_common/hardware_timer/timer.c.obj
                0x100021d0                hardware_alarm_cancel
 .text.ph_add_child_node
                0x10002210       0xa4 st7735_bme280/CMakeFiles/st7735_bme280.dir/C_/PicoSDK/pico-sdk/src/common/pico_util/pheap.c.obj
 .text.ph_merge_nodes
                0x100022b4       0x3e st7735_bme280/CMakeFiles/st7735_bme280.dir/C_/PicoSDK/pico-sdk/src/common/pico_util/pheap.c.obj
 *fill*         0x100022f2        0x2 
 .text.ph_clear
                0x100022f4       0x70 st7735_bme280/CMakeFiles/st7735_bme280.dir/C_/PicoSDK/pico-sdk/src/common/pico_util/pheap.c.obj
                0x100022f4                ph_clear
 .text.ph_post_alloc_init
                0x10002364        0xe st7735_bme280/CMakeFiles/st7735_bme280.dir/C_/PicoSDK/pico-sdk/src/common/pico_util/pheap.c.obj
                0x10002364                ph_post_alloc_init
 *fill*         0x10002372        0x2 
 .text.ph_merge_two_pass
                0x10002374       0xa8 st7735_bme280/CMakeFiles/st7735_bme280.dir/C_/PicoSDK/pico-sdk/src/common/pico_util/pheap.c.obj
                0x10002374                ph_merge_two_pass
 .text.ph_remove_any_head
                0x1000241c      0x128 st7735_bme280/CMakeFiles/st7735_bme280.dir/C_/PicoSDK/pico-sdk/src/common/pico_util/pheap.c.obj
 .text.ph_remove_head
                0x10002544       0x14 st7735_bme280/CMakeFiles/st7735_bme280.dir/C_/PicoSDK/pico-sdk/src/common/pico_util/pheap.c.obj
                0x10002544                ph_remove_head
 .text.ph_remove_and_free_node
                0x10002558       0xf8 st7735_bme280/CMakeFiles/st7735_bme280.dir/C_/PicoSDK/pico-sdk/src/common/pico_util/pheap.c.obj
                0x10002558                ph_remove_and_free_node
 .text.uart_set_baudrate
                0x10002650       0x5c st7735_bme280/CMakeFiles/st7735_bme280.dir/C_/PicoSDK/pico-sdk/src/rp2_common/hardware_uart/uart.c.obj
                0x10002650                uart_set_baudrate
 .text.uart_set_translate_crlf
                0x100026ac       0x28 st7735_bme280/CMakeFiles/st7735_bme280.dir/C_/PicoSDK/pico-sdk/src/rp2_common/hardware_uart/uart.c.obj
                0x100026ac                uart_set_translate_crlf
 .text.uart_init
                0x100026d4       0x80 st7735_bme280/CMakeFiles/st7735_bme280.dir/C_/PicoSDK/pico-sdk/src/rp2_common/hardware_uart/uart.c.obj
                0x100026d4                uart_init
 .text.clock_configure
                0x10002754      0x104 st7735_bme280/CMakeFiles/st7735_bme280.dir/C_/PicoSDK/pico-sdk/src/rp2_common/hardware_clocks/clocks.c.obj
                0x10002754                clock_configure
 .text.clocks_init
                0x10002858      0x100 st7735_bme280/CMakeFiles/st7735_bme280.dir/C_/PicoSDK/pico-sdk/src/rp2_common/hardware_clocks/clocks.c.obj
                0x10002858                clocks_init
 .text.clock_get_hz
                0x10002958        0xc st7735_bme280/CMakeFiles/st7735_bme280.dir/C_/PicoSDK/pico-sdk/src/rp2_common/hardware_clocks/clocks.c.obj
                0x10002958                clock_get_hz
 .text.pll_init
                0x10002964      0x12c st7735_bme280/CMakeFiles/st7735_bme280.dir/C_/PicoSDK/pico-sdk/src/rp2_common/hardware_pll/pll.c.obj
                0x10002964                pll_init
 .text.watchdog_start_tick
                0x10002a90       0x10 st7735_bme280/CMakeFiles/st7735_bme280.dir/C_/PicoSDK/pico-sdk/src/rp2_common/hardware_watchdog/watchdog.c.obj
                0x10002a90                watchdog_start_tick
 .text.xosc_init
                0x10002aa0       0x28 st7735_bme280/CMakeFiles/st7735_bme280.dir/C_/PicoSDK/pico-sdk/src/rp2_common/hardware_xosc/xosc.c.obj
                0x10002aa0                xosc_init
 .text._exit    0x10002ac8        0x4 st7735_bme280/CMakeFiles/st7735_bme280.dir/C_/PicoSDK/pico-sdk/src/rp2_common/pico_runtime/runtime.c.obj
                0x10002ac8                _exit
 .text._sbrk    0x10002acc       0x38 st7735_bme280/CMakeFiles/st7735_bme280.dir/C_/PicoSDK/pico-sdk/src/rp2_common/pico_runtime/runtime.c.obj
                0x10002acc                _sbrk
 .text._getpid  0x10002b04        0x4 st7735_bme280/CMakeFiles/st7735_bme280.dir/C_/PicoSDK/pico-sdk/src/rp2_common/pico_runtime/runtime.c.obj
                0x10002b04                _getpid
 .text._kill    0x10002b08        0x6 st7735_bme280/CMakeFiles/st7735_bme280.dir/C_/PicoSDK/pico-sdk/src/rp2_common/pico_runtime/runtime.c.obj
                0x10002b08                _kill
 .text.exit     0x10002b0e        0x6 st7735_bme280/CMakeFiles/st7735_bme280.dir/C_/PicoSDK/pico-sdk/src/rp2_common/pico_runtime/runtime.c.obj
                0x10002b0e                exit
 .text.__assert_func
                0x10002b14       0x3c st7735_bme280/CMakeFiles/st7735_bme280.dir/C_/PicoSDK/pico-sdk/src/rp2_common/pico_runtime/runtime.c.obj
                0x10002b14                __assert_func
 .text.runtime_init
                0x10002b50       0xf8 st7735_bme280/CMakeFiles/st7735_bme280.dir/C_/PicoSDK/pico-sdk/src/rp2_common/pico_runtime/runtime.c.obj
                0x10002b50                runtime_init
 .text.panic    0x10002c48       0x30 st7735_bme280/CMakeFiles/st7735_bme280.dir/C_/PicoSDK/pico-sdk/src/rp2_common/pico_runtime/runtime.c.obj
                0x10002c48                panic
 .text._out_buffer
                0x10002c78        0x8 st7735_bme280/CMakeFiles/st7735_bme280.dir/C_/PicoSDK/pico-sdk/src/rp2_common/pico_printf/printf.c.obj
 .text._out_null
                0x10002c80        0x2 st7735_bme280/CMakeFiles/st7735_bme280.dir/C_/PicoSDK/pico-sdk/src/rp2_common/pico_printf/printf.c.obj
 .text._out_fct
                0x10002c82        0xe st7735_bme280/CMakeFiles/st7735_bme280.dir/C_/PicoSDK/pico-sdk/src/rp2_common/pico_printf/printf.c.obj
 .text._atoi    0x10002c90       0x24 st7735_bme280/CMakeFiles/st7735_bme280.dir/C_/PicoSDK/pico-sdk/src/rp2_common/pico_printf/printf.c.obj
 .text._out_rev
                0x10002cb4       0xae st7735_bme280/CMakeFiles/st7735_bme280.dir/C_/PicoSDK/pico-sdk/src/rp2_common/pico_printf/printf.c.obj
 .text._ntoa_format
                0x10002d62      0x112 st7735_bme280/CMakeFiles/st7735_bme280.dir/C_/PicoSDK/pico-sdk/src/rp2_common/pico_printf/printf.c.obj
 .text._ntoa_long
                0x10002e74       0xbc st7735_bme280/CMakeFiles/st7735_bme280.dir/C_/PicoSDK/pico-sdk/src/rp2_common/pico_printf/printf.c.obj
 .text._ntoa_long_long
                0x10002f30       0xe2 st7735_bme280/CMakeFiles/st7735_bme280.dir/C_/PicoSDK/pico-sdk/src/rp2_common/pico_printf/printf.c.obj
 *fill*         0x10003012        0x2 
 .text._etoa    0x10003014      0x414 st7735_bme280/CMakeFiles/st7735_bme280.dir/C_/PicoSDK/pico-sdk/src/rp2_common/pico_printf/printf.c.obj
 .text._ftoa    0x10003428      0x354 st7735_bme280/CMakeFiles/st7735_bme280.dir/C_/PicoSDK/pico-sdk/src/rp2_common/pico_printf/printf.c.obj
 .text._vsnprintf
                0x1000377c      0x624 st7735_bme280/CMakeFiles/st7735_bme280.dir/C_/PicoSDK/pico-sdk/src/rp2_common/pico_printf/printf.c.obj
 .text.__wrap_sprintf
                0x10003da0       0x28 st7735_bme280/CMakeFiles/st7735_bme280.dir/C_/PicoSDK/pico-sdk/src/rp2_common/pico_printf/printf.c.obj
                0x10003da0                __wrap_sprintf
 .text.vfctprintf
                0x10003dc8       0x20 st7735_bme280/CMakeFiles/st7735_bme280.dir/C_/PicoSDK/pico-sdk/src/rp2_common/pico_printf/printf.c.obj
                0x10003dc8                vfctprintf
 .text          0x10003de8       0x10 st7735_bme280/CMakeFiles/st7735_bme280.dir/C_/PicoSDK/pico-sdk/src/rp2_common/pico_bit_ops/bit_ops_aeabi.S.obj
 .text.rom_func_lookup
                0x10003df8       0x10 st7735_bme280/CMakeFiles/st7735_bme280.dir/C_/PicoSDK/pico-sdk/src/rp2_common/pico_bootrom/bootrom.c.obj
                0x10003df8                rom_func_lookup
 .text.rom_data_lookup
                0x10003e08       0x10 st7735_bme280/CMakeFiles/st7735_bme280.dir/C_/PicoSDK/pico-sdk/src/rp2_common/pico_bootrom/bootrom.c.obj
                0x10003e08                rom_data_lookup
 .text.rom_funcs_lookup
                0x10003e18       0x36 st7735_bme280/CMakeFiles/st7735_bme280.dir/C_/PicoSDK/pico-sdk/src/rp2_common/pico_bootrom/bootrom.c.obj
                0x10003e18                rom_funcs_lookup
 *fill*         0x10003e4e        0x2 
 .text.__wrap___aeabi_idiv
                0x10003e50       0x50 st7735_bme280/CMakeFiles/st7735_bme280.dir/C_/PicoSDK/pico-sdk/src/rp2_common/pico_divider/divider.S.obj
                0x10003e50                __wrap___aeabi_idivmod
                0x10003e50                divmod_s32s32
                0x10003e50                div_s32s32
                0x10003e50                __wrap___aeabi_idiv
                0x10003e58                divmod_s32s32_unsafe
                0x10003e84                divmod_s32s32_savestate
 .text.__wrap___aeabi_uidiv
                0x10003ea0       0x4c st7735_bme280/CMakeFiles/st7735_bme280.dir/C_/PicoSDK/pico-sdk/src/rp2_common/pico_divider/divider.S.obj
                0x10003ea0                __wrap___aeabi_uidiv
                0x10003ea0                __wrap___aeabi_uidivmod
                0x10003ea0                div_u32u32
                0x10003ea0                divmod_u32u32
                0x10003ea8                divmod_u32u32_unsafe
                0x10003ed0                divmod_u32u32_savestate
 .text.__wrap___aeabi_ldiv
                0x10003eec      0x424 st7735_bme280/CMakeFiles/st7735_bme280.dir/C_/PicoSDK/pico-sdk/src/rp2_common/pico_divider/divider.S.obj
                0x10003eec                div_s64s64
                0x10003eec                divmod_s64s64
                0x10003eec                __wrap___aeabi_ldivmod
                0x10003f1c                divmod_u64u64
                0x10003f1c                div_u64u64
                0x10003f1c                __wrap___aeabi_uldivmod
                0x10003f2c                divmod_u64u64_savestate
                0x10003f4c                divmod_s64s64_unsafe
                0x10003fd4                divmod_u64u64_unsafe
 .text.__wrap___aeabi_darithmetic
                0x10004310       0x80 st7735_bme280/CMakeFiles/st7735_bme280.dir/C_/PicoSDK/pico-sdk/src/rp2_common/pico_double/double_aeabi.S.obj
                0x10004310                __wrap___aeabi_drsub
                0x10004316                __wrap___aeabi_dsub
                0x10004328                __wrap___aeabi_dadd
                0x1000433a                __wrap___aeabi_ddiv
                0x10004376                __wrap___aeabi_dmul
 .text.__wrap___aeabi_cdcmple
                0x10004390       0x6c st7735_bme280/CMakeFiles/st7735_bme280.dir/C_/PicoSDK/pico-sdk/src/rp2_common/pico_double/double_aeabi.S.obj
                0x10004390                __wrap___aeabi_cdrcmple
                0x100043a0                __wrap___aeabi_cdcmpeq
                0x100043a0                __wrap___aeabi_cdcmple
 .text.__wrap___aeabi_dcmplt
                0x100043fc        0xc st7735_bme280/CMakeFiles/st7735_bme280.dir/C_/PicoSDK/pico-sdk/src/rp2_common/pico_double/double_aeabi.S.obj
                0x100043fc                __wrap___aeabi_dcmplt
 .text.__wrap___aeabi_dcmple
                0x10004408       0x10 st7735_bme280/CMakeFiles/st7735_bme280.dir/C_/PicoSDK/pico-sdk/src/rp2_common/pico_double/double_aeabi.S.obj
                0x10004408                __wrap___aeabi_dcmple
 .text.__wrap___aeabi_dcmpge
                0x10004418       0x10 st7735_bme280/CMakeFiles/st7735_bme280.dir/C_/PicoSDK/pico-sdk/src/rp2_common/pico_double/double_aeabi.S.obj
                0x10004418                __wrap___aeabi_dcmpge
 .text.__wrap___aeabi_dcmpgt
                0x10004428        0xa st7735_bme280/CMakeFiles/st7735_bme280.dir/C_/PicoSDK/pico-sdk/src/rp2_common/pico_double/double_aeabi.S.obj
                0x10004428                __wrap___aeabi_dcmpgt
 .text.__wrap___aeabi_dcmpun
                0x10004432       0x1c st7735_bme280/CMakeFiles/st7735_bme280.dir/C_/PicoSDK/pico-sdk/src/rp2_common/pico_double/double_aeabi.S.obj
                0x10004432                __wrap___aeabi_dcmpun
 *fill*         0x1000444e        0x2 
 .text.__wrap___aeabi_i2d
                0x10004450       0x38 st7735_bme280/CMakeFiles/st7735_bme280.dir/C_/PicoSDK/pico-sdk/src/rp2_common/pico_double/double_aeabi.S.obj
                0x10004450                __wrap___aeabi_ui2d
                0x10004458                __wrap___aeabi_i2d
 .text.__wrap___aeabi_d2iz
                0x10004488       0x48 st7735_bme280/CMakeFiles/st7735_bme280.dir/C_/PicoSDK/pico-sdk/src/rp2_common/pico_double/double_aeabi.S.obj
                0x10004488                double2int_z
                0x10004488                __wrap___aeabi_d2iz
 .text.__wrap___aeabi_d2uiz
                0x100044d0       0x18 st7735_bme280/CMakeFiles/st7735_bme280.dir/C_/PicoSDK/pico-sdk/src/rp2_common/pico_double/double_aeabi.S.obj
                0x100044d0                __wrap___aeabi_d2uiz
                0x100044d0                double2uint
 .text.__aeabi_double_init
                0x100044e8       0xc8 st7735_bme280/CMakeFiles/st7735_bme280.dir/C_/PicoSDK/pico-sdk/src/rp2_common/pico_double/double_init_rom.c.obj
                0x100044e8                __aeabi_double_init
 .text.double_table_shim_on_use_helper
                0x100045b0       0x34 st7735_bme280/CMakeFiles/st7735_bme280.dir/C_/PicoSDK/pico-sdk/src/rp2_common/pico_double/double_v1_rom_shim.S.obj
                0x100045b0                double_table_shim_on_use_helper
 .text.__wrap___aeabi_dsub
                0x100045e4       0x10 st7735_bme280/CMakeFiles/st7735_bme280.dir/C_/PicoSDK/pico-sdk/src/rp2_common/pico_double/double_v1_rom_shim.S.obj
                0x100045e4                drsub_shim
                0x100045ea                dsub_shim
 .text.dadd_shim
                0x100045f4      0x15c st7735_bme280/CMakeFiles/st7735_bme280.dir/C_/PicoSDK/pico-sdk/src/rp2_common/pico_double/double_v1_rom_shim.S.obj
                0x100045f4                dadd_shim
 .text.dmul_shim
                0x10004750      0x15c st7735_bme280/CMakeFiles/st7735_bme280.dir/C_/PicoSDK/pico-sdk/src/rp2_common/pico_double/double_v1_rom_shim.S.obj
                0x10004750                dmul_shim
 .text.ddiv_shim
                0x100048ac      0x1b0 st7735_bme280/CMakeFiles/st7735_bme280.dir/C_/PicoSDK/pico-sdk/src/rp2_common/pico_double/double_v1_rom_shim.S.obj
                0x100048ac                ddiv_shim
 .text.double2uint_shim
                0x10004a5c        0xe st7735_bme280/CMakeFiles/st7735_bme280.dir/C_/PicoSDK/pico-sdk/src/rp2_common/pico_double/double_v1_rom_shim.S.obj
                0x10004a5c                double2uint_shim
                0x10004a5e                double2ufix_shim
 *fill*         0x10004a6a        0x2 
 .text.double2uint64_shim
                0x10004a6c       0x70 st7735_bme280/CMakeFiles/st7735_bme280.dir/C_/PicoSDK/pico-sdk/src/rp2_common/pico_double/double_v1_rom_shim.S.obj
                0x10004a6c                double2uint64_shim
                0x10004a6e                double2ufix64_shim
                0x10004a8e                d2fix_a
 .text.dunpacks
                0x10004adc       0x3c st7735_bme280/CMakeFiles/st7735_bme280.dir/C_/PicoSDK/pico-sdk/src/rp2_common/pico_double/double_v1_rom_shim.S.obj
                0x10004adc                dunpacks
 .text.__aeabi_lmul
                0x10004b18       0x32 st7735_bme280/CMakeFiles/st7735_bme280.dir/C_/PicoSDK/pico-sdk/src/rp2_common/pico_int64_ops/pico_int64_ops_aeabi.S.obj
                0x10004b18                __wrap___aeabi_lmul
 *fill*         0x10004b4a        0x2 
 .text.__wrap___aeabi_farithmetic
                0x10004b4c       0x58 st7735_bme280/CMakeFiles/st7735_bme280.dir/C_/PicoSDK/pico-sdk/src/rp2_common/pico_float/float_aeabi.S.obj
                0x10004b4c                __wrap___aeabi_frsub
                0x10004b52                __wrap___aeabi_fsub
                0x10004b5c                __wrap___aeabi_fadd
                0x10004b66                __wrap___aeabi_fdiv
                0x10004b92                __wrap___aeabi_fmul
 .text.__wrap___aeabi_i2f
                0x10004ba4       0x44 st7735_bme280/CMakeFiles/st7735_bme280.dir/C_/PicoSDK/pico-sdk/src/rp2_common/pico_float/float_aeabi.S.obj
                0x10004ba4                __wrap___aeabi_i2f
 .text.__wrap___aeabi_f2d
                0x10004be8       0x14 st7735_bme280/CMakeFiles/st7735_bme280.dir/C_/PicoSDK/pico-sdk/src/rp2_common/pico_float/float_aeabi.S.obj
                0x10004be8                __wrap___aeabi_f2d
 .text.__aeabi_float_init
                0x10004bfc       0xfc st7735_bme280/CMakeFiles/st7735_bme280.dir/C_/PicoSDK/pico-sdk/src/rp2_common/pico_float/float_init_rom.c.obj
                0x10004bfc                __aeabi_float_init
 .text.float_table_shim_on_use_helper
                0x10004cf8       0x34 st7735_bme280/CMakeFiles/st7735_bme280.dir/C_/PicoSDK/pico-sdk/src/rp2_common/pico_float/float_v1_rom_shim.S.obj
                0x10004cf8                float_table_shim_on_use_helper
 .text.float2double_shim
                0x10004d2c       0x30 st7735_bme280/CMakeFiles/st7735_bme280.dir/C_/PicoSDK/pico-sdk/src/rp2_common/pico_float/float_v1_rom_shim.S.obj
                0x10004d2c                float2double_shim
 .text.__wrap_malloc
                0x10004d5c       0x24 st7735_bme280/CMakeFiles/st7735_bme280.dir/C_/PicoSDK/pico-sdk/src/rp2_common/pico_malloc/pico_malloc.c.obj
                0x10004d5c                __wrap_malloc
 .text.__wrap_realloc
                0x10004d80       0x24 st7735_bme280/CMakeFiles/st7735_bme280.dir/C_/PicoSDK/pico-sdk/src/rp2_common/pico_malloc/pico_malloc.c.obj
                0x10004d80                __wrap_realloc
 .text.__wrap_free
                0x10004da4        0x8 st7735_bme280/CMakeFiles/st7735_bme280.dir/C_/PicoSDK/pico-sdk/src/rp2_common/pico_malloc/pico_malloc.c.obj
                0x10004da4                __wrap_free
 .text          0x10004dac       0x10 st7735_bme280/CMakeFiles/st7735_bme280.dir/C_/PicoSDK/pico-sdk/src/rp2_common/pico_mem_ops/mem_ops_aeabi.S.obj
                0x10004dac                __aeabi_mem_init
 .text.memset   0x10004dbc        0xc st7735_bme280/CMakeFiles/st7735_bme280.dir/C_/PicoSDK/pico-sdk/src/rp2_common/pico_mem_ops/mem_ops_aeabi.S.obj
                0x10004dbc                __wrap_memset
 .text.memcpy   0x10004dc8        0xc st7735_bme280/CMakeFiles/st7735_bme280.dir/C_/PicoSDK/pico-sdk/src/rp2_common/pico_mem_ops/mem_ops_aeabi.S.obj
                0x10004dc8                __wrap_memcpy
                0x10004dc8                __wrap___aeabi_memcpy
 .text._ZdlPvj  0x10004dd4        0x8 st7735_bme280/CMakeFiles/st7735_bme280.dir/C_/PicoSDK/pico-sdk/src/rp2_common/pico_standard_link/new_delete.cpp.obj
                0x10004dd4                operator delete(void*, unsigned int)
 .text.stdio_out_chars_no_crlf
                0x10004ddc        0xe st7735_bme280/CMakeFiles/st7735_bme280.dir/C_/PicoSDK/pico-sdk/src/rp2_common/pico_stdio/stdio.c.obj
 *fill*         0x10004dea        0x2 
 .text.stdio_out_chars_crlf
                0x10004dec       0x80 st7735_bme280/CMakeFiles/st7735_bme280.dir/C_/PicoSDK/pico-sdk/src/rp2_common/pico_stdio/stdio.c.obj
 .text.stdio_stack_buffer_flush
                0x10004e6c       0x44 st7735_bme280/CMakeFiles/st7735_bme280.dir/C_/PicoSDK/pico-sdk/src/rp2_common/pico_stdio/stdio.c.obj
 .text.stdio_buffered_printer
                0x10004eb0       0x20 st7735_bme280/CMakeFiles/st7735_bme280.dir/C_/PicoSDK/pico-sdk/src/rp2_common/pico_stdio/stdio.c.obj
 .text.stdio_get_until
                0x10004ed0       0x80 st7735_bme280/CMakeFiles/st7735_bme280.dir/C_/PicoSDK/pico-sdk/src/rp2_common/pico_stdio/stdio.c.obj
 .text.stdout_serialize_begin
                0x10004f50       0x5c st7735_bme280/CMakeFiles/st7735_bme280.dir/C_/PicoSDK/pico-sdk/src/rp2_common/pico_stdio/stdio.c.obj
                0x10004f50                stdout_serialize_begin
 .text.stdout_serialize_end
                0x10004fac       0x10 st7735_bme280/CMakeFiles/st7735_bme280.dir/C_/PicoSDK/pico-sdk/src/rp2_common/pico_stdio/stdio.c.obj
                0x10004fac                stdout_serialize_end
 .text.stdio_put_string
                0x10004fbc       0x98 st7735_bme280/CMakeFiles/st7735_bme280.dir/C_/PicoSDK/pico-sdk/src/rp2_common/pico_stdio/stdio.c.obj
 .text._read    0x10005054       0x24 st7735_bme280/CMakeFiles/st7735_bme280.dir/C_/PicoSDK/pico-sdk/src/rp2_common/pico_stdio/stdio.c.obj
                0x10005054                _read
 .text._write   0x10005078       0x22 st7735_bme280/CMakeFiles/st7735_bme280.dir/C_/PicoSDK/pico-sdk/src/rp2_common/pico_stdio/stdio.c.obj
                0x10005078                _write
 .text._close   0x1000509a        0x6 st7735_bme280/CMakeFiles/st7735_bme280.dir/C_/PicoSDK/pico-sdk/src/rp2_common/pico_stdio/stdio.c.obj
                0x1000509a                _close
 .text._lseek   0x100050a0        0x6 st7735_bme280/CMakeFiles/st7735_bme280.dir/C_/PicoSDK/pico-sdk/src/rp2_common/pico_stdio/stdio.c.obj
                0x100050a0                _lseek
 .text._fstat   0x100050a6        0x6 st7735_bme280/CMakeFiles/st7735_bme280.dir/C_/PicoSDK/pico-sdk/src/rp2_common/pico_stdio/stdio.c.obj
                0x100050a6                _fstat
 .text._isatty  0x100050ac        0xc st7735_bme280/CMakeFiles/st7735_bme280.dir/C_/PicoSDK/pico-sdk/src/rp2_common/pico_stdio/stdio.c.obj
                0x100050ac                _isatty
 .text.stdio_set_driver_enabled
                0x100050b8       0x2c st7735_bme280/CMakeFiles/st7735_bme280.dir/C_/PicoSDK/pico-sdk/src/rp2_common/pico_stdio/stdio.c.obj
                0x100050b8                stdio_set_driver_enabled
 .text.stdio_flush
                0x100050e4       0x20 st7735_bme280/CMakeFiles/st7735_bme280.dir/C_/PicoSDK/pico-sdk/src/rp2_common/pico_stdio/stdio.c.obj
                0x100050e4                stdio_flush
 .text.__wrap_puts
                0x10005104       0x1e st7735_bme280/CMakeFiles/st7735_bme280.dir/C_/PicoSDK/pico-sdk/src/rp2_common/pico_stdio/stdio.c.obj
                0x10005104                __wrap_puts
 *fill*         0x10005122        0x2 
 .text.__wrap_vprintf
                0x10005124       0x40 st7735_bme280/CMakeFiles/st7735_bme280.dir/C_/PicoSDK/pico-sdk/src/rp2_common/pico_stdio/stdio.c.obj
                0x10005124                __wrap_vprintf
 .text.__wrap_printf
                0x10005164       0x18 st7735_bme280/CMakeFiles/st7735_bme280.dir/C_/PicoSDK/pico-sdk/src/rp2_common/pico_stdio/stdio.c.obj
                0x10005164                __wrap_printf
 .text.stdio_init_all
                0x1000517c        0xa st7735_bme280/CMakeFiles/st7735_bme280.dir/C_/PicoSDK/pico-sdk/src/rp2_common/pico_stdio/stdio.c.obj
                0x1000517c                stdio_init_all
 *fill*         0x10005186        0x2 
 .text.stdio_uart_out_chars
                0x10005188       0x74 st7735_bme280/CMakeFiles/st7735_bme280.dir/C_/PicoSDK/pico-sdk/src/rp2_common/pico_stdio_uart/stdio_uart.c.obj
 .text.stdio_uart_in_chars
                0x100051fc       0x80 st7735_bme280/CMakeFiles/st7735_bme280.dir/C_/PicoSDK/pico-sdk/src/rp2_common/pico_stdio_uart/stdio_uart.c.obj
                0x100051fc                stdio_uart_in_chars
 .text.on_uart_rx
                0x1000527c       0x28 st7735_bme280/CMakeFiles/st7735_bme280.dir/C_/PicoSDK/pico-sdk/src/rp2_common/pico_stdio_uart/stdio_uart.c.obj
 .text.stdio_uart_set_chars_available_callback
                0x100052a4       0x8c st7735_bme280/CMakeFiles/st7735_bme280.dir/C_/PicoSDK/pico-sdk/src/rp2_common/pico_stdio_uart/stdio_uart.c.obj
 .text.stdio_uart_init_full
                0x10005330       0x44 st7735_bme280/CMakeFiles/st7735_bme280.dir/C_/PicoSDK/pico-sdk/src/rp2_common/pico_stdio_uart/stdio_uart.c.obj
                0x10005330                stdio_uart_init_full
 .text.stdio_uart_init
                0x10005374       0x28 st7735_bme280/CMakeFiles/st7735_bme280.dir/C_/PicoSDK/pico-sdk/src/rp2_common/pico_stdio_uart/stdio_uart.c.obj
                0x10005374                stdio_uart_init
 .text.spi_set_baudrate
                0x1000539c       0x92 st7735_bme280/CMakeFiles/st7735_bme280.dir/C_/PicoSDK/pico-sdk/src/rp2_common/hardware_spi/spi.c.obj
                0x1000539c                spi_set_baudrate
 *fill*         0x1000542e        0x2 
 .text.spi_init
                0x10005430       0x68 st7735_bme280/CMakeFiles/st7735_bme280.dir/C_/PicoSDK/pico-sdk/src/rp2_common/hardware_spi/spi.c.obj
                0x10005430                spi_init
 .text.i2c_write_blocking_internal
                0x10005498      0x140 st7735_bme280/CMakeFiles/st7735_bme280.dir/C_/PicoSDK/pico-sdk/src/rp2_common/hardware_i2c/i2c.c.obj
 .text.i2c_read_blocking_internal
                0x100055d8       0xe6 st7735_bme280/CMakeFiles/st7735_bme280.dir/C_/PicoSDK/pico-sdk/src/rp2_common/hardware_i2c/i2c.c.obj
 *fill*         0x100056be        0x2 
 .text.i2c_set_baudrate
                0x100056c0       0xf0 st7735_bme280/CMakeFiles/st7735_bme280.dir/C_/PicoSDK/pico-sdk/src/rp2_common/hardware_i2c/i2c.c.obj
                0x100056c0                i2c_set_baudrate
 .text.i2c_init
                0x100057b0       0x58 st7735_bme280/CMakeFiles/st7735_bme280.dir/C_/PicoSDK/pico-sdk/src/rp2_common/hardware_i2c/i2c.c.obj
                0x100057b0                i2c_init
 .text.i2c_write_blocking
                0x10005808       0x18 st7735_bme280/CMakeFiles/st7735_bme280.dir/C_/PicoSDK/pico-sdk/src/rp2_common/hardware_i2c/i2c.c.obj
                0x10005808                i2c_write_blocking
 .text.i2c_read_blocking
                0x10005820       0x18 st7735_bme280/CMakeFiles/st7735_bme280.dir/C_/PicoSDK/pico-sdk/src/rp2_common/hardware_i2c/i2c.c.obj
                0x10005820                i2c_read_blocking
 .text._ZN10ST7735_TFTC2Ev
                0x10005838       0x1c st7735_bme280/CMakeFiles/st7735_bme280.dir/st7735/ST7735_TFT.cpp.obj
                0x10005838                ST7735_TFT::ST7735_TFT()
                0x10005838                ST7735_TFT::ST7735_TFT()
 .text._ZN10ST7735_TFT16TFTSPIInitializeEv
                0x10005854       0x40 st7735_bme280/CMakeFiles/st7735_bme280.dir/st7735/ST7735_TFT.cpp.obj
                0x10005854                ST7735_TFT::TFTSPIInitialize()
 .text._ZN10ST7735_TFT11TFTResetPINEv
                0x10005894       0x3e st7735_bme280/CMakeFiles/st7735_bme280.dir/st7735/ST7735_TFT.cpp.obj
                0x10005894                ST7735_TFT::TFTResetPIN()
 .text._ZN10ST7735_TFT12TFTSetupGPIOEaaaaa
                0x100058d2       0x4e st7735_bme280/CMakeFiles/st7735_bme280.dir/st7735/ST7735_TFT.cpp.obj
                0x100058d2                ST7735_TFT::TFTSetupGPIO(signed char, signed char, signed char, signed char, signed char)
 .text._ZN10ST7735_TFT10Rcmd2greenEv
                0x10005920       0x54 st7735_bme280/CMakeFiles/st7735_bme280.dir/st7735/ST7735_TFT.cpp.obj
                0x10005920                ST7735_TFT::Rcmd2green()
 .text._ZN10ST7735_TFT4BcmdEv
                0x10005974      0x1b8 st7735_bme280/CMakeFiles/st7735_bme280.dir/st7735/ST7735_TFT.cpp.obj
                0x10005974                ST7735_TFT::Bcmd()
 .text._ZN10ST7735_TFT20TFTST7735BInitializeEv
                0x10005b2c       0x76 st7735_bme280/CMakeFiles/st7735_bme280.dir/st7735/ST7735_TFT.cpp.obj
                0x10005b2c                ST7735_TFT::TFTST7735BInitialize()
 *fill*         0x10005ba2        0x2 
 .text._ZN10ST7735_TFT5Rcmd1Ev
                0x10005ba4      0x13c st7735_bme280/CMakeFiles/st7735_bme280.dir/st7735/ST7735_TFT.cpp.obj
                0x10005ba4                ST7735_TFT::Rcmd1()
 .text._ZN10ST7735_TFT8Rcmd2redEv
                0x10005ce0       0x38 st7735_bme280/CMakeFiles/st7735_bme280.dir/st7735/ST7735_TFT.cpp.obj
                0x10005ce0                ST7735_TFT::Rcmd2red()
 .text._ZN10ST7735_TFT5Rcmd3Ev
                0x10005d18       0x6c st7735_bme280/CMakeFiles/st7735_bme280.dir/st7735/ST7735_TFT.cpp.obj
                0x10005d18                ST7735_TFT::Rcmd3()
 .text._ZN10ST7735_TFT21TFTGreenTabInitializeEv
                0x10005d84       0x82 st7735_bme280/CMakeFiles/st7735_bme280.dir/st7735/ST7735_TFT.cpp.obj
                0x10005d84                ST7735_TFT::TFTGreenTabInitialize()
 .text._ZN10ST7735_TFT19TFTRedTabInitializeEv
                0x10005e06       0x82 st7735_bme280/CMakeFiles/st7735_bme280.dir/st7735/ST7735_TFT.cpp.obj
                0x10005e06                ST7735_TFT::TFTRedTabInitialize()
 .text._ZN10ST7735_TFT21TFTBlackTabInitializeEv
                0x10005e88       0x92 st7735_bme280/CMakeFiles/st7735_bme280.dir/st7735/ST7735_TFT.cpp.obj
                0x10005e88                ST7735_TFT::TFTBlackTabInitialize()
 .text._ZN10ST7735_TFT17TFTInitScreenSizeEhhtt
                0x10005f1a       0x18 st7735_bme280/CMakeFiles/st7735_bme280.dir/st7735/ST7735_TFT.cpp.obj
                0x10005f1a                ST7735_TFT::TFTInitScreenSize(unsigned char, unsigned char, unsigned short, unsigned short)
 .text._ZN10ST7735_TFT14TFTInitPCBTypeENS_13TFT_PCBtype_eE
                0x10005f32       0x2c st7735_bme280/CMakeFiles/st7735_bme280.dir/st7735/ST7735_TFT.cpp.obj
                0x10005f32                ST7735_TFT::TFTInitPCBType(ST7735_TFT::TFT_PCBtype_e)
 .text._ZN10ST7735_TFT14TFTInitSPITypeEmP8spi_inst
                0x10005f5e        0xc st7735_bme280/CMakeFiles/st7735_bme280.dir/st7735/ST7735_TFT.cpp.obj
                0x10005f5e                ST7735_TFT::TFTInitSPIType(unsigned long, spi_inst*)
 *fill*         0x10005f6a        0x2 
 .text._ZN19ST7735_TFT_graphicsC2Ev
                0x10005f6c       0x38 st7735_bme280/CMakeFiles/st7735_bme280.dir/st7735/ST7735_TFT_graphics.cpp.obj
                0x10005f6c                ST7735_TFT_graphics::ST7735_TFT_graphics()
                0x10005f6c                ST7735_TFT_graphics::ST7735_TFT_graphics()
 .text._ZN19ST7735_TFT_graphics10TFTFontNumENS_15TFT_Font_Type_eE
                0x10005fa4       0x90 st7735_bme280/CMakeFiles/st7735_bme280.dir/st7735/ST7735_TFT_graphics.cpp.obj
                0x10005fa4                ST7735_TFT_graphics::TFTFontNum(ST7735_TFT_graphics::TFT_Font_Type_e)
 .text._ZN19ST7735_TFT_graphics16spiWriteSoftwareEh
                0x10006034       0x4e st7735_bme280/CMakeFiles/st7735_bme280.dir/st7735/ST7735_TFT_graphics.cpp.obj
                0x10006034                ST7735_TFT_graphics::spiWriteSoftware(unsigned char)
 .text._ZN19ST7735_TFT_graphics8spiWriteEh
                0x10006082       0x28 st7735_bme280/CMakeFiles/st7735_bme280.dir/st7735/ST7735_TFT_graphics.cpp.obj
                0x10006082                ST7735_TFT_graphics::spiWrite(unsigned char)
 .text._ZN19ST7735_TFT_graphics12writeCommandEh
                0x100060aa       0x2a st7735_bme280/CMakeFiles/st7735_bme280.dir/st7735/ST7735_TFT_graphics.cpp.obj
                0x100060aa                ST7735_TFT_graphics::writeCommand(unsigned char)
 .text._ZN19ST7735_TFT_graphics9writeDataEh
                0x100060d4       0x2a st7735_bme280/CMakeFiles/st7735_bme280.dir/st7735/ST7735_TFT_graphics.cpp.obj
                0x100060d4                ST7735_TFT_graphics::writeData(unsigned char)
 .text._ZN19ST7735_TFT_graphics16TFTsetAddrWindowEhhhh
                0x100060fe       0x7e st7735_bme280/CMakeFiles/st7735_bme280.dir/st7735/ST7735_TFT_graphics.cpp.obj
                0x100060fe                ST7735_TFT_graphics::TFTsetAddrWindow(unsigned char, unsigned char, unsigned char, unsigned char)
 .text._ZN19ST7735_TFT_graphics12TFTdrawPixelEhht
                0x1000617c       0x3a st7735_bme280/CMakeFiles/st7735_bme280.dir/st7735/ST7735_TFT_graphics.cpp.obj
                0x1000617c                ST7735_TFT_graphics::TFTdrawPixel(unsigned char, unsigned char, unsigned short)
 *fill*         0x100061b6        0x2 
 .text._ZN19ST7735_TFT_graphics18TFTdrawCharNumFontEhhhtt
                0x100061b8       0xd4 st7735_bme280/CMakeFiles/st7735_bme280.dir/st7735/ST7735_TFT_graphics.cpp.obj
                0x100061b8                ST7735_TFT_graphics::TFTdrawCharNumFont(unsigned char, unsigned char, unsigned char, unsigned short, unsigned short)
 .text._ZN19ST7735_TFT_graphics16TFTdrawFastVLineEhhht
                0x1000628c       0x8a st7735_bme280/CMakeFiles/st7735_bme280.dir/st7735/ST7735_TFT_graphics.cpp.obj
                0x1000628c                ST7735_TFT_graphics::TFTdrawFastVLine(unsigned char, unsigned char, unsigned char, unsigned short)
 .text._ZN19ST7735_TFT_graphics16fillCircleHelperEssshst
                0x10006316      0x168 st7735_bme280/CMakeFiles/st7735_bme280.dir/st7735/ST7735_TFT_graphics.cpp.obj
                0x10006316                ST7735_TFT_graphics::fillCircleHelper(short, short, short, unsigned char, short, unsigned short)
 .text._ZN19ST7735_TFT_graphics13TFTfillCircleEssst
                0x1000647e       0x42 st7735_bme280/CMakeFiles/st7735_bme280.dir/st7735/ST7735_TFT_graphics.cpp.obj
                0x1000647e                ST7735_TFT_graphics::TFTfillCircle(short, short, short, unsigned short)
 .text._ZN19ST7735_TFT_graphics11TFTfillRectEhhhht
                0x100064c0       0x4e st7735_bme280/CMakeFiles/st7735_bme280.dir/st7735/ST7735_TFT_graphics.cpp.obj
                0x100064c0                ST7735_TFT_graphics::TFTfillRect(unsigned char, unsigned char, unsigned char, unsigned char, unsigned short)
 *fill*         0x1000650e        0x2 
 .text._ZN19ST7735_TFT_graphics11TFTdrawCharEhhhtth
                0x10006510      0x198 st7735_bme280/CMakeFiles/st7735_bme280.dir/st7735/ST7735_TFT_graphics.cpp.obj
                0x10006510                ST7735_TFT_graphics::TFTdrawChar(unsigned char, unsigned char, unsigned char, unsigned short, unsigned short, unsigned char)
 .text._ZN19ST7735_TFT_graphics11TFTdrawTextEhhPctth
                0x100066a8       0xba st7735_bme280/CMakeFiles/st7735_bme280.dir/st7735/ST7735_TFT_graphics.cpp.obj
                0x100066a8                ST7735_TFT_graphics::TFTdrawText(unsigned char, unsigned char, char*, unsigned short, unsigned short, unsigned char)
 .text._ZN19ST7735_TFT_graphics5writeEh
                0x10006762      0x138 st7735_bme280/CMakeFiles/st7735_bme280.dir/st7735/ST7735_TFT_graphics.cpp.obj
                0x10006762                ST7735_TFT_graphics::write(unsigned char)
 .text._ZN19ST7735_TFT_graphics16TFTdrawFastHLineEhhht
                0x1000689a       0x88 st7735_bme280/CMakeFiles/st7735_bme280.dir/st7735/ST7735_TFT_graphics.cpp.obj
                0x1000689a                ST7735_TFT_graphics::TFTdrawFastHLine(unsigned char, unsigned char, unsigned char, unsigned short)
 .text._ZN19ST7735_TFT_graphics18spiWriteDataBufferEPhm
                0x10006922       0x56 st7735_bme280/CMakeFiles/st7735_bme280.dir/st7735/ST7735_TFT_graphics.cpp.obj
                0x10006922                ST7735_TFT_graphics::spiWriteDataBuffer(unsigned char*, unsigned long)
 .text._ZN19ST7735_TFT_graphics16TFTfillRectangleEhhhht
                0x10006978       0xb4 st7735_bme280/CMakeFiles/st7735_bme280.dir/st7735/ST7735_TFT_graphics.cpp.obj
                0x10006978                ST7735_TFT_graphics::TFTfillRectangle(unsigned char, unsigned char, unsigned char, unsigned char, unsigned short)
 .text._ZN19ST7735_TFT_graphics13TFTfillScreenEt
                0x10006a2c       0x18 st7735_bme280/CMakeFiles/st7735_bme280.dir/st7735/ST7735_TFT_graphics.cpp.obj
                0x10006a2c                ST7735_TFT_graphics::TFTfillScreen(unsigned short)
 .text._ZN5Print5writeEPKhj
                0x10006a44       0x28 st7735_bme280/CMakeFiles/st7735_bme280.dir/st7735/ST7735_TFT_Print.cpp.obj
                0x10006a44                Print::write(unsigned char const*, unsigned int)
 .text.__cxa_pure_virtual
                0x10006a6c       0x14 c:/picosdk/gcc-arm-none-eabi/bin/../lib/gcc/arm-none-eabi/10.3.1/../../../../arm-none-eabi/lib/thumb/v6-m/nofp\libstdc++.a(pure.o)
                0x10006a6c                __cxa_pure_virtual
 .text._ZN10__cxxabiv111__terminateEPFvvE
                0x10006a80       0x28 c:/picosdk/gcc-arm-none-eabi/bin/../lib/gcc/arm-none-eabi/10.3.1/../../../../arm-none-eabi/lib/thumb/v6-m/nofp\libstdc++.a(eh_terminate.o)
                0x10006a80                __cxxabiv1::__terminate(void (*)())
 .text._ZSt9terminatev
                0x10006aa8       0x10 c:/picosdk/gcc-arm-none-eabi/bin/../lib/gcc/arm-none-eabi/10.3.1/../../../../arm-none-eabi/lib/thumb/v6-m/nofp\libstdc++.a(eh_terminate.o)
                0x10006aa8                std::terminate()
 .text._ZN10__cxxabiv112__unexpectedEPFvvE
                0x10006ab8        0x8 c:/picosdk/gcc-arm-none-eabi/bin/../lib/gcc/arm-none-eabi/10.3.1/../../../../arm-none-eabi/lib/thumb/v6-m/nofp\libstdc++.a(eh_terminate.o)
                0x10006ab8                __cxxabiv1::__unexpected(void (*)())
 .text._ZSt10unexpectedv
                0x10006ac0       0x10 c:/picosdk/gcc-arm-none-eabi/bin/../lib/gcc/arm-none-eabi/10.3.1/../../../../arm-none-eabi/lib/thumb/v6-m/nofp\libstdc++.a(eh_terminate.o)
                0x10006ac0                std::unexpected()
 .text._ZSt13get_terminatev
                0x10006ad0        0xc c:/picosdk/gcc-arm-none-eabi/bin/../lib/gcc/arm-none-eabi/10.3.1/../../../../arm-none-eabi/lib/thumb/v6-m/nofp\libstdc++.a(eh_terminate.o)
                0x10006ad0                std::get_terminate()
 .text._ZSt14get_unexpectedv
                0x10006adc        0xc c:/picosdk/gcc-arm-none-eabi/bin/../lib/gcc/arm-none-eabi/10.3.1/../../../../arm-none-eabi/lib/thumb/v6-m/nofp\libstdc++.a(eh_terminate.o)
                0x10006adc                std::get_unexpected()
 .text._ZN9__gnu_cxx27__verbose_terminate_handlerEv
                0x10006ae8      0x114 c:/picosdk/gcc-arm-none-eabi/bin/../lib/gcc/arm-none-eabi/10.3.1/../../../../arm-none-eabi/lib/thumb/v6-m/nofp\libstdc++.a(vterminate.o)
                0x10006ae8                __gnu_cxx::__verbose_terminate_handler()
 .text          0x10006bfc     0x67e4 c:/picosdk/gcc-arm-none-eabi/bin/../lib/gcc/arm-none-eabi/10.3.1/../../../../arm-none-eabi/lib/thumb/v6-m/nofp\libstdc++.a(cp-demangle.o)
                0x1000d2ec                __cxa_demangle
                0x1000d3c0                __gcclibcxx_demangle_callback
 .text.__cxa_end_cleanup
                0x1000d3e0        0xc c:/picosdk/gcc-arm-none-eabi/bin/../lib/gcc/arm-none-eabi/10.3.1/../../../../arm-none-eabi/lib/thumb/v6-m/nofp\libstdc++.a(eh_arm.o)
                0x1000d3e0                __cxa_end_cleanup
 .text.__cxa_type_match
                0x1000d3ec       0xc0 c:/picosdk/gcc-arm-none-eabi/bin/../lib/gcc/arm-none-eabi/10.3.1/../../../../arm-none-eabi/lib/thumb/v6-m/nofp\libstdc++.a(eh_arm.o)
                0x1000d3ec                __cxa_type_match
 .text.__cxa_begin_cleanup
                0x1000d4ac       0x60 c:/picosdk/gcc-arm-none-eabi/bin/../lib/gcc/arm-none-eabi/10.3.1/../../../../arm-none-eabi/lib/thumb/v6-m/nofp\libstdc++.a(eh_arm.o)
                0x1000d4ac                __cxa_begin_cleanup
 .text.__gnu_end_cleanup
                0x1000d50c       0x70 c:/picosdk/gcc-arm-none-eabi/bin/../lib/gcc/arm-none-eabi/10.3.1/../../../../arm-none-eabi/lib/thumb/v6-m/nofp\libstdc++.a(eh_arm.o)
                0x1000d50c                __gnu_end_cleanup
 .text._ZN10__cxxabiv1L24__is_gxx_exception_classEPc
                0x1000d57c       0x3c c:/picosdk/gcc-arm-none-eabi/bin/../lib/gcc/arm-none-eabi/10.3.1/../../../../arm-none-eabi/lib/thumb/v6-m/nofp\libstdc++.a(eh_call.o)
 .text.__cxa_call_terminate
                0x1000d5b8       0x20 c:/picosdk/gcc-arm-none-eabi/bin/../lib/gcc/arm-none-eabi/10.3.1/../../../../arm-none-eabi/lib/thumb/v6-m/nofp\libstdc++.a(eh_call.o)
                0x1000d5b8                __cxa_call_terminate
 .text.unlikely.__cxa_call_unexpected
                0x1000d5d8      0x100 c:/picosdk/gcc-arm-none-eabi/bin/../lib/gcc/arm-none-eabi/10.3.1/../../../../arm-none-eabi/lib/thumb/v6-m/nofp\libstdc++.a(eh_call.o)
                0x1000d5d8                __cxa_call_unexpected
 .text.__cxa_begin_catch
                0x1000d6d8       0x74 c:/picosdk/gcc-arm-none-eabi/bin/../lib/gcc/arm-none-eabi/10.3.1/../../../../arm-none-eabi/lib/thumb/v6-m/nofp\libstdc++.a(eh_catch.o)
                0x1000d6d8                __cxa_begin_catch
 .text.__cxa_end_catch
                0x1000d74c       0x90 c:/picosdk/gcc-arm-none-eabi/bin/../lib/gcc/arm-none-eabi/10.3.1/../../../../arm-none-eabi/lib/thumb/v6-m/nofp\libstdc++.a(eh_catch.o)
                0x1000d74c                __cxa_end_catch
 .text._ZNSt13bad_exceptionD2Ev
                0x1000d7dc        0x4 c:/picosdk/gcc-arm-none-eabi/bin/../lib/gcc/arm-none-eabi/10.3.1/../../../../arm-none-eabi/lib/thumb/v6-m/nofp\libstdc++.a(eh_exception.o)
                0x1000d7dc                std::bad_exception::~bad_exception()
                0x1000d7dc                std::bad_exception::~bad_exception()
 .text._ZNKSt13bad_exception4whatEv
                0x1000d7e0        0x8 c:/picosdk/gcc-arm-none-eabi/bin/../lib/gcc/arm-none-eabi/10.3.1/../../../../arm-none-eabi/lib/thumb/v6-m/nofp\libstdc++.a(eh_exception.o)
                0x1000d7e0                std::bad_exception::what() const
                0x1000d7e0                transaction clone for std::bad_exception::what() const
 .text._ZNSt13bad_exceptionD0Ev
                0x1000d7e8       0x10 c:/picosdk/gcc-arm-none-eabi/bin/../lib/gcc/arm-none-eabi/10.3.1/../../../../arm-none-eabi/lib/thumb/v6-m/nofp\libstdc++.a(eh_exception.o)
                0x1000d7e8                std::bad_exception::~bad_exception()
 .text.__cxa_get_globals_fast
                0x1000d7f8        0x8 c:/picosdk/gcc-arm-none-eabi/bin/../lib/gcc/arm-none-eabi/10.3.1/../../../../arm-none-eabi/lib/thumb/v6-m/nofp\libstdc++.a(eh_globals.o)
                0x1000d7f8                __cxa_get_globals_fast
 .text.__cxa_get_globals
                0x1000d800        0x8 c:/picosdk/gcc-arm-none-eabi/bin/../lib/gcc/arm-none-eabi/10.3.1/../../../../arm-none-eabi/lib/thumb/v6-m/nofp\libstdc++.a(eh_globals.o)
                0x1000d800                __cxa_get_globals
 .text._ZL28read_encoded_value_with_basehjPKhPj
                0x1000d808      0x114 c:/picosdk/gcc-arm-none-eabi/bin/../lib/gcc/arm-none-eabi/10.3.1/../../../../arm-none-eabi/lib/thumb/v6-m/nofp\libstdc++.a(eh_personality.o)
 .text._ZL21base_of_encoded_valuehP15_Unwind_Context
                0x1000d91c       0x48 c:/picosdk/gcc-arm-none-eabi/bin/../lib/gcc/arm-none-eabi/10.3.1/../../../../arm-none-eabi/lib/thumb/v6-m/nofp\libstdc++.a(eh_personality.o)
 .text._ZL17parse_lsda_headerP15_Unwind_ContextPKhP16lsda_header_info
                0x1000d964       0x98 c:/picosdk/gcc-arm-none-eabi/bin/../lib/gcc/arm-none-eabi/10.3.1/../../../../arm-none-eabi/lib/thumb/v6-m/nofp\libstdc++.a(eh_personality.o)
 .text.__gxx_personality_v0
                0x1000d9fc      0x4c8 c:/picosdk/gcc-arm-none-eabi/bin/../lib/gcc/arm-none-eabi/10.3.1/../../../../arm-none-eabi/lib/thumb/v6-m/nofp\libstdc++.a(eh_personality.o)
                0x1000d9fc                __gxx_personality_v0
 .text._ZL23__gxx_exception_cleanup19_Unwind_Reason_CodeP21_Unwind_Control_Block
                0x1000dec4       0x34 c:/picosdk/gcc-arm-none-eabi/bin/../lib/gcc/arm-none-eabi/10.3.1/../../../../arm-none-eabi/lib/thumb/v6-m/nofp\libstdc++.a(eh_throw.o)
 .text.__cxa_init_primary_exception
                0x1000def8       0x4c c:/picosdk/gcc-arm-none-eabi/bin/../lib/gcc/arm-none-eabi/10.3.1/../../../../arm-none-eabi/lib/thumb/v6-m/nofp\libstdc++.a(eh_throw.o)
                0x1000def8                __cxa_init_primary_exception
 .text.__cxa_throw
                0x1000df44       0x34 c:/picosdk/gcc-arm-none-eabi/bin/../lib/gcc/arm-none-eabi/10.3.1/../../../../arm-none-eabi/lib/thumb/v6-m/nofp\libstdc++.a(eh_throw.o)
                0x1000df44                __cxa_throw
 .text.__cxa_rethrow
                0x1000df78       0x70 c:/picosdk/gcc-arm-none-eabi/bin/../lib/gcc/arm-none-eabi/10.3.1/../../../../arm-none-eabi/lib/thumb/v6-m/nofp\libstdc++.a(eh_throw.o)
                0x1000df78                __cxa_rethrow
 .text.__cxa_current_exception_type
                0x1000dfe8       0x20 c:/picosdk/gcc-arm-none-eabi/bin/../lib/gcc/arm-none-eabi/10.3.1/../../../../arm-none-eabi/lib/thumb/v6-m/nofp\libstdc++.a(eh_type.o)
                0x1000dfe8                __cxa_current_exception_type
 .text._ZN10__cxxabiv120__si_class_type_infoD2Ev
                0x1000e008       0x18 c:/picosdk/gcc-arm-none-eabi/bin/../lib/gcc/arm-none-eabi/10.3.1/../../../../arm-none-eabi/lib/thumb/v6-m/nofp\libstdc++.a(si_class_type_info.o)
                0x1000e008                __cxxabiv1::__si_class_type_info::~__si_class_type_info()
                0x1000e008                __cxxabiv1::__si_class_type_info::~__si_class_type_info()
 .text._ZN10__cxxabiv120__si_class_type_infoD0Ev
                0x1000e020       0x20 c:/picosdk/gcc-arm-none-eabi/bin/../lib/gcc/arm-none-eabi/10.3.1/../../../../arm-none-eabi/lib/thumb/v6-m/nofp\libstdc++.a(si_class_type_info.o)
                0x1000e020                __cxxabiv1::__si_class_type_info::~__si_class_type_info()
 .text._ZNK10__cxxabiv120__si_class_type_info20__do_find_public_srcEiPKvPKNS_17__class_type_infoES2_
                0x1000e040       0x38 c:/picosdk/gcc-arm-none-eabi/bin/../lib/gcc/arm-none-eabi/10.3.1/../../../../arm-none-eabi/lib/thumb/v6-m/nofp\libstdc++.a(si_class_type_info.o)
                0x1000e040                __cxxabiv1::__si_class_type_info::__do_find_public_src(int, void const*, __cxxabiv1::__class_type_info const*, void const*) const
 .text._ZNK10__cxxabiv120__si_class_type_info12__do_dyncastEiNS_17__class_type_info10__sub_kindEPKS1_PKvS4_S6_RNS1_16__dyncast_resultE
                0x1000e078       0x9c c:/picosdk/gcc-arm-none-eabi/bin/../lib/gcc/arm-none-eabi/10.3.1/../../../../arm-none-eabi/lib/thumb/v6-m/nofp\libstdc++.a(si_class_type_info.o)
                0x1000e078                __cxxabiv1::__si_class_type_info::__do_dyncast(int, __cxxabiv1::__class_type_info::__sub_kind, __cxxabiv1::__class_type_info const*, void const*, __cxxabiv1::__class_type_info const*, void const*, __cxxabiv1::__class_type_info::__dyncast_result&) const
 .text._ZNK10__cxxabiv120__si_class_type_info11__do_upcastEPKNS_17__class_type_infoEPKvRNS1_15__upcast_resultE
                0x1000e114       0x24 c:/picosdk/gcc-arm-none-eabi/bin/../lib/gcc/arm-none-eabi/10.3.1/../../../../arm-none-eabi/lib/thumb/v6-m/nofp\libstdc++.a(si_class_type_info.o)
                0x1000e114                __cxxabiv1::__si_class_type_info::__do_upcast(__cxxabiv1::__class_type_info const*, void const*, __cxxabiv1::__class_type_info::__upcast_result&) const
 .text._ZNSt9type_infoD2Ev
                0x1000e138        0x4 c:/picosdk/gcc-arm-none-eabi/bin/../lib/gcc/arm-none-eabi/10.3.1/../../../../arm-none-eabi/lib/thumb/v6-m/nofp\libstdc++.a(tinfo.o)
                0x1000e138                std::type_info::~type_info()
                0x1000e138                std::type_info::~type_info()
 .text._ZNKSt9type_info14__is_pointer_pEv
                0x1000e13c        0x4 c:/picosdk/gcc-arm-none-eabi/bin/../lib/gcc/arm-none-eabi/10.3.1/../../../../arm-none-eabi/lib/thumb/v6-m/nofp\libstdc++.a(tinfo.o)
                0x1000e13c                std::type_info::__is_pointer_p() const
                0x1000e13c                std::type_info::__is_function_p() const
 .text._ZNKSt9type_infoeqERKS_
                0x1000e140       0x30 c:/picosdk/gcc-arm-none-eabi/bin/../lib/gcc/arm-none-eabi/10.3.1/../../../../arm-none-eabi/lib/thumb/v6-m/nofp\libstdc++.a(tinfo.o)
                0x1000e140                std::type_info::operator==(std::type_info const&) const
 .text._ZNK10__cxxabiv117__class_type_info11__do_upcastEPKS0_PPv
                0x1000e170       0x34 c:/picosdk/gcc-arm-none-eabi/bin/../lib/gcc/arm-none-eabi/10.3.1/../../../../arm-none-eabi/lib/thumb/v6-m/nofp\libstdc++.a(class_type_info.o)
                0x1000e170                __cxxabiv1::__class_type_info::__do_upcast(__cxxabiv1::__class_type_info const*, void**) const
 .text._ZNK10__cxxabiv117__class_type_info20__do_find_public_srcEiPKvPKS0_S2_
                0x1000e1a4       0x14 c:/picosdk/gcc-arm-none-eabi/bin/../lib/gcc/arm-none-eabi/10.3.1/../../../../arm-none-eabi/lib/thumb/v6-m/nofp\libstdc++.a(class_type_info.o)
                0x1000e1a4                __cxxabiv1::__class_type_info::__do_find_public_src(int, void const*, __cxxabiv1::__class_type_info const*, void const*) const
 .text._ZN10__cxxabiv117__class_type_infoD2Ev
                0x1000e1b8       0x18 c:/picosdk/gcc-arm-none-eabi/bin/../lib/gcc/arm-none-eabi/10.3.1/../../../../arm-none-eabi/lib/thumb/v6-m/nofp\libstdc++.a(class_type_info.o)
                0x1000e1b8                __cxxabiv1::__class_type_info::~__class_type_info()
                0x1000e1b8                __cxxabiv1::__class_type_info::~__class_type_info()
 .text._ZN10__cxxabiv117__class_type_infoD0Ev
                0x1000e1d0       0x20 c:/picosdk/gcc-arm-none-eabi/bin/../lib/gcc/arm-none-eabi/10.3.1/../../../../arm-none-eabi/lib/thumb/v6-m/nofp\libstdc++.a(class_type_info.o)
                0x1000e1d0                __cxxabiv1::__class_type_info::~__class_type_info()
 .text._ZNK10__cxxabiv117__class_type_info12__do_dyncastEiNS0_10__sub_kindEPKS0_PKvS3_S5_RNS0_16__dyncast_resultE
                0x1000e1f0       0x40 c:/picosdk/gcc-arm-none-eabi/bin/../lib/gcc/arm-none-eabi/10.3.1/../../../../arm-none-eabi/lib/thumb/v6-m/nofp\libstdc++.a(class_type_info.o)
                0x1000e1f0                __cxxabiv1::__class_type_info::__do_dyncast(int, __cxxabiv1::__class_type_info::__sub_kind, __cxxabiv1::__class_type_info const*, void const*, __cxxabiv1::__class_type_info const*, void const*, __cxxabiv1::__class_type_info::__dyncast_result&) const
 .text._ZNK10__cxxabiv117__class_type_info11__do_upcastEPKS0_PKvRNS0_15__upcast_resultE
                0x1000e230       0x1c c:/picosdk/gcc-arm-none-eabi/bin/../lib/gcc/arm-none-eabi/10.3.1/../../../../arm-none-eabi/lib/thumb/v6-m/nofp\libstdc++.a(class_type_info.o)
                0x1000e230                __cxxabiv1::__class_type_info::__do_upcast(__cxxabiv1::__class_type_info const*, void const*, __cxxabiv1::__class_type_info::__upcast_result&) const
 .text._ZNK10__cxxabiv117__class_type_info10__do_catchEPKSt9type_infoPPvj
                0x1000e24c       0x24 c:/picosdk/gcc-arm-none-eabi/bin/../lib/gcc/arm-none-eabi/10.3.1/../../../../arm-none-eabi/lib/thumb/v6-m/nofp\libstdc++.a(class_type_info.o)
                0x1000e24c                __cxxabiv1::__class_type_info::__do_catch(std::type_info const*, void**, unsigned int) const
 .text._ZN12_GLOBAL__N_14pool4freeEPv.constprop.0
                0x1000e270       0x78 c:/picosdk/gcc-arm-none-eabi/bin/../lib/gcc/arm-none-eabi/10.3.1/../../../../arm-none-eabi/lib/thumb/v6-m/nofp\libstdc++.a(eh_alloc.o)
 .text._ZN12_GLOBAL__N_14pool8allocateEj.constprop.0
                0x1000e2e8       0x54 c:/picosdk/gcc-arm-none-eabi/bin/../lib/gcc/arm-none-eabi/10.3.1/../../../../arm-none-eabi/lib/thumb/v6-m/nofp\libstdc++.a(eh_alloc.o)
 .text.__cxa_allocate_exception
                0x1000e33c       0x2c c:/picosdk/gcc-arm-none-eabi/bin/../lib/gcc/arm-none-eabi/10.3.1/../../../../arm-none-eabi/lib/thumb/v6-m/nofp\libstdc++.a(eh_alloc.o)
                0x1000e33c                __cxa_allocate_exception
 .text.__cxa_free_exception
                0x1000e368       0x24 c:/picosdk/gcc-arm-none-eabi/bin/../lib/gcc/arm-none-eabi/10.3.1/../../../../arm-none-eabi/lib/thumb/v6-m/nofp\libstdc++.a(eh_alloc.o)
                0x1000e368                __cxa_free_exception
 .text.startup._GLOBAL__sub_I__ZN9__gnu_cxx9__freeresEv
                0x1000e38c       0x2c c:/picosdk/gcc-arm-none-eabi/bin/../lib/gcc/arm-none-eabi/10.3.1/../../../../arm-none-eabi/lib/thumb/v6-m/nofp\libstdc++.a(eh_alloc.o)
 .text.abort    0x1000e3b8       0x10 c:/picosdk/gcc-arm-none-eabi/bin/../lib/gcc/arm-none-eabi/10.3.1/../../../../arm-none-eabi/lib/thumb/v6-m/nofp\libg.a(lib_a-abort.o)
                0x1000e3b8                abort
 .text.fputc    0x1000e3c8       0x58 c:/picosdk/gcc-arm-none-eabi/bin/../lib/gcc/arm-none-eabi/10.3.1/../../../../arm-none-eabi/lib/thumb/v6-m/nofp\libg.a(lib_a-fputc.o)
                0x1000e3c8                fputc
 .text._fputs_r
                0x1000e420       0x8c c:/picosdk/gcc-arm-none-eabi/bin/../lib/gcc/arm-none-eabi/10.3.1/../../../../arm-none-eabi/lib/thumb/v6-m/nofp\libg.a(lib_a-fputs.o)
                0x1000e420                _fputs_r
 .text.fputs    0x1000e4ac       0x18 c:/picosdk/gcc-arm-none-eabi/bin/../lib/gcc/arm-none-eabi/10.3.1/../../../../arm-none-eabi/lib/thumb/v6-m/nofp\libg.a(lib_a-fputs.o)
                0x1000e4ac                fputs
 .text.__sfvwrite_r
                0x1000e4c4      0x2f4 c:/picosdk/gcc-arm-none-eabi/bin/../lib/gcc/arm-none-eabi/10.3.1/../../../../arm-none-eabi/lib/thumb/v6-m/nofp\libg.a(lib_a-fvwrite.o)
                0x1000e4c4                __sfvwrite_r
 .text._fwrite_r
                0x1000e7b8       0xb0 c:/picosdk/gcc-arm-none-eabi/bin/../lib/gcc/arm-none-eabi/10.3.1/../../../../arm-none-eabi/lib/thumb/v6-m/nofp\libg.a(lib_a-fwrite.o)
                0x1000e7b8                _fwrite_r
 .text.fwrite   0x1000e868       0x20 c:/picosdk/gcc-arm-none-eabi/bin/../lib/gcc/arm-none-eabi/10.3.1/../../../../arm-none-eabi/lib/thumb/v6-m/nofp\libg.a(lib_a-fwrite.o)
                0x1000e868                fwrite
 .text.__retarget_lock_init_recursive
                0x1000e888        0x4 c:/picosdk/gcc-arm-none-eabi/bin/../lib/gcc/arm-none-eabi/10.3.1/../../../../arm-none-eabi/lib/thumb/v6-m/nofp\libg.a(lib_a-lock.o)
                0x1000e888                __retarget_lock_init_recursive
 .text.__retarget_lock_close_recursive
                0x1000e88c        0x4 c:/picosdk/gcc-arm-none-eabi/bin/../lib/gcc/arm-none-eabi/10.3.1/../../../../arm-none-eabi/lib/thumb/v6-m/nofp\libg.a(lib_a-lock.o)
                0x1000e88c                __retarget_lock_close_recursive
 .text.__retarget_lock_acquire_recursive
                0x1000e890        0x4 c:/picosdk/gcc-arm-none-eabi/bin/../lib/gcc/arm-none-eabi/10.3.1/../../../../arm-none-eabi/lib/thumb/v6-m/nofp\libg.a(lib_a-lock.o)
                0x1000e890                __retarget_lock_acquire_recursive
 .text.__retarget_lock_release_recursive
                0x1000e894        0x4 c:/picosdk/gcc-arm-none-eabi/bin/../lib/gcc/arm-none-eabi/10.3.1/../../../../arm-none-eabi/lib/thumb/v6-m/nofp\libg.a(lib_a-lock.o)
                0x1000e894                __retarget_lock_release_recursive
 .text.malloc   0x1000e898       0x14 c:/picosdk/gcc-arm-none-eabi/bin/../lib/gcc/arm-none-eabi/10.3.1/../../../../arm-none-eabi/lib/thumb/v6-m/nofp\libg.a(lib_a-malloc.o)
                0x1000e898                malloc
 .text.free     0x1000e8ac       0x14 c:/picosdk/gcc-arm-none-eabi/bin/../lib/gcc/arm-none-eabi/10.3.1/../../../../arm-none-eabi/lib/thumb/v6-m/nofp\libg.a(lib_a-malloc.o)
                0x1000e8ac                free
 .text._malloc_r
                0x1000e8c0      0x584 c:/picosdk/gcc-arm-none-eabi/bin/../lib/gcc/arm-none-eabi/10.3.1/../../../../arm-none-eabi/lib/thumb/v6-m/nofp\libg.a(lib_a-mallocr.o)
                0x1000e8c0                _malloc_r
 .text.memchr   0x1000ee44       0x74 c:/picosdk/gcc-arm-none-eabi/bin/../lib/gcc/arm-none-eabi/10.3.1/../../../../arm-none-eabi/lib/thumb/v6-m/nofp\libg.a(lib_a-memchr-stub.o)
                0x1000ee44                memchr
 .text.memcmp   0x1000eeb8       0x48 c:/picosdk/gcc-arm-none-eabi/bin/../lib/gcc/arm-none-eabi/10.3.1/../../../../arm-none-eabi/lib/thumb/v6-m/nofp\libg.a(lib_a-memcmp.o)
                0x1000eeb8                memcmp
 .text.memmove  0x1000ef00       0xac c:/picosdk/gcc-arm-none-eabi/bin/../lib/gcc/arm-none-eabi/10.3.1/../../../../arm-none-eabi/lib/thumb/v6-m/nofp\libg.a(lib_a-memmove.o)
                0x1000ef00                memmove
 .text.__malloc_lock
                0x1000efac       0x10 c:/picosdk/gcc-arm-none-eabi/bin/../lib/gcc/arm-none-eabi/10.3.1/../../../../arm-none-eabi/lib/thumb/v6-m/nofp\libg.a(lib_a-mlock.o)
                0x1000efac                __malloc_lock
 .text.__malloc_unlock
                0x1000efbc       0x10 c:/picosdk/gcc-arm-none-eabi/bin/../lib/gcc/arm-none-eabi/10.3.1/../../../../arm-none-eabi/lib/thumb/v6-m/nofp\libg.a(lib_a-mlock.o)
                0x1000efbc                __malloc_unlock
 .text._putc_r  0x1000efcc       0x74 c:/picosdk/gcc-arm-none-eabi/bin/../lib/gcc/arm-none-eabi/10.3.1/../../../../arm-none-eabi/lib/thumb/v6-m/nofp\libg.a(lib_a-putc.o)
                0x1000efcc                _putc_r
 .text.realloc  0x1000f040       0x18 c:/picosdk/gcc-arm-none-eabi/bin/../lib/gcc/arm-none-eabi/10.3.1/../../../../arm-none-eabi/lib/thumb/v6-m/nofp\libg.a(lib_a-realloc.o)
                0x1000f040                realloc
 .text._realloc_r
                0x1000f058      0x354 c:/picosdk/gcc-arm-none-eabi/bin/../lib/gcc/arm-none-eabi/10.3.1/../../../../arm-none-eabi/lib/thumb/v6-m/nofp\libg.a(lib_a-reallocr.o)
                0x1000f058                _realloc_r
 .text._sbrk_r  0x1000f3ac       0x24 c:/picosdk/gcc-arm-none-eabi/bin/../lib/gcc/arm-none-eabi/10.3.1/../../../../arm-none-eabi/lib/thumb/v6-m/nofp\libg.a(lib_a-sbrkr.o)
                0x1000f3ac                _sbrk_r
 .text.raise    0x1000f3d0       0x60 c:/picosdk/gcc-arm-none-eabi/bin/../lib/gcc/arm-none-eabi/10.3.1/../../../../arm-none-eabi/lib/thumb/v6-m/nofp\libg.a(lib_a-signal.o)
                0x1000f3d0                raise
 .text._kill_r  0x1000f430       0x28 c:/picosdk/gcc-arm-none-eabi/bin/../lib/gcc/arm-none-eabi/10.3.1/../../../../arm-none-eabi/lib/thumb/v6-m/nofp\libg.a(lib_a-signalr.o)
                0x1000f430                _kill_r
 .text._getpid_r
                0x1000f458        0x8 c:/picosdk/gcc-arm-none-eabi/bin/../lib/gcc/arm-none-eabi/10.3.1/../../../../arm-none-eabi/lib/thumb/v6-m/nofp\libg.a(lib_a-signalr.o)
                0x1000f458                _getpid_r
 .text          0x1000f460       0x88 c:/picosdk/gcc-arm-none-eabi/bin/../lib/gcc/arm-none-eabi/10.3.1/../../../../arm-none-eabi/lib/thumb/v6-m/nofp\libg.a(lib_a-strcmp.o)
                0x1000f460                strcmp
 .text.strlen   0x1000f4e8       0x5c c:/picosdk/gcc-arm-none-eabi/bin/../lib/gcc/arm-none-eabi/10.3.1/../../../../arm-none-eabi/lib/thumb/v6-m/nofp\libg.a(lib_a-strlen-stub.o)
                0x1000f4e8                strlen
 .text.strncmp  0x1000f544       0x74 c:/picosdk/gcc-arm-none-eabi/bin/../lib/gcc/arm-none-eabi/10.3.1/../../../../arm-none-eabi/lib/thumb/v6-m/nofp\libg.a(lib_a-strncmp.o)
                0x1000f544                strncmp
 .text.write    0x1000f5b8       0x18 c:/picosdk/gcc-arm-none-eabi/bin/../lib/gcc/arm-none-eabi/10.3.1/../../../../arm-none-eabi/lib/thumb/v6-m/nofp\libg.a(lib_a-syswrite.o)
                0x1000f5b8                write
 .text.__swbuf_r
                0x1000f5d0       0xc8 c:/picosdk/gcc-arm-none-eabi/bin/../lib/gcc/arm-none-eabi/10.3.1/../../../../arm-none-eabi/lib/thumb/v6-m/nofp\libg.a(lib_a-wbuf.o)
                0x1000f5d0                __swbuf_r
 .text._write_r
                0x1000f698       0x28 c:/picosdk/gcc-arm-none-eabi/bin/../lib/gcc/arm-none-eabi/10.3.1/../../../../arm-none-eabi/lib/thumb/v6-m/nofp\libg.a(lib_a-writer.o)
                0x1000f698                _write_r
 .text.__swsetup_r
                0x1000f6c0       0xdc c:/picosdk/gcc-arm-none-eabi/bin/../lib/gcc/arm-none-eabi/10.3.1/../../../../arm-none-eabi/lib/thumb/v6-m/nofp\libg.a(lib_a-wsetup.o)
                0x1000f6c0                __swsetup_r
 .text.__sflush_r
                0x1000f79c      0x140 c:/picosdk/gcc-arm-none-eabi/bin/../lib/gcc/arm-none-eabi/10.3.1/../../../../arm-none-eabi/lib/thumb/v6-m/nofp\libg.a(lib_a-fflush.o)
                0x1000f79c                __sflush_r
 .text._fflush_r
                0x1000f8dc       0x6c c:/picosdk/gcc-arm-none-eabi/bin/../lib/gcc/arm-none-eabi/10.3.1/../../../../arm-none-eabi/lib/thumb/v6-m/nofp\libg.a(lib_a-fflush.o)
                0x1000f8dc                _fflush_r
 .text._cleanup_r
                0x1000f948       0x10 c:/picosdk/gcc-arm-none-eabi/bin/../lib/gcc/arm-none-eabi/10.3.1/../../../../arm-none-eabi/lib/thumb/v6-m/nofp\libg.a(lib_a-findfp.o)
                0x1000f948                _cleanup_r
 .text.__sinit  0x1000f958      0x120 c:/picosdk/gcc-arm-none-eabi/bin/../lib/gcc/arm-none-eabi/10.3.1/../../../../arm-none-eabi/lib/thumb/v6-m/nofp\libg.a(lib_a-findfp.o)
                0x1000f958                __sinit
 .text.__sfp_lock_acquire
                0x1000fa78       0x10 c:/picosdk/gcc-arm-none-eabi/bin/../lib/gcc/arm-none-eabi/10.3.1/../../../../arm-none-eabi/lib/thumb/v6-m/nofp\libg.a(lib_a-findfp.o)
                0x1000fa78                __sfp_lock_acquire
 .text.__sfp_lock_release
                0x1000fa88       0x10 c:/picosdk/gcc-arm-none-eabi/bin/../lib/gcc/arm-none-eabi/10.3.1/../../../../arm-none-eabi/lib/thumb/v6-m/nofp\libg.a(lib_a-findfp.o)
                0x1000fa88                __sfp_lock_release
 .text._malloc_trim_r
                0x1000fa98       0x9c c:/picosdk/gcc-arm-none-eabi/bin/../lib/gcc/arm-none-eabi/10.3.1/../../../../arm-none-eabi/lib/thumb/v6-m/nofp\libg.a(lib_a-freer.o)
                0x1000fa98                _malloc_trim_r
 .text._free_r  0x1000fb34      0x1c4 c:/picosdk/gcc-arm-none-eabi/bin/../lib/gcc/arm-none-eabi/10.3.1/../../../../arm-none-eabi/lib/thumb/v6-m/nofp\libg.a(lib_a-freer.o)
                0x1000fb34                _free_r
 .text._fwalk_reent
                0x1000fcf8       0x48 c:/picosdk/gcc-arm-none-eabi/bin/../lib/gcc/arm-none-eabi/10.3.1/../../../../arm-none-eabi/lib/thumb/v6-m/nofp\libg.a(lib_a-fwalk.o)
                0x1000fcf8                _fwalk_reent
 .text.__smakebuf_r
                0x1000fd40       0xe4 c:/picosdk/gcc-arm-none-eabi/bin/../lib/gcc/arm-none-eabi/10.3.1/../../../../arm-none-eabi/lib/thumb/v6-m/nofp\libg.a(lib_a-makebuf.o)
                0x1000fd40                __smakebuf_r
 .text.__sread  0x1000fe24       0x28 c:/picosdk/gcc-arm-none-eabi/bin/../lib/gcc/arm-none-eabi/10.3.1/../../../../arm-none-eabi/lib/thumb/v6-m/nofp\libg.a(lib_a-stdio.o)
                0x1000fe24                __sread
 .text.__swrite
                0x1000fe4c       0x40 c:/picosdk/gcc-arm-none-eabi/bin/../lib/gcc/arm-none-eabi/10.3.1/../../../../arm-none-eabi/lib/thumb/v6-m/nofp\libg.a(lib_a-stdio.o)
                0x1000fe4c                __swrite
 .text.__sseek  0x1000fe8c       0x2c c:/picosdk/gcc-arm-none-eabi/bin/../lib/gcc/arm-none-eabi/10.3.1/../../../../arm-none-eabi/lib/thumb/v6-m/nofp\libg.a(lib_a-stdio.o)
                0x1000fe8c                __sseek
 .text.__sclose
                0x1000feb8        0xc c:/picosdk/gcc-arm-none-eabi/bin/../lib/gcc/arm-none-eabi/10.3.1/../../../../arm-none-eabi/lib/thumb/v6-m/nofp\libg.a(lib_a-stdio.o)
                0x1000feb8                __sclose
 .text._close_r
                0x1000fec4       0x24 c:/picosdk/gcc-arm-none-eabi/bin/../lib/gcc/arm-none-eabi/10.3.1/../../../../arm-none-eabi/lib/thumb/v6-m/nofp\libg.a(lib_a-closer.o)
                0x1000fec4                _close_r
 .text._fclose_r
                0x1000fee8       0xdc c:/picosdk/gcc-arm-none-eabi/bin/../lib/gcc/arm-none-eabi/10.3.1/../../../../arm-none-eabi/lib/thumb/v6-m/nofp\libg.a(lib_a-fclose.o)
                0x1000fee8                _fclose_r
 .text._fstat_r
                0x1000ffc4       0x28 c:/picosdk/gcc-arm-none-eabi/bin/../lib/gcc/arm-none-eabi/10.3.1/../../../../arm-none-eabi/lib/thumb/v6-m/nofp\libg.a(lib_a-fstatr.o)
                0x1000ffc4                _fstat_r
 .text._isatty_r
                0x1000ffec       0x24 c:/picosdk/gcc-arm-none-eabi/bin/../lib/gcc/arm-none-eabi/10.3.1/../../../../arm-none-eabi/lib/thumb/v6-m/nofp\libg.a(lib_a-isattyr.o)
                0x1000ffec                _isatty_r
 .text._lseek_r
                0x10010010       0x28 c:/picosdk/gcc-arm-none-eabi/bin/../lib/gcc/arm-none-eabi/10.3.1/../../../../arm-none-eabi/lib/thumb/v6-m/nofp\libg.a(lib_a-lseekr.o)
                0x10010010                _lseek_r
 .text._read_r  0x10010038       0x28 c:/picosdk/gcc-arm-none-eabi/bin/../lib/gcc/arm-none-eabi/10.3.1/../../../../arm-none-eabi/lib/thumb/v6-m/nofp\libg.a(lib_a-readr.o)
                0x10010038                _read_r
 *(.fini)
 .fini          0x10010060        0x4 c:/picosdk/gcc-arm-none-eabi/bin/../lib/gcc/arm-none-eabi/10.3.1/thumb/v6-m/nofp/crti.o
                0x10010060                _fini
 *fill*         0x10010064        0x4 
 .fini.__stub   0x10010068      0x110 linker stubs
 *crtbegin.o(.ctors)
 *crtbegin?.o(.ctors)
 *(EXCLUDE_FILE(*crtend.o *crtend?.o) .ctors)
 *(SORT_BY_NAME(.ctors.*))
 *(.ctors)
 *crtbegin.o(.dtors)
 *crtbegin?.o(.dtors)
 *(EXCLUDE_FILE(*crtend.o *crtend?.o) .dtors)
 *(SORT_BY_NAME(.dtors.*))
 *(.dtors)
 *(.eh_frame*)
 .eh_frame      0x10010178        0x0 c:/picosdk/gcc-arm-none-eabi/bin/../lib/gcc/arm-none-eabi/10.3.1/thumb/v6-m/nofp/crtbegin.o
                0x10010178                . = ALIGN (0x4)

.glue_7         0x10010178        0x0
 .glue_7        0x10010178        0x0 linker stubs

.glue_7t        0x10010178        0x0
 .glue_7t       0x10010178        0x0 linker stubs

.vfp11_veneer   0x10010178        0x0
 .vfp11_veneer  0x10010178        0x0 linker stubs

.v4_bx          0x10010178        0x0
 .v4_bx         0x10010178        0x0 linker stubs

.iplt           0x10010178        0x0
 .iplt          0x10010178        0x0 c:/picosdk/gcc-arm-none-eabi/bin/../lib/gcc/arm-none-eabi/10.3.1/thumb/v6-m/nofp/crtbegin.o

.rodata         0x10010178     0x3fe8
 *(EXCLUDE_FILE(*libm.a: *libc.a:*lib_a-mem*.o *libgcc.a:) .rodata*)
 .rodata._Z15bme280_read_rawtPlS_S_.str1.4
                0x10010178       0x17 st7735_bme280/CMakeFiles/st7735_bme280.dir/st7735_bme280.cpp.obj
 *fill*         0x1001018f        0x1 
 .rodata._Z5Test110ST7735_TFT.str1.4
                0x10010190       0x33 st7735_bme280/CMakeFiles/st7735_bme280.dir/st7735_bme280.cpp.obj
 *fill*         0x100101c3        0x1 
 .rodata.main.str1.4
                0x100101c4      0x15d st7735_bme280/CMakeFiles/st7735_bme280.dir/st7735_bme280.cpp.obj
 *fill*         0x10010321        0x3 
 .rodata._ZTV10ST7735_TFT
                0x10010324       0x14 st7735_bme280/CMakeFiles/st7735_bme280.dir/st7735_bme280.cpp.obj
                0x10010324                vtable for ST7735_TFT
 .rodata.str1.4
                0x10010338       0x2d st7735_bme280/CMakeFiles/st7735_bme280.dir/st7735_bme280.cpp.obj
 *fill*         0x10010365        0x3 
 .rodata._ZZ4mainE8__bi_186
                0x10010368        0x8 st7735_bme280/CMakeFiles/st7735_bme280.dir/st7735_bme280.cpp.obj
 .rodata._ZZ4mainE8__bi_187
                0x10010370        0xc st7735_bme280/CMakeFiles/st7735_bme280.dir/st7735_bme280.cpp.obj
 .rodata.make_branch.str1.4
                0x1001037c       0x66 st7735_bme280/CMakeFiles/st7735_bme280.dir/C_/PicoSDK/pico-sdk/src/rp2_common/hardware_irq/irq.c.obj
 *fill*         0x100103e2        0x2 
 .rodata.insert_branch_and_link.str1.4
                0x100103e4       0x10 st7735_bme280/CMakeFiles/st7735_bme280.dir/C_/PicoSDK/pico-sdk/src/rp2_common/hardware_irq/irq.c.obj
 .rodata.irq_set_exclusive_handler.str1.4
                0x100103f4       0x36 st7735_bme280/CMakeFiles/st7735_bme280.dir/C_/PicoSDK/pico-sdk/src/rp2_common/hardware_irq/irq.c.obj
 *fill*         0x1001042a        0x2 
 .rodata.irq_add_shared_handler.str1.4
                0x1001042c       0xd9 st7735_bme280/CMakeFiles/st7735_bme280.dir/C_/PicoSDK/pico-sdk/src/rp2_common/hardware_irq/irq.c.obj
 *fill*         0x10010505        0x3 
 .rodata.irq_remove_handler.str1.4
                0x10010508       0x3a st7735_bme280/CMakeFiles/st7735_bme280.dir/C_/PicoSDK/pico-sdk/src/rp2_common/hardware_irq/irq.c.obj
 *fill*         0x10010542        0x2 
 .rodata.irq_add_tail_to_free_list.str1.4
                0x10010544       0x3a st7735_bme280/CMakeFiles/st7735_bme280.dir/C_/PicoSDK/pico-sdk/src/rp2_common/hardware_irq/irq.c.obj
 *fill*         0x1001057e        0x2 
 .rodata.__func__.0
                0x10010580       0x1a st7735_bme280/CMakeFiles/st7735_bme280.dir/C_/PicoSDK/pico-sdk/src/rp2_common/hardware_irq/irq.c.obj
 *fill*         0x1001059a        0x2 
 .rodata.__func__.1
                0x1001059c       0x17 st7735_bme280/CMakeFiles/st7735_bme280.dir/C_/PicoSDK/pico-sdk/src/rp2_common/hardware_irq/irq.c.obj
 *fill*         0x100105b3        0x1 
 .rodata.__func__.2
                0x100105b4       0x13 st7735_bme280/CMakeFiles/st7735_bme280.dir/C_/PicoSDK/pico-sdk/src/rp2_common/hardware_irq/irq.c.obj
 *fill*         0x100105c7        0x1 
 .rodata.__func__.3
                0x100105c8        0xc st7735_bme280/CMakeFiles/st7735_bme280.dir/C_/PicoSDK/pico-sdk/src/rp2_common/hardware_irq/irq.c.obj
 .rodata.__func__.4
                0x100105d4        0xf st7735_bme280/CMakeFiles/st7735_bme280.dir/C_/PicoSDK/pico-sdk/src/rp2_common/hardware_irq/irq.c.obj
 *fill*         0x100105e3        0x1 
 .rodata.__func__.6
                0x100105e4       0x1a st7735_bme280/CMakeFiles/st7735_bme280.dir/C_/PicoSDK/pico-sdk/src/rp2_common/hardware_irq/irq.c.obj
 *fill*         0x100105fe        0x2 
 .rodata.str1.4
                0x10010600       0xe1 st7735_bme280/CMakeFiles/st7735_bme280.dir/C_/PicoSDK/pico-sdk/src/common/pico_sync/mutex.c.obj
 *fill*         0x100106e1        0x3 
 .rodata.__func__.1
                0x100106e4        0xb st7735_bme280/CMakeFiles/st7735_bme280.dir/C_/PicoSDK/pico-sdk/src/common/pico_sync/mutex.c.obj
 *fill*         0x100106ef        0x1 
 .rodata.__func__.3
                0x100106f0       0x18 st7735_bme280/CMakeFiles/st7735_bme280.dir/C_/PicoSDK/pico-sdk/src/common/pico_sync/mutex.c.obj
 .rodata.repeating_timer_callback.str1.4
                0x10010708       0x44 st7735_bme280/CMakeFiles/st7735_bme280.dir/C_/PicoSDK/pico-sdk/src/common/pico_time/time.c.obj
 .rodata.timer_pool_entry_comparator.str1.4
                0x1001074c       0x22 st7735_bme280/CMakeFiles/st7735_bme280.dir/C_/PicoSDK/pico-sdk/src/common/pico_time/time.c.obj
 *fill*         0x1001076e        0x2 
 .rodata.ph_add_child_node.str1.4
                0x10010770       0x8e st7735_bme280/CMakeFiles/st7735_bme280.dir/C_/PicoSDK/pico-sdk/src/common/pico_time/time.c.obj
 *fill*         0x100107fe        0x2 
 .rodata.add_alarm_under_lock.str1.4
                0x10010800       0x28 st7735_bme280/CMakeFiles/st7735_bme280.dir/C_/PicoSDK/pico-sdk/src/common/pico_time/time.c.obj
                                 0x2b (size before relaxing)
 .rodata.alarm_pool_alarm_callback.str1.4
                0x10010828       0x98 st7735_bme280/CMakeFiles/st7735_bme280.dir/C_/PicoSDK/pico-sdk/src/common/pico_time/time.c.obj
                                 0xf4 (size before relaxing)
 .rodata.alarm_pool_get_default.str1.4
                0x100108c0       0x21 st7735_bme280/CMakeFiles/st7735_bme280.dir/C_/PicoSDK/pico-sdk/src/common/pico_time/time.c.obj
 *fill*         0x100108e1        0x3 
 .rodata.alarm_pool_cancel_alarm.str1.4
                0x100108e4       0x27 st7735_bme280/CMakeFiles/st7735_bme280.dir/C_/PicoSDK/pico-sdk/src/common/pico_time/time.c.obj
 *fill*         0x1001090b        0x1 
 .rodata.__func__.1
                0x1001090c       0x18 st7735_bme280/CMakeFiles/st7735_bme280.dir/C_/PicoSDK/pico-sdk/src/common/pico_time/time.c.obj
 .rodata.__func__.10
                0x10010924       0x15 st7735_bme280/CMakeFiles/st7735_bme280.dir/C_/PicoSDK/pico-sdk/src/common/pico_time/time.c.obj
 *fill*         0x10010939        0x3 
 .rodata.__func__.11
                0x1001093c       0x1a st7735_bme280/CMakeFiles/st7735_bme280.dir/C_/PicoSDK/pico-sdk/src/common/pico_time/time.c.obj
 *fill*         0x10010956        0x2 
 .rodata.__func__.12
                0x10010958        0xa st7735_bme280/CMakeFiles/st7735_bme280.dir/C_/PicoSDK/pico-sdk/src/common/pico_time/time.c.obj
 *fill*         0x10010962        0x2 
 .rodata.__func__.3
                0x10010964       0x17 st7735_bme280/CMakeFiles/st7735_bme280.dir/C_/PicoSDK/pico-sdk/src/common/pico_time/time.c.obj
 *fill*         0x1001097b        0x1 
 .rodata.__func__.4
                0x1001097c       0x12 st7735_bme280/CMakeFiles/st7735_bme280.dir/C_/PicoSDK/pico-sdk/src/common/pico_time/time.c.obj
 *fill*         0x1001098e        0x2 
 .rodata.__func__.5
                0x10010990        0xd st7735_bme280/CMakeFiles/st7735_bme280.dir/C_/PicoSDK/pico-sdk/src/common/pico_time/time.c.obj
 *fill*         0x1001099d        0x3 
 .rodata.__func__.6
                0x100109a0       0x12 st7735_bme280/CMakeFiles/st7735_bme280.dir/C_/PicoSDK/pico-sdk/src/common/pico_time/time.c.obj
 *fill*         0x100109b2        0x2 
 .rodata.__func__.7
                0x100109b4        0xf st7735_bme280/CMakeFiles/st7735_bme280.dir/C_/PicoSDK/pico-sdk/src/common/pico_time/time.c.obj
 *fill*         0x100109c3        0x1 
 .rodata.__func__.8
                0x100109c4        0xc st7735_bme280/CMakeFiles/st7735_bme280.dir/C_/PicoSDK/pico-sdk/src/common/pico_time/time.c.obj
 .rodata.__func__.9
                0x100109d0       0x15 st7735_bme280/CMakeFiles/st7735_bme280.dir/C_/PicoSDK/pico-sdk/src/common/pico_time/time.c.obj
 *fill*         0x100109e5        0x3 
 .rodata.at_the_end_of_time
                0x100109e8        0x8 st7735_bme280/CMakeFiles/st7735_bme280.dir/C_/PicoSDK/pico-sdk/src/common/pico_time/time.c.obj
                0x100109e8                at_the_end_of_time
 .rodata.hardware_alarm_claim.str1.4
                0x100109f0       0x22 st7735_bme280/CMakeFiles/st7735_bme280.dir/C_/PicoSDK/pico-sdk/src/rp2_common/hardware_timer/timer.c.obj
 .rodata.busy_wait_us.str1.4
                0x10010a12       0x5a st7735_bme280/CMakeFiles/st7735_bme280.dir/C_/PicoSDK/pico-sdk/src/rp2_common/hardware_timer/timer.c.obj
 *fill*         0x10010a12        0x2 
 .rodata.hardware_alarm_set_target.str1.4
                0x10010a14       0x5e st7735_bme280/CMakeFiles/st7735_bme280.dir/C_/PicoSDK/pico-sdk/src/rp2_common/hardware_timer/timer.c.obj
 *fill*         0x10010a72        0x2 
 .rodata.__func__.0
                0x10010a74       0x1a st7735_bme280/CMakeFiles/st7735_bme280.dir/C_/PicoSDK/pico-sdk/src/rp2_common/hardware_timer/timer.c.obj
 *fill*         0x10010a8e        0x2 
 .rodata.__func__.1
                0x10010a90       0x15 st7735_bme280/CMakeFiles/st7735_bme280.dir/C_/PicoSDK/pico-sdk/src/rp2_common/hardware_timer/timer.c.obj
 .rodata.ph_add_child_node.str1.4
                0x10010aa5       0x8e st7735_bme280/CMakeFiles/st7735_bme280.dir/C_/PicoSDK/pico-sdk/src/common/pico_util/pheap.c.obj
 *fill*         0x10010aa5        0x3 
 .rodata.ph_remove_any_head.str1.4
                0x10010aa8       0x88 st7735_bme280/CMakeFiles/st7735_bme280.dir/C_/PicoSDK/pico-sdk/src/common/pico_util/pheap.c.obj
                                 0x9c (size before relaxing)
 .rodata.ph_remove_and_free_node.str1.4
                0x10010b30       0x1e st7735_bme280/CMakeFiles/st7735_bme280.dir/C_/PicoSDK/pico-sdk/src/common/pico_util/pheap.c.obj
                                 0x26 (size before relaxing)
 *fill*         0x10010b4e        0x2 
 .rodata.__func__.0
                0x10010b50       0x18 st7735_bme280/CMakeFiles/st7735_bme280.dir/C_/PicoSDK/pico-sdk/src/common/pico_util/pheap.c.obj
 .rodata.__func__.1
                0x10010b68       0x13 st7735_bme280/CMakeFiles/st7735_bme280.dir/C_/PicoSDK/pico-sdk/src/common/pico_util/pheap.c.obj
 *fill*         0x10010b7b        0x1 
 .rodata.__func__.2
                0x10010b7c       0x12 st7735_bme280/CMakeFiles/st7735_bme280.dir/C_/PicoSDK/pico-sdk/src/common/pico_util/pheap.c.obj
 *fill*         0x10010b8e        0x2 
 .rodata.__func__.3
                0x10010b90        0xc st7735_bme280/CMakeFiles/st7735_bme280.dir/C_/PicoSDK/pico-sdk/src/common/pico_util/pheap.c.obj
 .rodata.clock_configure.str1.4
                0x10010b9c       0x50 st7735_bme280/CMakeFiles/st7735_bme280.dir/C_/PicoSDK/pico-sdk/src/rp2_common/hardware_clocks/clocks.c.obj
 .rodata.__func__.1
                0x10010bec       0x10 st7735_bme280/CMakeFiles/st7735_bme280.dir/C_/PicoSDK/pico-sdk/src/rp2_common/hardware_clocks/clocks.c.obj
 .rodata.pll_init.str1.4
                0x10010bfc      0x11b st7735_bme280/CMakeFiles/st7735_bme280.dir/C_/PicoSDK/pico-sdk/src/rp2_common/hardware_pll/pll.c.obj
 *fill*         0x10010d17        0x1 
 .rodata.__func__.0
                0x10010d18        0x9 st7735_bme280/CMakeFiles/st7735_bme280.dir/C_/PicoSDK/pico-sdk/src/rp2_common/hardware_pll/pll.c.obj