Archive member included to satisfy reference by file (symbol)

c:/picosdk/gcc-arm-none-eabi/bin/../lib/gcc/arm-none-eabi/10.3.1/../../../../arm-none-eabi/lib/thumb/v6-m/nofp\libstdc++.a(pure.o)
                              st7735_bmp280/CMakeFiles/st7735_bmp280.dir/st7735/ST7735_TFT_Print.cpp.obj (__cxa_pure_virtual)
c:/picosdk/gcc-arm-none-eabi/bin/../lib/gcc/arm-none-eabi/10.3.1/../../../../arm-none-eabi/lib/thumb/v6-m/nofp\libstdc++.a(eh_terminate.o)
                              c:/picosdk/gcc-arm-none-eabi/bin/../lib/gcc/arm-none-eabi/10.3.1/../../../../arm-none-eabi/lib/thumb/v6-m/nofp\libstdc++.a(pure.o) (std::terminate())
c:/picosdk/gcc-arm-none-eabi/bin/../lib/gcc/arm-none-eabi/10.3.1/../../../../arm-none-eabi/lib/thumb/v6-m/nofp\libstdc++.a(eh_unex_handler.o)
                              c:/picosdk/gcc-arm-none-eabi/bin/../lib/gcc/arm-none-eabi/10.3.1/../../../../arm-none-eabi/lib/thumb/v6-m/nofp\libstdc++.a(eh_terminate.o) (__cxxabiv1::__unexpected_handler)
c:/picosdk/gcc-arm-none-eabi/bin/../lib/gcc/arm-none-eabi/10.3.1/../../../../arm-none-eabi/lib/thumb/v6-m/nofp\libstdc++.a(vterminate.o)
                              c:/picosdk/gcc-arm-none-eabi/bin/../lib/gcc/arm-none-eabi/10.3.1/../../../../arm-none-eabi/lib/thumb/v6-m/nofp\libstdc++.a(eh_terminate.o) (__gnu_cxx::__verbose_terminate_handler())
c:/picosdk/gcc-arm-none-eabi/bin/../lib/gcc/arm-none-eabi/10.3.1/../../../../arm-none-eabi/lib/thumb/v6-m/nofp\libstdc++.a(cp-demangle.o)
                              c:/picosdk/gcc-arm-none-eabi/bin/../lib/gcc/arm-none-eabi/10.3.1/../../../../arm-none-eabi/lib/thumb/v6-m/nofp\libstdc++.a(vterminate.o) (__cxa_demangle)
c:/picosdk/gcc-arm-none-eabi/bin/../lib/gcc/arm-none-eabi/10.3.1/../../../../arm-none-eabi/lib/thumb/v6-m/nofp\libstdc++.a(eh_arm.o)
                              c:/picosdk/gcc-arm-none-eabi/bin/../lib/gcc/arm-none-eabi/10.3.1/../../../../arm-none-eabi/lib/thumb/v6-m/nofp\libstdc++.a(eh_terminate.o) (__cxa_end_cleanup)
c:/picosdk/gcc-arm-none-eabi/bin/../lib/gcc/arm-none-eabi/10.3.1/../../../../arm-none-eabi/lib/thumb/v6-m/nofp\libstdc++.a(eh_call.o)
                              c:/picosdk/gcc-arm-none-eabi/bin/../lib/gcc/arm-none-eabi/10.3.1/../../../../arm-none-eabi/lib/thumb/v6-m/nofp\libstdc++.a(eh_terminate.o) (__cxa_call_unexpected)
c:/picosdk/gcc-arm-none-eabi/bin/../lib/gcc/arm-none-eabi/10.3.1/../../../../arm-none-eabi/lib/thumb/v6-m/nofp\libstdc++.a(eh_catch.o)
                              c:/picosdk/gcc-arm-none-eabi/bin/../lib/gcc/arm-none-eabi/10.3.1/../../../../arm-none-eabi/lib/thumb/v6-m/nofp\libstdc++.a(eh_terminate.o) (__cxa_begin_catch)
c:/picosdk/gcc-arm-none-eabi/bin/../lib/gcc/arm-none-eabi/10.3.1/../../../../arm-none-eabi/lib/thumb/v6-m/nofp\libstdc++.a(eh_exception.o)
                              c:/picosdk/gcc-arm-none-eabi/bin/../lib/gcc/arm-none-eabi/10.3.1/../../../../arm-none-eabi/lib/thumb/v6-m/nofp\libstdc++.a(eh_call.o) (std::bad_exception::~bad_exception())
c:/picosdk/gcc-arm-none-eabi/bin/../lib/gcc/arm-none-eabi/10.3.1/../../../../arm-none-eabi/lib/thumb/v6-m/nofp\libstdc++.a(eh_globals.o)
                              c:/picosdk/gcc-arm-none-eabi/bin/../lib/gcc/arm-none-eabi/10.3.1/../../../../arm-none-eabi/lib/thumb/v6-m/nofp\libstdc++.a(eh_call.o) (__cxa_get_globals_fast)
c:/picosdk/gcc-arm-none-eabi/bin/../lib/gcc/arm-none-eabi/10.3.1/../../../../arm-none-eabi/lib/thumb/v6-m/nofp\libstdc++.a(eh_personality.o)
                              c:/picosdk/gcc-arm-none-eabi/bin/../lib/gcc/arm-none-eabi/10.3.1/../../../../arm-none-eabi/lib/thumb/v6-m/nofp\libstdc++.a(eh_terminate.o) (__gxx_personality_v0)
c:/picosdk/gcc-arm-none-eabi/bin/../lib/gcc/arm-none-eabi/10.3.1/../../../../arm-none-eabi/lib/thumb/v6-m/nofp\libstdc++.a(eh_term_handler.o)
                              c:/picosdk/gcc-arm-none-eabi/bin/../lib/gcc/arm-none-eabi/10.3.1/../../../../arm-none-eabi/lib/thumb/v6-m/nofp\libstdc++.a(eh_terminate.o) (__cxxabiv1::__terminate_handler)
c:/picosdk/gcc-arm-none-eabi/bin/../lib/gcc/arm-none-eabi/10.3.1/../../../../arm-none-eabi/lib/thumb/v6-m/nofp\libstdc++.a(eh_throw.o)
                              c:/picosdk/gcc-arm-none-eabi/bin/../lib/gcc/arm-none-eabi/10.3.1/../../../../arm-none-eabi/lib/thumb/v6-m/nofp\libstdc++.a(eh_call.o) (__cxa_throw)
c:/picosdk/gcc-arm-none-eabi/bin/../lib/gcc/arm-none-eabi/10.3.1/../../../../arm-none-eabi/lib/thumb/v6-m/nofp\libstdc++.a(eh_type.o)
                              c:/picosdk/gcc-arm-none-eabi/bin/../lib/gcc/arm-none-eabi/10.3.1/../../../../arm-none-eabi/lib/thumb/v6-m/nofp\libstdc++.a(vterminate.o) (__cxa_current_exception_type)
c:/picosdk/gcc-arm-none-eabi/bin/../lib/gcc/arm-none-eabi/10.3.1/../../../../arm-none-eabi/lib/thumb/v6-m/nofp\libstdc++.a(si_class_type_info.o)
                              c:/picosdk/gcc-arm-none-eabi/bin/../lib/gcc/arm-none-eabi/10.3.1/../../../../arm-none-eabi/lib/thumb/v6-m/nofp\libstdc++.a(eh_exception.o) (vtable for __cxxabiv1::__si_class_type_info)
[...]
Memory Configuration

Name             Origin             Length             Attributes
FLASH            0x10000000         0x00200000         xr
RAM              0x20000000         0x00040000         xrw
SCRATCH_X        0x20040000         0x00001000         xrw
SCRATCH_Y        0x20041000         0x00001000         xrw
*default*        0x00000000         0xffffffff

Linker script and memory map

LOAD c:/picosdk/gcc-arm-none-eabi/bin/../lib/gcc/arm-none-eabi/10.3.1/thumb/v6-m/nofp/crti.o
LOAD c:/picosdk/gcc-arm-none-eabi/bin/../lib/gcc/arm-none-eabi/10.3.1/thumb/v6-m/nofp/crtbegin.o
LOAD c:/picosdk/gcc-arm-none-eabi/bin/../lib/gcc/arm-none-eabi/10.3.1/../../../../arm-none-eabi/lib/thumb/v6-m/nofp/crt0.o

.flash_begin    0x10000000        0x0
                0x10000000                __flash_binary_start = .

.boot2          0x10000000      0x100
                0x10000000                __boot2_start__ = .
 *(.boot2)
 .boot2         0x10000000      0x100 C:\Users\lvanek\AppData\Local\Temp\ccaaD5wu.o
                0x10000100                __boot2_end__ = .
                0x00000001                ASSERT (((__boot2_end__ - __boot2_start__) == 0x100), ERROR: Pico second stage bootloader must be 256 bytes in size)

.text           0x10000100     0xfb38
                0x10000100                __logical_binary_start = .
 *(.vectors)
 .vectors       0x10000100       0xd4 st7735_bmp280/CMakeFiles/st7735_bmp280.dir/C_/PicoSDK/pico-sdk/src/rp2_common/pico_standard_link/crt0.S.obj
                0x10000100                __VECTOR_TABLE
                0x10000100                __vectors
                0x100001c0                isr_invalid
                0x100001c0                __default_isrs_start
                0x100001c2                isr_nmi
                0x100001c4                isr_hardfault
                0x100001c6                isr_svcall
                0x100001c8                isr_pendsv
                0x100001ca                isr_systick
                0x100001cc                isr_irq23
                0x100001cc                isr_irq18
                0x100001cc                isr_irq11
                0x100001cc                isr_irq28
                0x100001cc                isr_irq19
                0x100001cc                isr_irq0
                0x100001cc                isr_irq6
                0x100001cc                isr_irq5
                0x100001cc                isr_irq12
                0x100001cc                isr_irq22
                0x100001cc                isr_irq31
                0x100001cc                isr_irq17
                0x100001cc                isr_irq27
                0x100001cc                isr_irq30
                0x100001cc                isr_irq2
                0x100001cc                isr_irq10
                0x100001cc                isr_irq8
                0x100001cc                isr_irq24
                0x100001cc                isr_irq1
                0x100001cc                isr_irq7
                0x100001cc                isr_irq21
                0x100001cc                isr_irq20
                0x100001cc                isr_irq15
                0x100001cc                isr_irq25
                0x100001cc                isr_irq13
                0x100001cc                __unhandled_user_irq
                0x100001cc                isr_irq4
                0x100001cc                isr_irq16
                0x100001cc                isr_irq29
                0x100001cc                isr_irq26
                0x100001cc                __default_isrs_end
                0x100001cc                isr_irq3
                0x100001cc                isr_irq14
                0x100001cc                isr_irq9
                0x100001d2                unhandled_user_irq_num_in_r0
 *(.binary_info_header)
 .binary_info_header
                0x100001d4       0x14 st7735_bmp280/CMakeFiles/st7735_bmp280.dir/C_/PicoSDK/pico-sdk/src/rp2_common/pico_standard_link/crt0.S.obj
                0x100001e8                __binary_info_header_end = .
 *(.reset)
 .reset         0x100001e8       0xa0 st7735_bmp280/CMakeFiles/st7735_bmp280.dir/C_/PicoSDK/pico-sdk/src/rp2_common/pico_standard_link/crt0.S.obj
                0x100001e8                _entry_point
 .reset         0x10000288       0x30 st7735_bmp280/CMakeFiles/st7735_bmp280.dir/C_/PicoSDK/pico-sdk/src/rp2_common/pico_standard_link/binary_info.c.obj
 *(.init)
 .init          0x100002b8        0x4 c:/picosdk/gcc-arm-none-eabi/bin/../lib/gcc/arm-none-eabi/10.3.1/thumb/v6-m/nofp/crti.o
                0x100002b8                _init
 *(EXCLUDE_FILE(*libm.a: *libc.a:*lib_a-mem*.o *libgcc.a:) .text*)
 .text          0x100002bc       0x48 c:/picosdk/gcc-arm-none-eabi/bin/../lib/gcc/arm-none-eabi/10.3.1/thumb/v6-m/nofp/crtbegin.o
 .text._ZN5Print17availableForWriteEv
                0x10000304        0x4 st7735_bmp280/CMakeFiles/st7735_bmp280.dir/st7735_bmp280.cpp.obj
                0x10000304                Print::availableForWrite()
 .text._Z41__static_initialization_and_destruction_0ii
                0x10000308       0x50 st7735_bmp280/CMakeFiles/st7735_bmp280.dir/st7735_bmp280.cpp.obj
 .text._ZN10ST7735_TFTC2ERKS_
                0x10000358       0xac st7735_bmp280/CMakeFiles/st7735_bmp280.dir/st7735_bmp280.cpp.obj
                0x10000358                ST7735_TFT::ST7735_TFT(ST7735_TFT const&)
                0x10000358                ST7735_TFT::ST7735_TFT(ST7735_TFT const&)
 .text._Z9SetupTFT1v
                0x10000404       0x54 st7735_bmp280/CMakeFiles/st7735_bmp280.dir/st7735_bmp280.cpp.obj
                0x10000404                SetupTFT1()
 .text._Z9SetupTFT2v
                0x10000458       0x54 st7735_bmp280/CMakeFiles/st7735_bmp280.dir/st7735_bmp280.cpp.obj
                0x10000458                SetupTFT2()
 .text._Z11bmp280_initv
                0x100004ac       0x40 st7735_bmp280/CMakeFiles/st7735_bmp280.dir/st7735_bmp280.cpp.obj
                0x100004ac                bmp280_init()
 .text._Z15bmp280_read_rawPlS_
                0x100004ec       0x5c st7735_bmp280/CMakeFiles/st7735_bmp280.dir/st7735_bmp280.cpp.obj
                0x100004ec                bmp280_read_raw(long*, long*)
 .text._Z14bmp280_convertlP18bmp280_calib_param
                0x10000548       0x26 st7735_bmp280/CMakeFiles/st7735_bmp280.dir/st7735_bmp280.cpp.obj
                0x10000548                bmp280_convert(long, bmp280_calib_param*)
 .text._Z19bmp280_convert_templP18bmp280_calib_param
                0x1000056e       0x12 st7735_bmp280/CMakeFiles/st7735_bmp280.dir/st7735_bmp280.cpp.obj
                0x1000056e                bmp280_convert_temp(long, bmp280_calib_param*)
 .text._Z23bmp280_convert_pressurellP18bmp280_calib_param
                0x10000580       0xb8 st7735_bmp280/CMakeFiles/st7735_bmp280.dir/st7735_bmp280.cpp.obj
                0x10000580                bmp280_convert_pressure(long, long, bmp280_calib_param*)
 .text._Z23bmp280_get_calib_paramsP18bmp280_calib_param
                0x10000638       0xbc st7735_bmp280/CMakeFiles/st7735_bmp280.dir/st7735_bmp280.cpp.obj
                0x10000638                bmp280_get_calib_params(bmp280_calib_param*)
 .text._Z5Test110ST7735_TFT
                0x100006f4      0x15c st7735_bmp280/CMakeFiles/st7735_bmp280.dir/st7735_bmp280.cpp.obj
                0x100006f4                Test1(ST7735_TFT)
 .text.main     0x10000850      0x248 st7735_bmp280/CMakeFiles/st7735_bmp280.dir/st7735_bmp280.cpp.obj
                0x10000850                main
 .text._GLOBAL__sub_I_myTFT1
                0x10000a98       0x10 st7735_bmp280/CMakeFiles/st7735_bmp280.dir/st7735_bmp280.cpp.obj
 .text.gpio_set_function
                0x10000aa8       0x30 st7735_bmp280/CMakeFiles/st7735_bmp280.dir/C_/PicoSDK/pico-sdk/src/rp2_common/hardware_gpio/gpio.c.obj
                0x10000aa8                gpio_set_function
 .text.gpio_set_pulls
                0x10000ad8       0x34 st7735_bmp280/CMakeFiles/st7735_bmp280.dir/C_/PicoSDK/pico-sdk/src/rp2_common/hardware_gpio/gpio.c.obj
                0x10000ad8                gpio_set_pulls
 .text.gpio_init
                0x10000b0c       0x16 st7735_bmp280/CMakeFiles/st7735_bmp280.dir/C_/PicoSDK/pico-sdk/src/rp2_common/hardware_gpio/gpio.c.obj
                0x10000b0c                gpio_init
 *fill*         0x10000b22        0x2 
 .text.running_on_fpga
                0x10000b24       0x14 st7735_bmp280/CMakeFiles/st7735_bmp280.dir/C_/PicoSDK/pico-sdk/src/rp2_common/pico_platform/platform.c.obj
                0x10000b24                running_on_fpga
 .text.hw_claim_lock
                0x10000b38       0x18 st7735_bmp280/CMakeFiles/st7735_bmp280.dir/C_/PicoSDK/pico-sdk/src/rp2_common/hardware_claim/claim.c.obj
                0x10000b38                hw_claim_lock
 .text.hw_claim_unlock
                0x10000b50       0x14 st7735_bmp280/CMakeFiles/st7735_bmp280.dir/C_/PicoSDK/pico-sdk/src/rp2_common/hardware_claim/claim.c.obj
                0x10000b50                hw_claim_unlock
 .text.hw_claim_or_assert
                0x10000b64       0x32 st7735_bmp280/CMakeFiles/st7735_bmp280.dir/C_/PicoSDK/pico-sdk/src/rp2_common/hardware_claim/claim.c.obj
                0x10000b64                hw_claim_or_assert
 *fill*         0x10000b96        0x2 
 .text.spin_locks_reset
                0x10000b98       0x20 st7735_bmp280/CMakeFiles/st7735_bmp280.dir/C_/PicoSDK/pico-sdk/src/rp2_common/hardware_sync/sync.c.obj
                0x10000b98                spin_locks_reset
 .text.next_striped_spin_lock_num
                0x10000bb8       0x1c st7735_bmp280/CMakeFiles/st7735_bmp280.dir/C_/PicoSDK/pico-sdk/src/rp2_common/hardware_sync/sync.c.obj
                0x10000bb8                next_striped_spin_lock_num
 .text.set_raw_irq_handler_and_unlock
                0x10000bd4       0x28 st7735_bmp280/CMakeFiles/st7735_bmp280.dir/C_/PicoSDK/pico-sdk/src/rp2_common/hardware_irq/irq.c.obj
 .text.make_branch
                0x10000bfc       0x48 st7735_bmp280/CMakeFiles/st7735_bmp280.dir/C_/PicoSDK/pico-sdk/src/rp2_common/hardware_irq/irq.c.obj
 .text.insert_branch_and_link
                0x10000c44       0x40 st7735_bmp280/CMakeFiles/st7735_bmp280.dir/C_/PicoSDK/pico-sdk/src/rp2_common/hardware_irq/irq.c.obj
 .text.irq_is_enabled
                0x10000c84       0x18 st7735_bmp280/CMakeFiles/st7735_bmp280.dir/C_/PicoSDK/pico-sdk/src/rp2_common/hardware_irq/irq.c.obj
                0x10000c84                irq_is_enabled
 .text.irq_set_mask_enabled
                0x10000c9c       0x20 st7735_bmp280/CMakeFiles/st7735_bmp280.dir/C_/PicoSDK/pico-sdk/src/rp2_common/hardware_irq/irq.c.obj
                0x10000c9c                irq_set_mask_enabled
 .text.irq_set_enabled
                0x10000cbc        0xe st7735_bmp280/CMakeFiles/st7735_bmp280.dir/C_/PicoSDK/pico-sdk/src/rp2_common/hardware_irq/irq.c.obj
                0x10000cbc                irq_set_enabled
 *fill*         0x10000cca        0x2 
 .text.irq_get_vtable_handler
                0x10000ccc       0x10 st7735_bmp280/CMakeFiles/st7735_bmp280.dir/C_/PicoSDK/pico-sdk/src/rp2_common/hardware_irq/irq.c.obj
                0x10000ccc                irq_get_vtable_handler
 .text.irq_set_exclusive_handler
                0x10000cdc       0x54 st7735_bmp280/CMakeFiles/st7735_bmp280.dir/C_/PicoSDK/pico-sdk/src/rp2_common/hardware_irq/irq.c.obj
                0x10000cdc                irq_set_exclusive_handler
 .text.irq_remove_handler
                0x10000d30      0x1ac st7735_bmp280/CMakeFiles/st7735_bmp280.dir/C_/PicoSDK/pico-sdk/src/rp2_common/hardware_irq/irq.c.obj
                0x10000d30                irq_remove_handler
 .text.irq_add_tail_to_free_list
                0x10000edc       0xf0 st7735_bmp280/CMakeFiles/st7735_bmp280.dir/C_/PicoSDK/pico-sdk/src/rp2_common/hardware_irq/irq.c.obj
                0x10000edc                irq_add_tail_to_free_list
 .text.irq_init_priorities
                0x10000fcc       0x1c st7735_bmp280/CMakeFiles/st7735_bmp280.dir/C_/PicoSDK/pico-sdk/src/rp2_common/hardware_irq/irq.c.obj
                0x10000fcc                irq_init_priorities
 .text.lock_init
                0x10000fe8       0x10 st7735_bmp280/CMakeFiles/st7735_bmp280.dir/C_/PicoSDK/pico-sdk/src/common/pico_sync/lock_core.c.obj
                0x10000fe8                lock_init
 .text.mutex_init
                0x10000ff8       0x1a st7735_bmp280/CMakeFiles/st7735_bmp280.dir/C_/PicoSDK/pico-sdk/src/common/pico_sync/mutex.c.obj
                0x10000ff8                mutex_init
 .text.recursive_mutex_init
                0x10001012       0x1e st7735_bmp280/CMakeFiles/st7735_bmp280.dir/C_/PicoSDK/pico-sdk/src/common/pico_sync/mutex.c.obj
                0x10001012                recursive_mutex_init
 .text.alarm_pool_post_alloc_init
                0x10001030       0x40 st7735_bmp280/CMakeFiles/st7735_bmp280.dir/C_/PicoSDK/pico-sdk/src/common/pico_time/time.c.obj
 .text.sleep_until_callback
                0x10001070       0x30 st7735_bmp280/CMakeFiles/st7735_bmp280.dir/C_/PicoSDK/pico-sdk/src/common/pico_time/time.c.obj
 .text.timer_pool_entry_comparator
                0x100010a0       0x7c st7735_bmp280/CMakeFiles/st7735_bmp280.dir/C_/PicoSDK/pico-sdk/src/common/pico_time/time.c.obj
                0x100010a0                timer_pool_entry_comparator
 .text.ph_add_child_node
                0x1000111c       0xa4 st7735_bmp280/CMakeFiles/st7735_bmp280.dir/C_/PicoSDK/pico-sdk/src/common/pico_time/time.c.obj
 .text.ph_merge_nodes
                0x100011c0       0x3e st7735_bmp280/CMakeFiles/st7735_bmp280.dir/C_/PicoSDK/pico-sdk/src/common/pico_time/time.c.obj
 *fill*         0x100011fe        0x2 
 .text.add_alarm_under_lock
                0x10001200      0x174 st7735_bmp280/CMakeFiles/st7735_bmp280.dir/C_/PicoSDK/pico-sdk/src/common/pico_time/time.c.obj
 .text.alarm_pool_alarm_callback
                0x10001374      0x33c st7735_bmp280/CMakeFiles/st7735_bmp280.dir/C_/PicoSDK/pico-sdk/src/common/pico_time/time.c.obj
 .text.alarm_pool_init_default
                0x100016b0       0x40 st7735_bmp280/CMakeFiles/st7735_bmp280.dir/C_/PicoSDK/pico-sdk/src/common/pico_time/time.c.obj
                0x100016b0                alarm_pool_init_default
 .text.alarm_pool_get_default
                0x100016f0       0x2c st7735_bmp280/CMakeFiles/st7735_bmp280.dir/C_/PicoSDK/pico-sdk/src/common/pico_time/time.c.obj
                0x100016f0                alarm_pool_get_default
 .text.alarm_pool_add_alarm_at
                0x1000171c      0x168 st7735_bmp280/CMakeFiles/st7735_bmp280.dir/C_/PicoSDK/pico-sdk/src/common/pico_time/time.c.obj
                0x1000171c                alarm_pool_add_alarm_at
 .text.alarm_pool_cancel_alarm
                0x10001884       0xf0 st7735_bmp280/CMakeFiles/st7735_bmp280.dir/C_/PicoSDK/pico-sdk/src/common/pico_time/time.c.obj
                0x10001884                alarm_pool_cancel_alarm
 .text.best_effort_wfe_or_timeout
                0x10001974       0xac st7735_bmp280/CMakeFiles/st7735_bmp280.dir/C_/PicoSDK/pico-sdk/src/common/pico_time/time.c.obj
                0x10001974                best_effort_wfe_or_timeout
 .text.hardware_alarm_irq_handler
                0x10001a20       0x90 st7735_bmp280/CMakeFiles/st7735_bmp280.dir/C_/PicoSDK/pico-sdk/src/rp2_common/hardware_timer/timer.c.obj
 .text.hardware_alarm_claim
                0x10001ab0       0x18 st7735_bmp280/CMakeFiles/st7735_bmp280.dir/C_/PicoSDK/pico-sdk/src/rp2_common/hardware_timer/timer.c.obj
                0x10001ab0                hardware_alarm_claim
 .text.time_us_64
                0x10001ac8       0x18 st7735_bmp280/CMakeFiles/st7735_bmp280.dir/C_/PicoSDK/pico-sdk/src/rp2_common/hardware_timer/timer.c.obj
                0x10001ac8                time_us_64
 .text.busy_wait_until
                0x10001ae0       0x28 st7735_bmp280/CMakeFiles/st7735_bmp280.dir/C_/PicoSDK/pico-sdk/src/rp2_common/hardware_timer/timer.c.obj
                0x10001ae0                busy_wait_until
 .text.busy_wait_us
                0x10001b08       0x48 st7735_bmp280/CMakeFiles/st7735_bmp280.dir/C_/PicoSDK/pico-sdk/src/rp2_common/hardware_timer/timer.c.obj
                0x10001b08                busy_wait_us
 .text.busy_wait_us_32
                0x10001b50       0x24 st7735_bmp280/CMakeFiles/st7735_bmp280.dir/C_/PicoSDK/pico-sdk/src/rp2_common/hardware_timer/timer.c.obj
                0x10001b50                busy_wait_us_32
 .text.busy_wait_ms
                0x10001b74       0x30 st7735_bmp280/CMakeFiles/st7735_bmp280.dir/C_/PicoSDK/pico-sdk/src/rp2_common/hardware_timer/timer.c.obj
                0x10001b74                busy_wait_ms
 .text.hardware_alarm_set_callback
                0x10001ba4       0x90 st7735_bmp280/CMakeFiles/st7735_bmp280.dir/C_/PicoSDK/pico-sdk/src/rp2_common/hardware_timer/timer.c.obj
                0x10001ba4                hardware_alarm_set_callback
 .text.hardware_alarm_set_target
                0x10001c34       0xe8 st7735_bmp280/CMakeFiles/st7735_bmp280.dir/C_/PicoSDK/pico-sdk/src/rp2_common/hardware_timer/timer.c.obj
                0x10001c34                hardware_alarm_set_target
 .text.hardware_alarm_cancel
                0x10001d1c       0x40 st7735_bmp280/CMakeFiles/st7735_bmp280.dir/C_/PicoSDK/pico-sdk/src/rp2_common/hardware_timer/timer.c.obj
                0x10001d1c                hardware_alarm_cancel
 .text.ph_add_child_node
                0x10001d5c       0xa4 st7735_bmp280/CMakeFiles/st7735_bmp280.dir/C_/PicoSDK/pico-sdk/src/common/pico_util/pheap.c.obj
 .text.ph_merge_nodes
                0x10001e00       0x3e st7735_bmp280/CMakeFiles/st7735_bmp280.dir/C_/PicoSDK/pico-sdk/src/common/pico_util/pheap.c.obj
 *fill*         0x10001e3e        0x2 
 .text.ph_clear
                0x10001e40       0x70 st7735_bmp280/CMakeFiles/st7735_bmp280.dir/C_/PicoSDK/pico-sdk/src/common/pico_util/pheap.c.obj
                0x10001e40                ph_clear
 .text.ph_post_alloc_init
                0x10001eb0        0xe st7735_bmp280/CMakeFiles/st7735_bmp280.dir/C_/PicoSDK/pico-sdk/src/common/pico_util/pheap.c.obj
                0x10001eb0                ph_post_alloc_init
 *fill*         0x10001ebe        0x2 
 .text.ph_merge_two_pass
                0x10001ec0       0xa8 st7735_bmp280/CMakeFiles/st7735_bmp280.dir/C_/PicoSDK/pico-sdk/src/common/pico_util/pheap.c.obj
                0x10001ec0                ph_merge_two_pass
 .text.ph_remove_any_head
                0x10001f68      0x128 st7735_bmp280/CMakeFiles/st7735_bmp280.dir/C_/PicoSDK/pico-sdk/src/common/pico_util/pheap.c.obj
 .text.ph_remove_head
                0x10002090       0x14 st7735_bmp280/CMakeFiles/st7735_bmp280.dir/C_/PicoSDK/pico-sdk/src/common/pico_util/pheap.c.obj
                0x10002090                ph_remove_head
 .text.ph_remove_and_free_node
                0x100020a4       0xf8 st7735_bmp280/CMakeFiles/st7735_bmp280.dir/C_/PicoSDK/pico-sdk/src/common/pico_util/pheap.c.obj
                0x100020a4                ph_remove_and_free_node
 .text.uart_set_baudrate
                0x1000219c       0x5c st7735_bmp280/CMakeFiles/st7735_bmp280.dir/C_/PicoSDK/pico-sdk/src/rp2_common/hardware_uart/uart.c.obj
                0x1000219c                uart_set_baudrate
 .text.uart_set_translate_crlf
                0x100021f8       0x28 st7735_bmp280/CMakeFiles/st7735_bmp280.dir/C_/PicoSDK/pico-sdk/src/rp2_common/hardware_uart/uart.c.obj
                0x100021f8                uart_set_translate_crlf
 .text.uart_init
                0x10002220       0x80 st7735_bmp280/CMakeFiles/st7735_bmp280.dir/C_/PicoSDK/pico-sdk/src/rp2_common/hardware_uart/uart.c.obj
                0x10002220                uart_init
 .text.clock_configure
                0x100022a0      0x104 st7735_bmp280/CMakeFiles/st7735_bmp280.dir/C_/PicoSDK/pico-sdk/src/rp2_common/hardware_clocks/clocks.c.obj
                0x100022a0                clock_configure
 .text.clocks_init
                0x100023a4      0x100 st7735_bmp280/CMakeFiles/st7735_bmp280.dir/C_/PicoSDK/pico-sdk/src/rp2_common/hardware_clocks/clocks.c.obj
                0x100023a4                clocks_init
 .text.clock_get_hz
                0x100024a4        0xc st7735_bmp280/CMakeFiles/st7735_bmp280.dir/C_/PicoSDK/pico-sdk/src/rp2_common/hardware_clocks/clocks.c.obj
                0x100024a4                clock_get_hz
 .text.pll_init
                0x100024b0      0x12c st7735_bmp280/CMakeFiles/st7735_bmp280.dir/C_/PicoSDK/pico-sdk/src/rp2_common/hardware_pll/pll.c.obj
                0x100024b0                pll_init
 .text.watchdog_start_tick
                0x100025dc       0x10 st7735_bmp280/CMakeFiles/st7735_bmp280.dir/C_/PicoSDK/pico-sdk/src/rp2_common/hardware_watchdog/watchdog.c.obj
                0x100025dc                watchdog_start_tick
 .text.xosc_init
                0x100025ec       0x28 st7735_bmp280/CMakeFiles/st7735_bmp280.dir/C_/PicoSDK/pico-sdk/src/rp2_common/hardware_xosc/xosc.c.obj
                0x100025ec                xosc_init
 .text._exit    0x10002614        0x4 st7735_bmp280/CMakeFiles/st7735_bmp280.dir/C_/PicoSDK/pico-sdk/src/rp2_common/pico_runtime/runtime.c.obj
                0x10002614                _exit
 .text._sbrk    0x10002618       0x38 st7735_bmp280/CMakeFiles/st7735_bmp280.dir/C_/PicoSDK/pico-sdk/src/rp2_common/pico_runtime/runtime.c.obj
                0x10002618                _sbrk
 .text._getpid  0x10002650        0x4 st7735_bmp280/CMakeFiles/st7735_bmp280.dir/C_/PicoSDK/pico-sdk/src/rp2_common/pico_runtime/runtime.c.obj
                0x10002650                _getpid
 .text._kill    0x10002654        0x6 st7735_bmp280/CMakeFiles/st7735_bmp280.dir/C_/PicoSDK/pico-sdk/src/rp2_common/pico_runtime/runtime.c.obj
                0x10002654                _kill
 .text.exit     0x1000265a        0x6 st7735_bmp280/CMakeFiles/st7735_bmp280.dir/C_/PicoSDK/pico-sdk/src/rp2_common/pico_runtime/runtime.c.obj
                0x1000265a                exit
 .text.__assert_func
                0x10002660       0x3c st7735_bmp280/CMakeFiles/st7735_bmp280.dir/C_/PicoSDK/pico-sdk/src/rp2_common/pico_runtime/runtime.c.obj
                0x10002660                __assert_func
 .text.runtime_init
                0x1000269c       0xf8 st7735_bmp280/CMakeFiles/st7735_bmp280.dir/C_/PicoSDK/pico-sdk/src/rp2_common/pico_runtime/runtime.c.obj
                0x1000269c                runtime_init
 .text.panic    0x10002794       0x30 st7735_bmp280/CMakeFiles/st7735_bmp280.dir/C_/PicoSDK/pico-sdk/src/rp2_common/pico_runtime/runtime.c.obj
                0x10002794                panic
 .text._out_buffer
                0x100027c4        0x8 st7735_bmp280/CMakeFiles/st7735_bmp280.dir/C_/PicoSDK/pico-sdk/src/rp2_common/pico_printf/printf.c.obj
 .text._out_null
                0x100027cc        0x2 st7735_bmp280/CMakeFiles/st7735_bmp280.dir/C_/PicoSDK/pico-sdk/src/rp2_common/pico_printf/printf.c.obj
 .text._out_fct
                0x100027ce        0xe st7735_bmp280/CMakeFiles/st7735_bmp280.dir/C_/PicoSDK/pico-sdk/src/rp2_common/pico_printf/printf.c.obj
 .text._atoi    0x100027dc       0x24 st7735_bmp280/CMakeFiles/st7735_bmp280.dir/C_/PicoSDK/pico-sdk/src/rp2_common/pico_printf/printf.c.obj
 .text._out_rev
                0x10002800       0xae st7735_bmp280/CMakeFiles/st7735_bmp280.dir/C_/PicoSDK/pico-sdk/src/rp2_common/pico_printf/printf.c.obj
 .text._ntoa_format
                0x100028ae      0x112 st7735_bmp280/CMakeFiles/st7735_bmp280.dir/C_/PicoSDK/pico-sdk/src/rp2_common/pico_printf/printf.c.obj
 .text._ntoa_long
                0x100029c0       0xbc st7735_bmp280/CMakeFiles/st7735_bmp280.dir/C_/PicoSDK/pico-sdk/src/rp2_common/pico_printf/printf.c.obj
 .text._ntoa_long_long
                0x10002a7c       0xe2 st7735_bmp280/CMakeFiles/st7735_bmp280.dir/C_/PicoSDK/pico-sdk/src/rp2_common/pico_printf/printf.c.obj
 *fill*         0x10002b5e        0x2 
 .text._etoa    0x10002b60      0x414 st7735_bmp280/CMakeFiles/st7735_bmp280.dir/C_/PicoSDK/pico-sdk/src/rp2_common/pico_printf/printf.c.obj
 .text._ftoa    0x10002f74      0x354 st7735_bmp280/CMakeFiles/st7735_bmp280.dir/C_/PicoSDK/pico-sdk/src/rp2_common/pico_printf/printf.c.obj
 .text._vsnprintf
                0x100032c8      0x624 st7735_bmp280/CMakeFiles/st7735_bmp280.dir/C_/PicoSDK/pico-sdk/src/rp2_common/pico_printf/printf.c.obj
 .text.__wrap_sprintf
                0x100038ec       0x28 st7735_bmp280/CMakeFiles/st7735_bmp280.dir/C_/PicoSDK/pico-sdk/src/rp2_common/pico_printf/printf.c.obj
                0x100038ec                __wrap_sprintf
 .text.vfctprintf
                0x10003914       0x20 st7735_bmp280/CMakeFiles/st7735_bmp280.dir/C_/PicoSDK/pico-sdk/src/rp2_common/pico_printf/printf.c.obj
                0x10003914                vfctprintf
 .text          0x10003934       0x10 st7735_bmp280/CMakeFiles/st7735_bmp280.dir/C_/PicoSDK/pico-sdk/src/rp2_common/pico_bit_ops/bit_ops_aeabi.S.obj
 .text.rom_func_lookup
                0x10003944       0x10 st7735_bmp280/CMakeFiles/st7735_bmp280.dir/C_/PicoSDK/pico-sdk/src/rp2_common/pico_bootrom/bootrom.c.obj
                0x10003944                rom_func_lookup
 .text.rom_data_lookup
                0x10003954       0x10 st7735_bmp280/CMakeFiles/st7735_bmp280.dir/C_/PicoSDK/pico-sdk/src/rp2_common/pico_bootrom/bootrom.c.obj
                0x10003954                rom_data_lookup
 .text.rom_funcs_lookup
                0x10003964       0x36 st7735_bmp280/CMakeFiles/st7735_bmp280.dir/C_/PicoSDK/pico-sdk/src/rp2_common/pico_bootrom/bootrom.c.obj
                0x10003964                rom_funcs_lookup
 *fill*         0x1000399a        0x2 
 .text.__wrap___aeabi_idiv
                0x1000399c       0x50 st7735_bmp280/CMakeFiles/st7735_bmp280.dir/C_/PicoSDK/pico-sdk/src/rp2_common/pico_divider/divider.S.obj
                0x1000399c                __wrap___aeabi_idivmod
                0x1000399c                divmod_s32s32
                0x1000399c                div_s32s32
                0x1000399c                __wrap___aeabi_idiv
                0x100039a4                divmod_s32s32_unsafe
                0x100039d0                divmod_s32s32_savestate
 .text.__wrap___aeabi_uidiv
                0x100039ec       0x4c st7735_bmp280/CMakeFiles/st7735_bmp280.dir/C_/PicoSDK/pico-sdk/src/rp2_common/pico_divider/divider.S.obj
                0x100039ec                __wrap___aeabi_uidiv
                0x100039ec                __wrap___aeabi_uidivmod
                0x100039ec                div_u32u32
                0x100039ec                divmod_u32u32
                0x100039f4                divmod_u32u32_unsafe
                0x10003a1c                divmod_u32u32_savestate
 .text.__wrap___aeabi_ldiv
                0x10003a38      0x424 st7735_bmp280/CMakeFiles/st7735_bmp280.dir/C_/PicoSDK/pico-sdk/src/rp2_common/pico_divider/divider.S.obj
                0x10003a38                div_s64s64
                0x10003a38                divmod_s64s64
                0x10003a38                __wrap___aeabi_ldivmod
                0x10003a68                divmod_u64u64
                0x10003a68                div_u64u64
                0x10003a68                __wrap___aeabi_uldivmod
                0x10003a78                divmod_u64u64_savestate
                0x10003a98                divmod_s64s64_unsafe
                0x10003b20                divmod_u64u64_unsafe
 .text.__wrap___aeabi_darithmetic
                0x10003e5c       0x80 st7735_bmp280/CMakeFiles/st7735_bmp280.dir/C_/PicoSDK/pico-sdk/src/rp2_common/pico_double/double_aeabi.S.obj
                0x10003e5c                __wrap___aeabi_drsub
                0x10003e62                __wrap___aeabi_dsub
                0x10003e74                __wrap___aeabi_dadd
                0x10003e86                __wrap___aeabi_ddiv
                0x10003ec2                __wrap___aeabi_dmul
 .text.__wrap___aeabi_cdcmple
                0x10003edc       0x6c st7735_bmp280/CMakeFiles/st7735_bmp280.dir/C_/PicoSDK/pico-sdk/src/rp2_common/pico_double/double_aeabi.S.obj
                0x10003edc                __wrap___aeabi_cdrcmple
                0x10003eec                __wrap___aeabi_cdcmpeq
                0x10003eec                __wrap___aeabi_cdcmple
 .text.__wrap___aeabi_dcmplt
                0x10003f48        0xc st7735_bmp280/CMakeFiles/st7735_bmp280.dir/C_/PicoSDK/pico-sdk/src/rp2_common/pico_double/double_aeabi.S.obj
                0x10003f48                __wrap___aeabi_dcmplt
 .text.__wrap___aeabi_dcmple
                0x10003f54       0x10 st7735_bmp280/CMakeFiles/st7735_bmp280.dir/C_/PicoSDK/pico-sdk/src/rp2_common/pico_double/double_aeabi.S.obj
                0x10003f54                __wrap___aeabi_dcmple
 .text.__wrap___aeabi_dcmpge
                0x10003f64       0x10 st7735_bmp280/CMakeFiles/st7735_bmp280.dir/C_/PicoSDK/pico-sdk/src/rp2_common/pico_double/double_aeabi.S.obj
                0x10003f64                __wrap___aeabi_dcmpge
 .text.__wrap___aeabi_dcmpgt
                0x10003f74        0xa st7735_bmp280/CMakeFiles/st7735_bmp280.dir/C_/PicoSDK/pico-sdk/src/rp2_common/pico_double/double_aeabi.S.obj
                0x10003f74                __wrap___aeabi_dcmpgt
 .text.__wrap___aeabi_dcmpun
                0x10003f7e       0x1c st7735_bmp280/CMakeFiles/st7735_bmp280.dir/C_/PicoSDK/pico-sdk/src/rp2_common/pico_double/double_aeabi.S.obj
                0x10003f7e                __wrap___aeabi_dcmpun
 *fill*         0x10003f9a        0x2 
 .text.__wrap___aeabi_i2d
                0x10003f9c       0x38 st7735_bmp280/CMakeFiles/st7735_bmp280.dir/C_/PicoSDK/pico-sdk/src/rp2_common/pico_double/double_aeabi.S.obj
                0x10003f9c                __wrap___aeabi_ui2d
                0x10003fa4                __wrap___aeabi_i2d
 .text.__wrap___aeabi_d2iz
                0x10003fd4       0x48 st7735_bmp280/CMakeFiles/st7735_bmp280.dir/C_/PicoSDK/pico-sdk/src/rp2_common/pico_double/double_aeabi.S.obj
                0x10003fd4                double2int_z
                0x10003fd4                __wrap___aeabi_d2iz
 .text.__wrap___aeabi_d2uiz
                0x1000401c       0x18 st7735_bmp280/CMakeFiles/st7735_bmp280.dir/C_/PicoSDK/pico-sdk/src/rp2_common/pico_double/double_aeabi.S.obj
                0x1000401c                __wrap___aeabi_d2uiz
                0x1000401c                double2uint
 .text.__aeabi_double_init
                0x10004034       0xc8 st7735_bmp280/CMakeFiles/st7735_bmp280.dir/C_/PicoSDK/pico-sdk/src/rp2_common/pico_double/double_init_rom.c.obj
                0x10004034                __aeabi_double_init
 .text.double_table_shim_on_use_helper
                0x100040fc       0x34 st7735_bmp280/CMakeFiles/st7735_bmp280.dir/C_/PicoSDK/pico-sdk/src/rp2_common/pico_double/double_v1_rom_shim.S.obj
                0x100040fc                double_table_shim_on_use_helper
 .text.__wrap___aeabi_dsub
                0x10004130       0x10 st7735_bmp280/CMakeFiles/st7735_bmp280.dir/C_/PicoSDK/pico-sdk/src/rp2_common/pico_double/double_v1_rom_shim.S.obj
                0x10004130                drsub_shim
                0x10004136                dsub_shim
 .text.dadd_shim
                0x10004140      0x15c st7735_bmp280/CMakeFiles/st7735_bmp280.dir/C_/PicoSDK/pico-sdk/src/rp2_common/pico_double/double_v1_rom_shim.S.obj
                0x10004140                dadd_shim
 .text.dmul_shim
                0x1000429c      0x15c st7735_bmp280/CMakeFiles/st7735_bmp280.dir/C_/PicoSDK/pico-sdk/src/rp2_common/pico_double/double_v1_rom_shim.S.obj
                0x1000429c                dmul_shim
 .text.ddiv_shim
                0x100043f8      0x1b0 st7735_bmp280/CMakeFiles/st7735_bmp280.dir/C_/PicoSDK/pico-sdk/src/rp2_common/pico_double/double_v1_rom_shim.S.obj
                0x100043f8                ddiv_shim
 .text.double2uint_shim
                0x100045a8        0xe st7735_bmp280/CMakeFiles/st7735_bmp280.dir/C_/PicoSDK/pico-sdk/src/rp2_common/pico_double/double_v1_rom_shim.S.obj
                0x100045a8                double2uint_shim
                0x100045aa                double2ufix_shim
 *fill*         0x100045b6        0x2 
 .text.double2uint64_shim
                0x100045b8       0x70 st7735_bmp280/CMakeFiles/st7735_bmp280.dir/C_/PicoSDK/pico-sdk/src/rp2_common/pico_double/double_v1_rom_shim.S.obj
                0x100045b8                double2uint64_shim
                0x100045ba                double2ufix64_shim
                0x100045da                d2fix_a
 .text.dunpacks
                0x10004628       0x3c st7735_bmp280/CMakeFiles/st7735_bmp280.dir/C_/PicoSDK/pico-sdk/src/rp2_common/pico_double/double_v1_rom_shim.S.obj
                0x10004628                dunpacks
 .text.__aeabi_lmul
                0x10004664       0x32 st7735_bmp280/CMakeFiles/st7735_bmp280.dir/C_/PicoSDK/pico-sdk/src/rp2_common/pico_int64_ops/pico_int64_ops_aeabi.S.obj
                0x10004664                __wrap___aeabi_lmul
 *fill*         0x10004696        0x2 
 .text.__wrap___aeabi_farithmetic
                0x10004698       0x58 st7735_bmp280/CMakeFiles/st7735_bmp280.dir/C_/PicoSDK/pico-sdk/src/rp2_common/pico_float/float_aeabi.S.obj
                0x10004698                __wrap___aeabi_frsub
                0x1000469e                __wrap___aeabi_fsub
                0x100046a8                __wrap___aeabi_fadd
                0x100046b2                __wrap___aeabi_fdiv
                0x100046de                __wrap___aeabi_fmul
 .text.__wrap___aeabi_i2f
                0x100046f0       0x44 st7735_bmp280/CMakeFiles/st7735_bmp280.dir/C_/PicoSDK/pico-sdk/src/rp2_common/pico_float/float_aeabi.S.obj
                0x100046f0                __wrap___aeabi_i2f
 .text.__wrap___aeabi_f2d
                0x10004734       0x14 st7735_bmp280/CMakeFiles/st7735_bmp280.dir/C_/PicoSDK/pico-sdk/src/rp2_common/pico_float/float_aeabi.S.obj
                0x10004734                __wrap___aeabi_f2d
 .text.__aeabi_float_init
                0x10004748       0xfc st7735_bmp280/CMakeFiles/st7735_bmp280.dir/C_/PicoSDK/pico-sdk/src/rp2_common/pico_float/float_init_rom.c.obj
                0x10004748                __aeabi_float_init
 .text.float_table_shim_on_use_helper
                0x10004844       0x34 st7735_bmp280/CMakeFiles/st7735_bmp280.dir/C_/PicoSDK/pico-sdk/src/rp2_common/pico_float/float_v1_rom_shim.S.obj
                0x10004844                float_table_shim_on_use_helper
 .text.float2double_shim
                0x10004878       0x30 st7735_bmp280/CMakeFiles/st7735_bmp280.dir/C_/PicoSDK/pico-sdk/src/rp2_common/pico_float/float_v1_rom_shim.S.obj
                0x10004878                float2double_shim
 .text.__wrap_malloc
                0x100048a8       0x24 st7735_bmp280/CMakeFiles/st7735_bmp280.dir/C_/PicoSDK/pico-sdk/src/rp2_common/pico_malloc/pico_malloc.c.obj
                0x100048a8                __wrap_malloc
 .text.__wrap_realloc
                0x100048cc       0x24 st7735_bmp280/CMakeFiles/st7735_bmp280.dir/C_/PicoSDK/pico-sdk/src/rp2_common/pico_malloc/pico_malloc.c.obj
                0x100048cc                __wrap_realloc
 .text.__wrap_free
                0x100048f0        0x8 st7735_bmp280/CMakeFiles/st7735_bmp280.dir/C_/PicoSDK/pico-sdk/src/rp2_common/pico_malloc/pico_malloc.c.obj
                0x100048f0                __wrap_free
 .text          0x100048f8       0x10 st7735_bmp280/CMakeFiles/st7735_bmp280.dir/C_/PicoSDK/pico-sdk/src/rp2_common/pico_mem_ops/mem_ops_aeabi.S.obj
                0x100048f8                __aeabi_mem_init
 .text.memset   0x10004908        0xc st7735_bmp280/CMakeFiles/st7735_bmp280.dir/C_/PicoSDK/pico-sdk/src/rp2_common/pico_mem_ops/mem_ops_aeabi.S.obj
                0x10004908                __wrap_memset
 .text.memcpy   0x10004914        0xc st7735_bmp280/CMakeFiles/st7735_bmp280.dir/C_/PicoSDK/pico-sdk/src/rp2_common/pico_mem_ops/mem_ops_aeabi.S.obj
                0x10004914                __wrap_memcpy
                0x10004914                __wrap___aeabi_memcpy
 .text._ZdlPvj  0x10004920        0x8 st7735_bmp280/CMakeFiles/st7735_bmp280.dir/C_/PicoSDK/pico-sdk/src/rp2_common/pico_standard_link/new_delete.cpp.obj
                0x10004920                operator delete(void*, unsigned int)
 .text.stdio_out_chars_no_crlf
                0x10004928        0xe st7735_bmp280/CMakeFiles/st7735_bmp280.dir/C_/PicoSDK/pico-sdk/src/rp2_common/pico_stdio/stdio.c.obj
 *fill*         0x10004936        0x2 
 .text.stdio_out_chars_crlf
                0x10004938       0x80 st7735_bmp280/CMakeFiles/st7735_bmp280.dir/C_/PicoSDK/pico-sdk/src/rp2_common/pico_stdio/stdio.c.obj
 .text.stdio_stack_buffer_flush
                0x100049b8       0x44 st7735_bmp280/CMakeFiles/st7735_bmp280.dir/C_/PicoSDK/pico-sdk/src/rp2_common/pico_stdio/stdio.c.obj
 .text.stdio_buffered_printer
                0x100049fc       0x20 st7735_bmp280/CMakeFiles/st7735_bmp280.dir/C_/PicoSDK/pico-sdk/src/rp2_common/pico_stdio/stdio.c.obj
 .text.stdio_get_until
                0x10004a1c       0x80 st7735_bmp280/CMakeFiles/st7735_bmp280.dir/C_/PicoSDK/pico-sdk/src/rp2_common/pico_stdio/stdio.c.obj
 .text.stdout_serialize_begin
                0x10004a9c       0x5c st7735_bmp280/CMakeFiles/st7735_bmp280.dir/C_/PicoSDK/pico-sdk/src/rp2_common/pico_stdio/stdio.c.obj
                0x10004a9c                stdout_serialize_begin
 .text.stdout_serialize_end
                0x10004af8       0x10 st7735_bmp280/CMakeFiles/st7735_bmp280.dir/C_/PicoSDK/pico-sdk/src/rp2_common/pico_stdio/stdio.c.obj
                0x10004af8                stdout_serialize_end
 .text.stdio_put_string
                0x10004b08       0x98 st7735_bmp280/CMakeFiles/st7735_bmp280.dir/C_/PicoSDK/pico-sdk/src/rp2_common/pico_stdio/stdio.c.obj
 .text._read    0x10004ba0       0x24 st7735_bmp280/CMakeFiles/st7735_bmp280.dir/C_/PicoSDK/pico-sdk/src/rp2_common/pico_stdio/stdio.c.obj
                0x10004ba0                _read
 .text._write   0x10004bc4       0x22 st7735_bmp280/CMakeFiles/st7735_bmp280.dir/C_/PicoSDK/pico-sdk/src/rp2_common/pico_stdio/stdio.c.obj
                0x10004bc4                _write
 .text._close   0x10004be6        0x6 st7735_bmp280/CMakeFiles/st7735_bmp280.dir/C_/PicoSDK/pico-sdk/src/rp2_common/pico_stdio/stdio.c.obj
                0x10004be6                _close
 .text._lseek   0x10004bec        0x6 st7735_bmp280/CMakeFiles/st7735_bmp280.dir/C_/PicoSDK/pico-sdk/src/rp2_common/pico_stdio/stdio.c.obj
                0x10004bec                _lseek
 .text._fstat   0x10004bf2        0x6 st7735_bmp280/CMakeFiles/st7735_bmp280.dir/C_/PicoSDK/pico-sdk/src/rp2_common/pico_stdio/stdio.c.obj
                0x10004bf2                _fstat
 .text._isatty  0x10004bf8        0xc st7735_bmp280/CMakeFiles/st7735_bmp280.dir/C_/PicoSDK/pico-sdk/src/rp2_common/pico_stdio/stdio.c.obj
                0x10004bf8                _isatty
 .text.stdio_set_driver_enabled
                0x10004c04       0x2c st7735_bmp280/CMakeFiles/st7735_bmp280.dir/C_/PicoSDK/pico-sdk/src/rp2_common/pico_stdio/stdio.c.obj
                0x10004c04                stdio_set_driver_enabled
 .text.stdio_flush
                0x10004c30       0x20 st7735_bmp280/CMakeFiles/st7735_bmp280.dir/C_/PicoSDK/pico-sdk/src/rp2_common/pico_stdio/stdio.c.obj
                0x10004c30                stdio_flush
 .text.__wrap_puts
                0x10004c50       0x1e st7735_bmp280/CMakeFiles/st7735_bmp280.dir/C_/PicoSDK/pico-sdk/src/rp2_common/pico_stdio/stdio.c.obj
                0x10004c50                __wrap_puts
 *fill*         0x10004c6e        0x2 
 .text.__wrap_vprintf
                0x10004c70       0x40 st7735_bmp280/CMakeFiles/st7735_bmp280.dir/C_/PicoSDK/pico-sdk/src/rp2_common/pico_stdio/stdio.c.obj
                0x10004c70                __wrap_vprintf
 .text.__wrap_printf
                0x10004cb0       0x18 st7735_bmp280/CMakeFiles/st7735_bmp280.dir/C_/PicoSDK/pico-sdk/src/rp2_common/pico_stdio/stdio.c.obj
                0x10004cb0                __wrap_printf
 .text.stdio_init_all
                0x10004cc8        0xa st7735_bmp280/CMakeFiles/st7735_bmp280.dir/C_/PicoSDK/pico-sdk/src/rp2_common/pico_stdio/stdio.c.obj
                0x10004cc8                stdio_init_all
 *fill*         0x10004cd2        0x2 
 .text.stdio_uart_out_chars
                0x10004cd4       0x74 st7735_bmp280/CMakeFiles/st7735_bmp280.dir/C_/PicoSDK/pico-sdk/src/rp2_common/pico_stdio_uart/stdio_uart.c.obj
 .text.stdio_uart_in_chars
                0x10004d48       0x80 st7735_bmp280/CMakeFiles/st7735_bmp280.dir/C_/PicoSDK/pico-sdk/src/rp2_common/pico_stdio_uart/stdio_uart.c.obj
                0x10004d48                stdio_uart_in_chars
 .text.on_uart_rx
                0x10004dc8       0x28 st7735_bmp280/CMakeFiles/st7735_bmp280.dir/C_/PicoSDK/pico-sdk/src/rp2_common/pico_stdio_uart/stdio_uart.c.obj
 .text.stdio_uart_set_chars_available_callback
                0x10004df0       0x8c st7735_bmp280/CMakeFiles/st7735_bmp280.dir/C_/PicoSDK/pico-sdk/src/rp2_common/pico_stdio_uart/stdio_uart.c.obj
 .text.stdio_uart_init_full
                0x10004e7c       0x44 st7735_bmp280/CMakeFiles/st7735_bmp280.dir/C_/PicoSDK/pico-sdk/src/rp2_common/pico_stdio_uart/stdio_uart.c.obj
                0x10004e7c                stdio_uart_init_full
 .text.stdio_uart_init
                0x10004ec0       0x28 st7735_bmp280/CMakeFiles/st7735_bmp280.dir/C_/PicoSDK/pico-sdk/src/rp2_common/pico_stdio_uart/stdio_uart.c.obj
                0x10004ec0                stdio_uart_init
 .text.spi_set_baudrate
                0x10004ee8       0x92 st7735_bmp280/CMakeFiles/st7735_bmp280.dir/C_/PicoSDK/pico-sdk/src/rp2_common/hardware_spi/spi.c.obj
                0x10004ee8                spi_set_baudrate
 *fill*         0x10004f7a        0x2 
 .text.spi_init
                0x10004f7c       0x68 st7735_bmp280/CMakeFiles/st7735_bmp280.dir/C_/PicoSDK/pico-sdk/src/rp2_common/hardware_spi/spi.c.obj
                0x10004f7c                spi_init
 .text.i2c_write_blocking_internal
                0x10004fe4      0x140 st7735_bmp280/CMakeFiles/st7735_bmp280.dir/C_/PicoSDK/pico-sdk/src/rp2_common/hardware_i2c/i2c.c.obj
 .text.i2c_read_blocking_internal
                0x10005124       0xe6 st7735_bmp280/CMakeFiles/st7735_bmp280.dir/C_/PicoSDK/pico-sdk/src/rp2_common/hardware_i2c/i2c.c.obj
 *fill*         0x1000520a        0x2 
 .text.i2c_set_baudrate
                0x1000520c       0xf0 st7735_bmp280/CMakeFiles/st7735_bmp280.dir/C_/PicoSDK/pico-sdk/src/rp2_common/hardware_i2c/i2c.c.obj
                0x1000520c                i2c_set_baudrate
 .text.i2c_init
                0x100052fc       0x58 st7735_bmp280/CMakeFiles/st7735_bmp280.dir/C_/PicoSDK/pico-sdk/src/rp2_common/hardware_i2c/i2c.c.obj
                0x100052fc                i2c_init
 .text.i2c_write_blocking
                0x10005354       0x18 st7735_bmp280/CMakeFiles/st7735_bmp280.dir/C_/PicoSDK/pico-sdk/src/rp2_common/hardware_i2c/i2c.c.obj
                0x10005354                i2c_write_blocking
 .text.i2c_read_blocking
                0x1000536c       0x18 st7735_bmp280/CMakeFiles/st7735_bmp280.dir/C_/PicoSDK/pico-sdk/src/rp2_common/hardware_i2c/i2c.c.obj
                0x1000536c                i2c_read_blocking
 .text._ZN10ST7735_TFTC2Ev
                0x10005384       0x1c st7735_bmp280/CMakeFiles/st7735_bmp280.dir/st7735/ST7735_TFT.cpp.obj
                0x10005384                ST7735_TFT::ST7735_TFT()
                0x10005384                ST7735_TFT::ST7735_TFT()
 .text._ZN10ST7735_TFT16TFTSPIInitializeEv
                0x100053a0       0x40 st7735_bmp280/CMakeFiles/st7735_bmp280.dir/st7735/ST7735_TFT.cpp.obj
                0x100053a0                ST7735_TFT::TFTSPIInitialize()
 .text._ZN10ST7735_TFT11TFTResetPINEv
                0x100053e0       0x3e st7735_bmp280/CMakeFiles/st7735_bmp280.dir/st7735/ST7735_TFT.cpp.obj
                0x100053e0                ST7735_TFT::TFTResetPIN()
 .text._ZN10ST7735_TFT12TFTSetupGPIOEaaaaa
                0x1000541e       0x4e st7735_bmp280/CMakeFiles/st7735_bmp280.dir/st7735/ST7735_TFT.cpp.obj
                0x1000541e                ST7735_TFT::TFTSetupGPIO(signed char, signed char, signed char, signed char, signed char)
 .text._ZN10ST7735_TFT10Rcmd2greenEv
                0x1000546c       0x54 st7735_bmp280/CMakeFiles/st7735_bmp280.dir/st7735/ST7735_TFT.cpp.obj
                0x1000546c                ST7735_TFT::Rcmd2green()
 .text._ZN10ST7735_TFT4BcmdEv
                0x100054c0      0x1b8 st7735_bmp280/CMakeFiles/st7735_bmp280.dir/st7735/ST7735_TFT.cpp.obj
                0x100054c0                ST7735_TFT::Bcmd()
 .text._ZN10ST7735_TFT20TFTST7735BInitializeEv
                0x10005678       0x76 st7735_bmp280/CMakeFiles/st7735_bmp280.dir/st7735/ST7735_TFT.cpp.obj
                0x10005678                ST7735_TFT::TFTST7735BInitialize()
 *fill*         0x100056ee        0x2 
 .text._ZN10ST7735_TFT5Rcmd1Ev
                0x100056f0      0x13c st7735_bmp280/CMakeFiles/st7735_bmp280.dir/st7735/ST7735_TFT.cpp.obj
                0x100056f0                ST7735_TFT::Rcmd1()
 .text._ZN10ST7735_TFT8Rcmd2redEv
                0x1000582c       0x38 st7735_bmp280/CMakeFiles/st7735_bmp280.dir/st7735/ST7735_TFT.cpp.obj
                0x1000582c                ST7735_TFT::Rcmd2red()
 .text._ZN10ST7735_TFT5Rcmd3Ev
                0x10005864       0x6c st7735_bmp280/CMakeFiles/st7735_bmp280.dir/st7735/ST7735_TFT.cpp.obj
                0x10005864                ST7735_TFT::Rcmd3()
 .text._ZN10ST7735_TFT21TFTGreenTabInitializeEv
                0x100058d0       0x82 st7735_bmp280/CMakeFiles/st7735_bmp280.dir/st7735/ST7735_TFT.cpp.obj
                0x100058d0                ST7735_TFT::TFTGreenTabInitialize()
 .text._ZN10ST7735_TFT19TFTRedTabInitializeEv
                0x10005952       0x82 st7735_bmp280/CMakeFiles/st7735_bmp280.dir/st7735/ST7735_TFT.cpp.obj
                0x10005952                ST7735_TFT::TFTRedTabInitialize()
 .text._ZN10ST7735_TFT21TFTBlackTabInitializeEv
                0x100059d4       0x92 st7735_bmp280/CMakeFiles/st7735_bmp280.dir/st7735/ST7735_TFT.cpp.obj
                0x100059d4                ST7735_TFT::TFTBlackTabInitialize()
 .text._ZN10ST7735_TFT17TFTInitScreenSizeEhhtt
                0x10005a66       0x18 st7735_bmp280/CMakeFiles/st7735_bmp280.dir/st7735/ST7735_TFT.cpp.obj
                0x10005a66                ST7735_TFT::TFTInitScreenSize(unsigned char, unsigned char, unsigned short, unsigned short)
 .text._ZN10ST7735_TFT14TFTInitPCBTypeENS_13TFT_PCBtype_eE
                0x10005a7e       0x2c st7735_bmp280/CMakeFiles/st7735_bmp280.dir/st7735/ST7735_TFT.cpp.obj
                0x10005a7e                ST7735_TFT::TFTInitPCBType(ST7735_TFT::TFT_PCBtype_e)
 .text._ZN10ST7735_TFT14TFTInitSPITypeEmP8spi_inst
                0x10005aaa        0xc st7735_bmp280/CMakeFiles/st7735_bmp280.dir/st7735/ST7735_TFT.cpp.obj
                0x10005aaa                ST7735_TFT::TFTInitSPIType(unsigned long, spi_inst*)
 *fill*         0x10005ab6        0x2 
 .text._ZN19ST7735_TFT_graphicsC2Ev
                0x10005ab8       0x38 st7735_bmp280/CMakeFiles/st7735_bmp280.dir/st7735/ST7735_TFT_graphics.cpp.obj
                0x10005ab8                ST7735_TFT_graphics::ST7735_TFT_graphics()
                0x10005ab8                ST7735_TFT_graphics::ST7735_TFT_graphics()
 .text._ZN19ST7735_TFT_graphics10TFTFontNumENS_15TFT_Font_Type_eE
                0x10005af0       0x90 st7735_bmp280/CMakeFiles/st7735_bmp280.dir/st7735/ST7735_TFT_graphics.cpp.obj
                0x10005af0                ST7735_TFT_graphics::TFTFontNum(ST7735_TFT_graphics::TFT_Font_Type_e)
 .text._ZN19ST7735_TFT_graphics16spiWriteSoftwareEh
                0x10005b80       0x4e st7735_bmp280/CMakeFiles/st7735_bmp280.dir/st7735/ST7735_TFT_graphics.cpp.obj
                0x10005b80                ST7735_TFT_graphics::spiWriteSoftware(unsigned char)
 .text._ZN19ST7735_TFT_graphics8spiWriteEh
                0x10005bce       0x28 st7735_bmp280/CMakeFiles/st7735_bmp280.dir/st7735/ST7735_TFT_graphics.cpp.obj
                0x10005bce                ST7735_TFT_graphics::spiWrite(unsigned char)
 .text._ZN19ST7735_TFT_graphics12writeCommandEh
                0x10005bf6       0x2a st7735_bmp280/CMakeFiles/st7735_bmp280.dir/st7735/ST7735_TFT_graphics.cpp.obj
                0x10005bf6                ST7735_TFT_graphics::writeCommand(unsigned char)
 .text._ZN19ST7735_TFT_graphics9writeDataEh
                0x10005c20       0x2a st7735_bmp280/CMakeFiles/st7735_bmp280.dir/st7735/ST7735_TFT_graphics.cpp.obj
                0x10005c20                ST7735_TFT_graphics::writeData(unsigned char)
 .text._ZN19ST7735_TFT_graphics16TFTsetAddrWindowEhhhh
                0x10005c4a       0x7e st7735_bmp280/CMakeFiles/st7735_bmp280.dir/st7735/ST7735_TFT_graphics.cpp.obj
                0x10005c4a                ST7735_TFT_graphics::TFTsetAddrWindow(unsigned char, unsigned char, unsigned char, unsigned char)
 .text._ZN19ST7735_TFT_graphics12TFTdrawPixelEhht
                0x10005cc8       0x3a st7735_bmp280/CMakeFiles/st7735_bmp280.dir/st7735/ST7735_TFT_graphics.cpp.obj
                0x10005cc8                ST7735_TFT_graphics::TFTdrawPixel(unsigned char, unsigned char, unsigned short)
 *fill*         0x10005d02        0x2 
 .text._ZN19ST7735_TFT_graphics18TFTdrawCharNumFontEhhhtt
                0x10005d04       0xd4 st7735_bmp280/CMakeFiles/st7735_bmp280.dir/st7735/ST7735_TFT_graphics.cpp.obj
                0x10005d04                ST7735_TFT_graphics::TFTdrawCharNumFont(unsigned char, unsigned char, unsigned char, unsigned short, unsigned short)
 .text._ZN19ST7735_TFT_graphics16TFTdrawFastVLineEhhht
                0x10005dd8       0x8a st7735_bmp280/CMakeFiles/st7735_bmp280.dir/st7735/ST7735_TFT_graphics.cpp.obj
                0x10005dd8                ST7735_TFT_graphics::TFTdrawFastVLine(unsigned char, unsigned char, unsigned char, unsigned short)
 .text._ZN19ST7735_TFT_graphics16fillCircleHelperEssshst
                0x10005e62      0x168 st7735_bmp280/CMakeFiles/st7735_bmp280.dir/st7735/ST7735_TFT_graphics.cpp.obj
                0x10005e62                ST7735_TFT_graphics::fillCircleHelper(short, short, short, unsigned char, short, unsigned short)
 .text._ZN19ST7735_TFT_graphics13TFTfillCircleEssst
                0x10005fca       0x42 st7735_bmp280/CMakeFiles/st7735_bmp280.dir/st7735/ST7735_TFT_graphics.cpp.obj
                0x10005fca                ST7735_TFT_graphics::TFTfillCircle(short, short, short, unsigned short)
 .text._ZN19ST7735_TFT_graphics11TFTfillRectEhhhht
                0x1000600c       0x4e st7735_bmp280/CMakeFiles/st7735_bmp280.dir/st7735/ST7735_TFT_graphics.cpp.obj
                0x1000600c                ST7735_TFT_graphics::TFTfillRect(unsigned char, unsigned char, unsigned char, unsigned char, unsigned short)
 *fill*         0x1000605a        0x2 
 .text._ZN19ST7735_TFT_graphics11TFTdrawCharEhhhtth
                0x1000605c      0x198 st7735_bmp280/CMakeFiles/st7735_bmp280.dir/st7735/ST7735_TFT_graphics.cpp.obj
                0x1000605c                ST7735_TFT_graphics::TFTdrawChar(unsigned char, unsigned char, unsigned char, unsigned short, unsigned short, unsigned char)
 .text._ZN19ST7735_TFT_graphics11TFTdrawTextEhhPctth
                0x100061f4       0xba st7735_bmp280/CMakeFiles/st7735_bmp280.dir/st7735/ST7735_TFT_graphics.cpp.obj
                0x100061f4                ST7735_TFT_graphics::TFTdrawText(unsigned char, unsigned char, char*, unsigned short, unsigned short, unsigned char)
 .text._ZN19ST7735_TFT_graphics5writeEh
                0x100062ae      0x138 st7735_bmp280/CMakeFiles/st7735_bmp280.dir/st7735/ST7735_TFT_graphics.cpp.obj
                0x100062ae                ST7735_TFT_graphics::write(unsigned char)
 .text._ZN19ST7735_TFT_graphics18spiWriteDataBufferEPhm
                0x100063e6       0x56 st7735_bmp280/CMakeFiles/st7735_bmp280.dir/st7735/ST7735_TFT_graphics.cpp.obj
                0x100063e6                ST7735_TFT_graphics::spiWriteDataBuffer(unsigned char*, unsigned long)
 .text._ZN19ST7735_TFT_graphics16TFTfillRectangleEhhhht
                0x1000643c       0xb4 st7735_bmp280/CMakeFiles/st7735_bmp280.dir/st7735/ST7735_TFT_graphics.cpp.obj
                0x1000643c                ST7735_TFT_graphics::TFTfillRectangle(unsigned char, unsigned char, unsigned char, unsigned char, unsigned short)
 .text._ZN19ST7735_TFT_graphics13TFTfillScreenEt
                0x100064f0       0x18 st7735_bmp280/CMakeFiles/st7735_bmp280.dir/st7735/ST7735_TFT_graphics.cpp.obj
                0x100064f0                ST7735_TFT_graphics::TFTfillScreen(unsigned short)
 .text._ZN5Print5writeEPKhj
                0x10006508       0x28 st7735_bmp280/CMakeFiles/st7735_bmp280.dir/st7735/ST7735_TFT_Print.cpp.obj
                0x10006508                Print::write(unsigned char const*, unsigned int)
 .text.__cxa_pure_virtual
                0x10006530       0x14 c:/picosdk/gcc-arm-none-eabi/bin/../lib/gcc/arm-none-eabi/10.3.1/../../../../arm-none-eabi/lib/thumb/v6-m/nofp\libstdc++.a(pure.o)
                0x10006530                __cxa_pure_virtual
 .text._ZN10__cxxabiv111__terminateEPFvvE
                0x10006544       0x28 c:/picosdk/gcc-arm-none-eabi/bin/../lib/gcc/arm-none-eabi/10.3.1/../../../../arm-none-eabi/lib/thumb/v6-m/nofp\libstdc++.a(eh_terminate.o)
                0x10006544                __cxxabiv1::__terminate(void (*)())
 .text._ZSt9terminatev
                0x1000656c       0x10 c:/picosdk/gcc-arm-none-eabi/bin/../lib/gcc/arm-none-eabi/10.3.1/../../../../arm-none-eabi/lib/thumb/v6-m/nofp\libstdc++.a(eh_terminate.o)
                0x1000656c                std::terminate()
 .text._ZN10__cxxabiv112__unexpectedEPFvvE
                0x1000657c        0x8 c:/picosdk/gcc-arm-none-eabi/bin/../lib/gcc/arm-none-eabi/10.3.1/../../../../arm-none-eabi/lib/thumb/v6-m/nofp\libstdc++.a(eh_terminate.o)
                0x1000657c                __cxxabiv1::__unexpected(void (*)())
 .text._ZSt10unexpectedv
                0x10006584       0x10 c:/picosdk/gcc-arm-none-eabi/bin/../lib/gcc/arm-none-eabi/10.3.1/../../../../arm-none-eabi/lib/thumb/v6-m/nofp\libstdc++.a(eh_terminate.o)
                0x10006584                std::unexpected()
 .text._ZSt13get_terminatev
                0x10006594        0xc c:/picosdk/gcc-arm-none-eabi/bin/../lib/gcc/arm-none-eabi/10.3.1/../../../../arm-none-eabi/lib/thumb/v6-m/nofp\libstdc++.a(eh_terminate.o)
                0x10006594                std::get_terminate()
 .text._ZSt14get_unexpectedv
                0x100065a0        0xc c:/picosdk/gcc-arm-none-eabi/bin/../lib/gcc/arm-none-eabi/10.3.1/../../../../arm-none-eabi/lib/thumb/v6-m/nofp\libstdc++.a(eh_terminate.o)
                0x100065a0                std::get_unexpected()
 .text._ZN9__gnu_cxx27__verbose_terminate_handlerEv
                0x100065ac      0x114 c:/picosdk/gcc-arm-none-eabi/bin/../lib/gcc/arm-none-eabi/10.3.1/../../../../arm-none-eabi/lib/thumb/v6-m/nofp\libstdc++.a(vterminate.o)
                0x100065ac                __gnu_cxx::__verbose_terminate_handler()
 .text          0x100066c0     0x67e4 c:/picosdk/gcc-arm-none-eabi/bin/../lib/gcc/arm-none-eabi/10.3.1/../../../../arm-none-eabi/lib/thumb/v6-m/nofp\libstdc++.a(cp-demangle.o)
                0x1000cdb0                __cxa_demangle
                0x1000ce84                __gcclibcxx_demangle_callback
 .text.__cxa_end_cleanup
                0x1000cea4        0xc c:/picosdk/gcc-arm-none-eabi/bin/../lib/gcc/arm-none-eabi/10.3.1/../../../../arm-none-eabi/lib/thumb/v6-m/nofp\libstdc++.a(eh_arm.o)
                0x1000cea4                __cxa_end_cleanup
 .text.__cxa_type_match
                0x1000ceb0       0xc0 c:/picosdk/gcc-arm-none-eabi/bin/../lib/gcc/arm-none-eabi/10.3.1/../../../../arm-none-eabi/lib/thumb/v6-m/nofp\libstdc++.a(eh_arm.o)
                0x1000ceb0                __cxa_type_match
 .text.__cxa_begin_cleanup
                0x1000cf70       0x60 c:/picosdk/gcc-arm-none-eabi/bin/../lib/gcc/arm-none-eabi/10.3.1/../../../../arm-none-eabi/lib/thumb/v6-m/nofp\libstdc++.a(eh_arm.o)
                0x1000cf70                __cxa_begin_cleanup
 .text.__gnu_end_cleanup
                0x1000cfd0       0x70 c:/picosdk/gcc-arm-none-eabi/bin/../lib/gcc/arm-none-eabi/10.3.1/../../../../arm-none-eabi/lib/thumb/v6-m/nofp\libstdc++.a(eh_arm.o)
                0x1000cfd0                __gnu_end_cleanup
 .text._ZN10__cxxabiv1L24__is_gxx_exception_classEPc
                0x1000d040       0x3c c:/picosdk/gcc-arm-none-eabi/bin/../lib/gcc/arm-none-eabi/10.3.1/../../../../arm-none-eabi/lib/thumb/v6-m/nofp\libstdc++.a(eh_call.o)
 .text.__cxa_call_terminate
                0x1000d07c       0x20 c:/picosdk/gcc-arm-none-eabi/bin/../lib/gcc/arm-none-eabi/10.3.1/../../../../arm-none-eabi/lib/thumb/v6-m/nofp\libstdc++.a(eh_call.o)
                0x1000d07c                __cxa_call_terminate
 .text.unlikely.__cxa_call_unexpected
                0x1000d09c      0x100 c:/picosdk/gcc-arm-none-eabi/bin/../lib/gcc/arm-none-eabi/10.3.1/../../../../arm-none-eabi/lib/thumb/v6-m/nofp\libstdc++.a(eh_call.o)
                0x1000d09c                __cxa_call_unexpected
 .text.__cxa_begin_catch
                0x1000d19c       0x74 c:/picosdk/gcc-arm-none-eabi/bin/../lib/gcc/arm-none-eabi/10.3.1/../../../../arm-none-eabi/lib/thumb/v6-m/nofp\libstdc++.a(eh_catch.o)
                0x1000d19c                __cxa_begin_catch
 .text.__cxa_end_catch
                0x1000d210       0x90 c:/picosdk/gcc-arm-none-eabi/bin/../lib/gcc/arm-none-eabi/10.3.1/../../../../arm-none-eabi/lib/thumb/v6-m/nofp\libstdc++.a(eh_catch.o)
                0x1000d210                __cxa_end_catch
 .text._ZNSt13bad_exceptionD2Ev
                0x1000d2a0        0x4 c:/picosdk/gcc-arm-none-eabi/bin/../lib/gcc/arm-none-eabi/10.3.1/../../../../arm-none-eabi/lib/thumb/v6-m/nofp\libstdc++.a(eh_exception.o)
                0x1000d2a0                std::bad_exception::~bad_exception()
                0x1000d2a0                std::bad_exception::~bad_exception()
 .text._ZNKSt13bad_exception4whatEv
                0x1000d2a4        0x8 c:/picosdk/gcc-arm-none-eabi/bin/../lib/gcc/arm-none-eabi/10.3.1/../../../../arm-none-eabi/lib/thumb/v6-m/nofp\libstdc++.a(eh_exception.o)
                0x1000d2a4                std::bad_exception::what() const
                0x1000d2a4                transaction clone for std::bad_exception::what() const
 .text._ZNSt13bad_exceptionD0Ev
                0x1000d2ac       0x10 c:/picosdk/gcc-arm-none-eabi/bin/../lib/gcc/arm-none-eabi/10.3.1/../../../../arm-none-eabi/lib/thumb/v6-m/nofp\libstdc++.a(eh_exception.o)
                0x1000d2ac                std::bad_exception::~bad_exception()
 .text.__cxa_get_globals_fast
                0x1000d2bc        0x8 c:/picosdk/gcc-arm-none-eabi/bin/../lib/gcc/arm-none-eabi/10.3.1/../../../../arm-none-eabi/lib/thumb/v6-m/nofp\libstdc++.a(eh_globals.o)
                0x1000d2bc                __cxa_get_globals_fast
 .text.__cxa_get_globals
                0x1000d2c4        0x8 c:/picosdk/gcc-arm-none-eabi/bin/../lib/gcc/arm-none-eabi/10.3.1/../../../../arm-none-eabi/lib/thumb/v6-m/nofp\libstdc++.a(eh_globals.o)
                0x1000d2c4                __cxa_get_globals
 .text._ZL28read_encoded_value_with_basehjPKhPj
                0x1000d2cc      0x114 c:/picosdk/gcc-arm-none-eabi/bin/../lib/gcc/arm-none-eabi/10.3.1/../../../../arm-none-eabi/lib/thumb/v6-m/nofp\libstdc++.a(eh_personality.o)
 .text._ZL21base_of_encoded_valuehP15_Unwind_Context
                0x1000d3e0       0x48 c:/picosdk/gcc-arm-none-eabi/bin/../lib/gcc/arm-none-eabi/10.3.1/../../../../arm-none-eabi/lib/thumb/v6-m/nofp\libstdc++.a(eh_personality.o)
 .text._ZL17parse_lsda_headerP15_Unwind_ContextPKhP16lsda_header_info
                0x1000d428       0x98 c:/picosdk/gcc-arm-none-eabi/bin/../lib/gcc/arm-none-eabi/10.3.1/../../../../arm-none-eabi/lib/thumb/v6-m/nofp\libstdc++.a(eh_personality.o)
 .text.__gxx_personality_v0
                0x1000d4c0      0x4c8 c:/picosdk/gcc-arm-none-eabi/bin/../lib/gcc/arm-none-eabi/10.3.1/../../../../arm-none-eabi/lib/thumb/v6-m/nofp\libstdc++.a(eh_personality.o)
                0x1000d4c0                __gxx_personality_v0
 .text._ZL23__gxx_exception_cleanup19_Unwind_Reason_CodeP21_Unwind_Control_Block
                0x1000d988       0x34 c:/picosdk/gcc-arm-none-eabi/bin/../lib/gcc/arm-none-eabi/10.3.1/../../../../arm-none-eabi/lib/thumb/v6-m/nofp\libstdc++.a(eh_throw.o)
 .text.__cxa_init_primary_exception
                0x1000d9bc       0x4c c:/picosdk/gcc-arm-none-eabi/bin/../lib/gcc/arm-none-eabi/10.3.1/../../../../arm-none-eabi/lib/thumb/v6-m/nofp\libstdc++.a(eh_throw.o)
                0x1000d9bc                __cxa_init_primary_exception
 .text.__cxa_throw
                0x1000da08       0x34 c:/picosdk/gcc-arm-none-eabi/bin/../lib/gcc/arm-none-eabi/10.3.1/../../../../arm-none-eabi/lib/thumb/v6-m/nofp\libstdc++.a(eh_throw.o)
                0x1000da08                __cxa_throw
 .text.__cxa_rethrow
                0x1000da3c       0x70 c:/picosdk/gcc-arm-none-eabi/bin/../lib/gcc/arm-none-eabi/10.3.1/../../../../arm-none-eabi/lib/thumb/v6-m/nofp\libstdc++.a(eh_throw.o)
                0x1000da3c                __cxa_rethrow
 .text.__cxa_current_exception_type
                0x1000daac       0x20 c:/picosdk/gcc-arm-none-eabi/bin/../lib/gcc/arm-none-eabi/10.3.1/../../../../arm-none-eabi/lib/thumb/v6-m/nofp\libstdc++.a(eh_type.o)
                0x1000daac                __cxa_current_exception_type
 .text._ZN10__cxxabiv120__si_class_type_infoD2Ev
                0x1000dacc       0x18 c:/picosdk/gcc-arm-none-eabi/bin/../lib/gcc/arm-none-eabi/10.3.1/../../../../arm-none-eabi/lib/thumb/v6-m/nofp\libstdc++.a(si_class_type_info.o)
                0x1000dacc                __cxxabiv1::__si_class_type_info::~__si_class_type_info()
                0x1000dacc                __cxxabiv1::__si_class_type_info::~__si_class_type_info()
 .text._ZN10__cxxabiv120__si_class_type_infoD0Ev
                0x1000dae4       0x20 c:/picosdk/gcc-arm-none-eabi/bin/../lib/gcc/arm-none-eabi/10.3.1/../../../../arm-none-eabi/lib/thumb/v6-m/nofp\libstdc++.a(si_class_type_info.o)
                0x1000dae4                __cxxabiv1::__si_class_type_info::~__si_class_type_info()
 .text._ZNK10__cxxabiv120__si_class_type_info20__do_find_public_srcEiPKvPKNS_17__class_type_infoES2_
                0x1000db04       0x38 c:/picosdk/gcc-arm-none-eabi/bin/../lib/gcc/arm-none-eabi/10.3.1/../../../../arm-none-eabi/lib/thumb/v6-m/nofp\libstdc++.a(si_class_type_info.o)
                0x1000db04                __cxxabiv1::__si_class_type_info::__do_find_public_src(int, void const*, __cxxabiv1::__class_type_info const*, void const*) const
 .text._ZNK10__cxxabiv120__si_class_type_info12__do_dyncastEiNS_17__class_type_info10__sub_kindEPKS1_PKvS4_S6_RNS1_16__dyncast_resultE
                0x1000db3c       0x9c c:/picosdk/gcc-arm-none-eabi/bin/../lib/gcc/arm-none-eabi/10.3.1/../../../../arm-none-eabi/lib/thumb/v6-m/nofp\libstdc++.a(si_class_type_info.o)
                0x1000db3c                __cxxabiv1::__si_class_type_info::__do_dyncast(int, __cxxabiv1::__class_type_info::__sub_kind, __cxxabiv1::__class_type_info const*, void const*, __cxxabiv1::__class_type_info const*, void const*, __cxxabiv1::__class_type_info::__dyncast_result&) const
 .text._ZNK10__cxxabiv120__si_class_type_info11__do_upcastEPKNS_17__class_type_infoEPKvRNS1_15__upcast_resultE
                0x1000dbd8       0x24 c:/picosdk/gcc-arm-none-eabi/bin/../lib/gcc/arm-none-eabi/10.3.1/../../../../arm-none-eabi/lib/thumb/v6-m/nofp\libstdc++.a(si_class_type_info.o)
                0x1000dbd8                __cxxabiv1::__si_class_type_info::__do_upcast(__cxxabiv1::__class_type_info const*, void const*, __cxxabiv1::__class_type_info::__upcast_result&) const
 .text._ZNSt9type_infoD2Ev
                0x1000dbfc        0x4 c:/picosdk/gcc-arm-none-eabi/bin/../lib/gcc/arm-none-eabi/10.3.1/../../../../arm-none-eabi/lib/thumb/v6-m/nofp\libstdc++.a(tinfo.o)
                0x1000dbfc                std::type_info::~type_info()
                0x1000dbfc                std::type_info::~type_info()
 .text._ZNKSt9type_info14__is_pointer_pEv
                0x1000dc00        0x4 c:/picosdk/gcc-arm-none-eabi/bin/../lib/gcc/arm-none-eabi/10.3.1/../../../../arm-none-eabi/lib/thumb/v6-m/nofp\libstdc++.a(tinfo.o)
                0x1000dc00                std::type_info::__is_pointer_p() const
                0x1000dc00                std::type_info::__is_function_p() const
 .text._ZNKSt9type_infoeqERKS_
                0x1000dc04       0x30 c:/picosdk/gcc-arm-none-eabi/bin/../lib/gcc/arm-none-eabi/10.3.1/../../../../arm-none-eabi/lib/thumb/v6-m/nofp\libstdc++.a(tinfo.o)
                0x1000dc04                std::type_info::operator==(std::type_info const&) const
 .text._ZNK10__cxxabiv117__class_type_info11__do_upcastEPKS0_PPv
                0x1000dc34       0x34 c:/picosdk/gcc-arm-none-eabi/bin/../lib/gcc/arm-none-eabi/10.3.1/../../../../arm-none-eabi/lib/thumb/v6-m/nofp\libstdc++.a(class_type_info.o)
                0x1000dc34                __cxxabiv1::__class_type_info::__do_upcast(__cxxabiv1::__class_type_info const*, void**) const
 .text._ZNK10__cxxabiv117__class_type_info20__do_find_public_srcEiPKvPKS0_S2_
                0x1000dc68       0x14 c:/picosdk/gcc-arm-none-eabi/bin/../lib/gcc/arm-none-eabi/10.3.1/../../../../arm-none-eabi/lib/thumb/v6-m/nofp\libstdc++.a(class_type_info.o)
                0x1000dc68                __cxxabiv1::__class_type_info::__do_find_public_src(int, void const*, __cxxabiv1::__class_type_info const*, void const*) const
 .text._ZN10__cxxabiv117__class_type_infoD2Ev
                0x1000dc7c       0x18 c:/picosdk/gcc-arm-none-eabi/bin/../lib/gcc/arm-none-eabi/10.3.1/../../../../arm-none-eabi/lib/thumb/v6-m/nofp\libstdc++.a(class_type_info.o)
                0x1000dc7c                __cxxabiv1::__class_type_info::~__class_type_info()
                0x1000dc7c                __cxxabiv1::__class_type_info::~__class_type_info()
 .text._ZN10__cxxabiv117__class_type_infoD0Ev
                0x1000dc94       0x20 c:/picosdk/gcc-arm-none-eabi/bin/../lib/gcc/arm-none-eabi/10.3.1/../../../../arm-none-eabi/lib/thumb/v6-m/nofp\libstdc++.a(class_type_info.o)
                0x1000dc94                __cxxabiv1::__class_type_info::~__class_type_info()
 .text._ZNK10__cxxabiv117__class_type_info12__do_dyncastEiNS0_10__sub_kindEPKS0_PKvS3_S5_RNS0_16__dyncast_resultE
                0x1000dcb4       0x40 c:/picosdk/gcc-arm-none-eabi/bin/../lib/gcc/arm-none-eabi/10.3.1/../../../../arm-none-eabi/lib/thumb/v6-m/nofp\libstdc++.a(class_type_info.o)
                0x1000dcb4                __cxxabiv1::__class_type_info::__do_dyncast(int, __cxxabiv1::__class_type_info::__sub_kind, __cxxabiv1::__class_type_info const*, void const*, __cxxabiv1::__class_type_info const*, void const*, __cxxabiv1::__class_type_info::__dyncast_result&) const
 .text._ZNK10__cxxabiv117__class_type_info11__do_upcastEPKS0_PKvRNS0_15__upcast_resultE
                0x1000dcf4       0x1c c:/picosdk/gcc-arm-none-eabi/bin/../lib/gcc/arm-none-eabi/10.3.1/../../../../arm-none-eabi/lib/thumb/v6-m/nofp\libstdc++.a(class_type_info.o)
                0x1000dcf4                __cxxabiv1::__class_type_info::__do_upcast(__cxxabiv1::__class_type_info const*, void const*, __cxxabiv1::__class_type_info::__upcast_result&) const
 .text._ZNK10__cxxabiv117__class_type_info10__do_catchEPKSt9type_infoPPvj
                0x1000dd10       0x24 c:/picosdk/gcc-arm-none-eabi/bin/../lib/gcc/arm-none-eabi/10.3.1/../../../../arm-none-eabi/lib/thumb/v6-m/nofp\libstdc++.a(class_type_info.o)
                0x1000dd10                __cxxabiv1::__class_type_info::__do_catch(std::type_info const*, void**, unsigned int) const
 .text._ZN12_GLOBAL__N_14pool4freeEPv.constprop.0
                0x1000dd34       0x78 c:/picosdk/gcc-arm-none-eabi/bin/../lib/gcc/arm-none-eabi/10.3.1/../../../../arm-none-eabi/lib/thumb/v6-m/nofp\libstdc++.a(eh_alloc.o)
 .text._ZN12_GLOBAL__N_14pool8allocateEj.constprop.0
                0x1000ddac       0x54 c:/picosdk/gcc-arm-none-eabi/bin/../lib/gcc/arm-none-eabi/10.3.1/../../../../arm-none-eabi/lib/thumb/v6-m/nofp\libstdc++.a(eh_alloc.o)
 .text.__cxa_allocate_exception
                0x1000de00       0x2c c:/picosdk/gcc-arm-none-eabi/bin/../lib/gcc/arm-none-eabi/10.3.1/../../../../arm-none-eabi/lib/thumb/v6-m/nofp\libstdc++.a(eh_alloc.o)
                0x1000de00                __cxa_allocate_exception
 .text.__cxa_free_exception
                0x1000de2c       0x24 c:/picosdk/gcc-arm-none-eabi/bin/../lib/gcc/arm-none-eabi/10.3.1/../../../../arm-none-eabi/lib/thumb/v6-m/nofp\libstdc++.a(eh_alloc.o)
                0x1000de2c                __cxa_free_exception
 .text.startup._GLOBAL__sub_I__ZN9__gnu_cxx9__freeresEv
                0x1000de50       0x2c c:/picosdk/gcc-arm-none-eabi/bin/../lib/gcc/arm-none-eabi/10.3.1/../../../../arm-none-eabi/lib/thumb/v6-m/nofp\libstdc++.a(eh_alloc.o)
 .text.abort    0x1000de7c       0x10 c:/picosdk/gcc-arm-none-eabi/bin/../lib/gcc/arm-none-eabi/10.3.1/../../../../arm-none-eabi/lib/thumb/v6-m/nofp\libg.a(lib_a-abort.o)
                0x1000de7c                abort
 .text.fputc    0x1000de8c       0x58 c:/picosdk/gcc-arm-none-eabi/bin/../lib/gcc/arm-none-eabi/10.3.1/../../../../arm-none-eabi/lib/thumb/v6-m/nofp\libg.a(lib_a-fputc.o)
                0x1000de8c                fputc
 .text._fputs_r
                0x1000dee4       0x8c c:/picosdk/gcc-arm-none-eabi/bin/../lib/gcc/arm-none-eabi/10.3.1/../../../../arm-none-eabi/lib/thumb/v6-m/nofp\libg.a(lib_a-fputs.o)
                0x1000dee4                _fputs_r
 .text.fputs    0x1000df70       0x18 c:/picosdk/gcc-arm-none-eabi/bin/../lib/gcc/arm-none-eabi/10.3.1/../../../../arm-none-eabi/lib/thumb/v6-m/nofp\libg.a(lib_a-fputs.o)
                0x1000df70                fputs
 .text.__sfvwrite_r
                0x1000df88      0x2f4 c:/picosdk/gcc-arm-none-eabi/bin/../lib/gcc/arm-none-eabi/10.3.1/../../../../arm-none-eabi/lib/thumb/v6-m/nofp\libg.a(lib_a-fvwrite.o)
                0x1000df88                __sfvwrite_r
 .text._fwrite_r
                0x1000e27c       0xb0 c:/picosdk/gcc-arm-none-eabi/bin/../lib/gcc/arm-none-eabi/10.3.1/../../../../arm-none-eabi/lib/thumb/v6-m/nofp\libg.a(lib_a-fwrite.o)
                0x1000e27c                _fwrite_r
 .text.fwrite   0x1000e32c       0x20 c:/picosdk/gcc-arm-none-eabi/bin/../lib/gcc/arm-none-eabi/10.3.1/../../../../arm-none-eabi/lib/thumb/v6-m/nofp\libg.a(lib_a-fwrite.o)
                0x1000e32c                fwrite
 .text.__retarget_lock_init_recursive
                0x1000e34c        0x4 c:/picosdk/gcc-arm-none-eabi/bin/../lib/gcc/arm-none-eabi/10.3.1/../../../../arm-none-eabi/lib/thumb/v6-m/nofp\libg.a(lib_a-lock.o)
                0x1000e34c                __retarget_lock_init_recursive
 .text.__retarget_lock_close_recursive
                0x1000e350        0x4 c:/picosdk/gcc-arm-none-eabi/bin/../lib/gcc/arm-none-eabi/10.3.1/../../../../arm-none-eabi/lib/thumb/v6-m/nofp\libg.a(lib_a-lock.o)
                0x1000e350                __retarget_lock_close_recursive
 .text.__retarget_lock_acquire_recursive
                0x1000e354        0x4 c:/picosdk/gcc-arm-none-eabi/bin/../lib/gcc/arm-none-eabi/10.3.1/../../../../arm-none-eabi/lib/thumb/v6-m/nofp\libg.a(lib_a-lock.o)
                0x1000e354                __retarget_lock_acquire_recursive
 .text.__retarget_lock_release_recursive
                0x1000e358        0x4 c:/picosdk/gcc-arm-none-eabi/bin/../lib/gcc/arm-none-eabi/10.3.1/../../../../arm-none-eabi/lib/thumb/v6-m/nofp\libg.a(lib_a-lock.o)
                0x1000e358                __retarget_lock_release_recursive
 .text.malloc   0x1000e35c       0x14 c:/picosdk/gcc-arm-none-eabi/bin/../lib/gcc/arm-none-eabi/10.3.1/../../../../arm-none-eabi/lib/thumb/v6-m/nofp\libg.a(lib_a-malloc.o)
                0x1000e35c                malloc
 .text.free     0x1000e370       0x14 c:/picosdk/gcc-arm-none-eabi/bin/../lib/gcc/arm-none-eabi/10.3.1/../../../../arm-none-eabi/lib/thumb/v6-m/nofp\libg.a(lib_a-malloc.o)
                0x1000e370                free
 .text._malloc_r
                0x1000e384      0x584 c:/picosdk/gcc-arm-none-eabi/bin/../lib/gcc/arm-none-eabi/10.3.1/../../../../arm-none-eabi/lib/thumb/v6-m/nofp\libg.a(lib_a-mallocr.o)
                0x1000e384                _malloc_r
 .text.memchr   0x1000e908       0x74 c:/picosdk/gcc-arm-none-eabi/bin/../lib/gcc/arm-none-eabi/10.3.1/../../../../arm-none-eabi/lib/thumb/v6-m/nofp\libg.a(lib_a-memchr-stub.o)
                0x1000e908                memchr
 .text.memcmp   0x1000e97c       0x48 c:/picosdk/gcc-arm-none-eabi/bin/../lib/gcc/arm-none-eabi/10.3.1/../../../../arm-none-eabi/lib/thumb/v6-m/nofp\libg.a(lib_a-memcmp.o)
                0x1000e97c                memcmp
 .text.memmove  0x1000e9c4       0xac c:/picosdk/gcc-arm-none-eabi/bin/../lib/gcc/arm-none-eabi/10.3.1/../../../../arm-none-eabi/lib/thumb/v6-m/nofp\libg.a(lib_a-memmove.o)
                0x1000e9c4                memmove
 .text.__malloc_lock
                0x1000ea70       0x10 c:/picosdk/gcc-arm-none-eabi/bin/../lib/gcc/arm-none-eabi/10.3.1/../../../../arm-none-eabi/lib/thumb/v6-m/nofp\libg.a(lib_a-mlock.o)
                0x1000ea70                __malloc_lock
 .text.__malloc_unlock
                0x1000ea80       0x10 c:/picosdk/gcc-arm-none-eabi/bin/../lib/gcc/arm-none-eabi/10.3.1/../../../../arm-none-eabi/lib/thumb/v6-m/nofp\libg.a(lib_a-mlock.o)
                0x1000ea80                __malloc_unlock
 .text._putc_r  0x1000ea90       0x74 c:/picosdk/gcc-arm-none-eabi/bin/../lib/gcc/arm-none-eabi/10.3.1/../../../../arm-none-eabi/lib/thumb/v6-m/nofp\libg.a(lib_a-putc.o)
                0x1000ea90                _putc_r
 .text.realloc  0x1000eb04       0x18 c:/picosdk/gcc-arm-none-eabi/bin/../lib/gcc/arm-none-eabi/10.3.1/../../../../arm-none-eabi/lib/thumb/v6-m/nofp\libg.a(lib_a-realloc.o)
                0x1000eb04                realloc
 .text._realloc_r
                0x1000eb1c      0x354 c:/picosdk/gcc-arm-none-eabi/bin/../lib/gcc/arm-none-eabi/10.3.1/../../../../arm-none-eabi/lib/thumb/v6-m/nofp\libg.a(lib_a-reallocr.o)
                0x1000eb1c                _realloc_r
 .text._sbrk_r  0x1000ee70       0x24 c:/picosdk/gcc-arm-none-eabi/bin/../lib/gcc/arm-none-eabi/10.3.1/../../../../arm-none-eabi/lib/thumb/v6-m/nofp\libg.a(lib_a-sbrkr.o)
                0x1000ee70                _sbrk_r
 .text.raise    0x1000ee94       0x60 c:/picosdk/gcc-arm-none-eabi/bin/../lib/gcc/arm-none-eabi/10.3.1/../../../../arm-none-eabi/lib/thumb/v6-m/nofp\libg.a(lib_a-signal.o)
                0x1000ee94                raise
 .text._kill_r  0x1000eef4       0x28 c:/picosdk/gcc-arm-none-eabi/bin/../lib/gcc/arm-none-eabi/10.3.1/../../../../arm-none-eabi/lib/thumb/v6-m/nofp\libg.a(lib_a-signalr.o)
                0x1000eef4                _kill_r
 .text._getpid_r
                0x1000ef1c        0x8 c:/picosdk/gcc-arm-none-eabi/bin/../lib/gcc/arm-none-eabi/10.3.1/../../../../arm-none-eabi/lib/thumb/v6-m/nofp\libg.a(lib_a-signalr.o)
                0x1000ef1c                _getpid_r
 .text          0x1000ef24       0x88 c:/picosdk/gcc-arm-none-eabi/bin/../lib/gcc/arm-none-eabi/10.3.1/../../../../arm-none-eabi/lib/thumb/v6-m/nofp\libg.a(lib_a-strcmp.o)
                0x1000ef24                strcmp
 .text.strlen   0x1000efac       0x5c c:/picosdk/gcc-arm-none-eabi/bin/../lib/gcc/arm-none-eabi/10.3.1/../../../../arm-none-eabi/lib/thumb/v6-m/nofp\libg.a(lib_a-strlen-stub.o)
                0x1000efac                strlen
 .text.strncmp  0x1000f008       0x74 c:/picosdk/gcc-arm-none-eabi/bin/../lib/gcc/arm-none-eabi/10.3.1/../../../../arm-none-eabi/lib/thumb/v6-m/nofp\libg.a(lib_a-strncmp.o)
                0x1000f008                strncmp
 .text.write    0x1000f07c       0x18 c:/picosdk/gcc-arm-none-eabi/bin/../lib/gcc/arm-none-eabi/10.3.1/../../../../arm-none-eabi/lib/thumb/v6-m/nofp\libg.a(lib_a-syswrite.o)
                0x1000f07c                write
 .text.__swbuf_r
                0x1000f094       0xc8 c:/picosdk/gcc-arm-none-eabi/bin/../lib/gcc/arm-none-eabi/10.3.1/../../../../arm-none-eabi/lib/thumb/v6-m/nofp\libg.a(lib_a-wbuf.o)
                0x1000f094                __swbuf_r
 .text._write_r
                0x1000f15c       0x28 c:/picosdk/gcc-arm-none-eabi/bin/../lib/gcc/arm-none-eabi/10.3.1/../../../../arm-none-eabi/lib/thumb/v6-m/nofp\libg.a(lib_a-writer.o)
                0x1000f15c                _write_r
 .text.__swsetup_r
                0x1000f184       0xdc c:/picosdk/gcc-arm-none-eabi/bin/../lib/gcc/arm-none-eabi/10.3.1/../../../../arm-none-eabi/lib/thumb/v6-m/nofp\libg.a(lib_a-wsetup.o)
                0x1000f184                __swsetup_r
 .text.__sflush_r
                0x1000f260      0x140 c:/picosdk/gcc-arm-none-eabi/bin/../lib/gcc/arm-none-eabi/10.3.1/../../../../arm-none-eabi/lib/thumb/v6-m/nofp\libg.a(lib_a-fflush.o)
                0x1000f260                __sflush_r
 .text._fflush_r
                0x1000f3a0       0x6c c:/picosdk/gcc-arm-none-eabi/bin/../lib/gcc/arm-none-eabi/10.3.1/../../../../arm-none-eabi/lib/thumb/v6-m/nofp\libg.a(lib_a-fflush.o)
                0x1000f3a0                _fflush_r
 .text._cleanup_r
                0x1000f40c       0x10 c:/picosdk/gcc-arm-none-eabi/bin/../lib/gcc/arm-none-eabi/10.3.1/../../../../arm-none-eabi/lib/thumb/v6-m/nofp\libg.a(lib_a-findfp.o)
                0x1000f40c                _cleanup_r
 .text.__sinit  0x1000f41c      0x120 c:/picosdk/gcc-arm-none-eabi/bin/../lib/gcc/arm-none-eabi/10.3.1/../../../../arm-none-eabi/lib/thumb/v6-m/nofp\libg.a(lib_a-findfp.o)
                0x1000f41c                __sinit
 .text.__sfp_lock_acquire
                0x1000f53c       0x10 c:/picosdk/gcc-arm-none-eabi/bin/../lib/gcc/arm-none-eabi/10.3.1/../../../../arm-none-eabi/lib/thumb/v6-m/nofp\libg.a(lib_a-findfp.o)
                0x1000f53c                __sfp_lock_acquire
 .text.__sfp_lock_release
                0x1000f54c       0x10 c:/picosdk/gcc-arm-none-eabi/bin/../lib/gcc/arm-none-eabi/10.3.1/../../../../arm-none-eabi/lib/thumb/v6-m/nofp\libg.a(lib_a-findfp.o)
                0x1000f54c                __sfp_lock_release
 .text._malloc_trim_r
                0x1000f55c       0x9c c:/picosdk/gcc-arm-none-eabi/bin/../lib/gcc/arm-none-eabi/10.3.1/../../../../arm-none-eabi/lib/thumb/v6-m/nofp\libg.a(lib_a-freer.o)
                0x1000f55c                _malloc_trim_r
 .text._free_r  0x1000f5f8      0x1c4 c:/picosdk/gcc-arm-none-eabi/bin/../lib/gcc/arm-none-eabi/10.3.1/../../../../arm-none-eabi/lib/thumb/v6-m/nofp\libg.a(lib_a-freer.o)
                0x1000f5f8                _free_r
 .text._fwalk_reent
                0x1000f7bc       0x48 c:/picosdk/gcc-arm-none-eabi/bin/../lib/gcc/arm-none-eabi/10.3.1/../../../../arm-none-eabi/lib/thumb/v6-m/nofp\libg.a(lib_a-fwalk.o)
                0x1000f7bc                _fwalk_reent
 .text.__smakebuf_r
                0x1000f804       0xe4 c:/picosdk/gcc-arm-none-eabi/bin/../lib/gcc/arm-none-eabi/10.3.1/../../../../arm-none-eabi/lib/thumb/v6-m/nofp\libg.a(lib_a-makebuf.o)
                0x1000f804                __smakebuf_r
 .text.__sread  0x1000f8e8       0x28 c:/picosdk/gcc-arm-none-eabi/bin/../lib/gcc/arm-none-eabi/10.3.1/../../../../arm-none-eabi/lib/thumb/v6-m/nofp\libg.a(lib_a-stdio.o)
                0x1000f8e8                __sread
 .text.__swrite
                0x1000f910       0x40 c:/picosdk/gcc-arm-none-eabi/bin/../lib/gcc/arm-none-eabi/10.3.1/../../../../arm-none-eabi/lib/thumb/v6-m/nofp\libg.a(lib_a-stdio.o)
                0x1000f910                __swrite
 .text.__sseek  0x1000f950       0x2c c:/picosdk/gcc-arm-none-eabi/bin/../lib/gcc/arm-none-eabi/10.3.1/../../../../arm-none-eabi/lib/thumb/v6-m/nofp\libg.a(lib_a-stdio.o)
                0x1000f950                __sseek
 .text.__sclose
                0x1000f97c        0xc c:/picosdk/gcc-arm-none-eabi/bin/../lib/gcc/arm-none-eabi/10.3.1/../../../../arm-none-eabi/lib/thumb/v6-m/nofp\libg.a(lib_a-stdio.o)
                0x1000f97c                __sclose
 .text._close_r
                0x1000f988       0x24 c:/picosdk/gcc-arm-none-eabi/bin/../lib/gcc/arm-none-eabi/10.3.1/../../../../arm-none-eabi/lib/thumb/v6-m/nofp\libg.a(lib_a-closer.o)
                0x1000f988                _close_r
 .text._fclose_r
                0x1000f9ac       0xdc c:/picosdk/gcc-arm-none-eabi/bin/../lib/gcc/arm-none-eabi/10.3.1/../../../../arm-none-eabi/lib/thumb/v6-m/nofp\libg.a(lib_a-fclose.o)
                0x1000f9ac                _fclose_r
 .text._fstat_r
                0x1000fa88       0x28 c:/picosdk/gcc-arm-none-eabi/bin/../lib/gcc/arm-none-eabi/10.3.1/../../../../arm-none-eabi/lib/thumb/v6-m/nofp\libg.a(lib_a-fstatr.o)
                0x1000fa88                _fstat_r
 .text._isatty_r
                0x1000fab0       0x24 c:/picosdk/gcc-arm-none-eabi/bin/../lib/gcc/arm-none-eabi/10.3.1/../../../../arm-none-eabi/lib/thumb/v6-m/nofp\libg.a(lib_a-isattyr.o)
                0x1000fab0                _isatty_r
 .text._lseek_r
                0x1000fad4       0x28 c:/picosdk/gcc-arm-none-eabi/bin/../lib/gcc/arm-none-eabi/10.3.1/../../../../arm-none-eabi/lib/thumb/v6-m/nofp\libg.a(lib_a-lseekr.o)
                0x1000fad4                _lseek_r
 .text._read_r  0x1000fafc       0x28 c:/picosdk/gcc-arm-none-eabi/bin/../lib/gcc/arm-none-eabi/10.3.1/../../../../arm-none-eabi/lib/thumb/v6-m/nofp\libg.a(lib_a-readr.o)
                0x1000fafc                _read_r
 *(.fini)
 .fini          0x1000fb24        0x4 c:/picosdk/gcc-arm-none-eabi/bin/../lib/gcc/arm-none-eabi/10.3.1/thumb/v6-m/nofp/crti.o
                0x1000fb24                _fini
 .fini.__stub   0x1000fb28      0x110 linker stubs
 *crtbegin.o(.ctors)
 *crtbegin?.o(.ctors)
 *(EXCLUDE_FILE(*crtend.o *crtend?.o) .ctors)
 *(SORT_BY_NAME(.ctors.*))
 *(.ctors)
 *crtbegin.o(.dtors)
 *crtbegin?.o(.dtors)
 *(EXCLUDE_FILE(*crtend.o *crtend?.o) .dtors)
 *(SORT_BY_NAME(.dtors.*))
 *(.dtors)
 *(.eh_frame*)
 .eh_frame      0x1000fc38        0x0 c:/picosdk/gcc-arm-none-eabi/bin/../lib/gcc/arm-none-eabi/10.3.1/thumb/v6-m/nofp/crtbegin.o
                0x1000fc38                . = ALIGN (0x4)

.glue_7         0x1000fc38        0x0
 .glue_7        0x1000fc38        0x0 linker stubs

.glue_7t        0x1000fc38        0x0
 .glue_7t       0x1000fc38        0x0 linker stubs

.vfp11_veneer   0x1000fc38        0x0
 .vfp11_veneer  0x1000fc38        0x0 linker stubs

.v4_bx          0x1000fc38        0x0
 .v4_bx         0x1000fc38        0x0 linker stubs

.iplt           0x1000fc38        0x0
 .iplt          0x1000fc38        0x0 c:/picosdk/gcc-arm-none-eabi/bin/../lib/gcc/arm-none-eabi/10.3.1/thumb/v6-m/nofp/crtbegin.o

.rodata         0x1000fc38     0x3f14
 *(EXCLUDE_FILE(*libm.a: *libc.a:*lib_a-mem*.o *libgcc.a:) .rodata*)
 .rodata._Z5Test110ST7735_TFT.str1.4
                0x1000fc38       0x33 st7735_bmp280/CMakeFiles/st7735_bmp280.dir/st7735_bmp280.cpp.obj
 *fill*         0x1000fc6b        0x1 
 .rodata.main.str1.4
                0x1000fc6c       0x9e st7735_bmp280/CMakeFiles/st7735_bmp280.dir/st7735_bmp280.cpp.obj
 *fill*         0x1000fd0a        0x2 
 .rodata._ZTV10ST7735_TFT
                0x1000fd0c       0x14 st7735_bmp280/CMakeFiles/st7735_bmp280.dir/st7735_bmp280.cpp.obj
                0x1000fd0c                vtable for ST7735_TFT
 .rodata.str1.4
                0x1000fd20       0x2d st7735_bmp280/CMakeFiles/st7735_bmp280.dir/st7735_bmp280.cpp.obj
 *fill*         0x1000fd4d        0x3 
 .rodata._ZZ4mainE8__bi_176
                0x1000fd50        0x8 st7735_bmp280/CMakeFiles/st7735_bmp280.dir/st7735_bmp280.cpp.obj
 .rodata._ZZ4mainE8__bi_177
                0x1000fd58        0xc st7735_bmp280/CMakeFiles/st7735_bmp280.dir/st7735_bmp280.cpp.obj
 .rodata.make_branch.str1.4
                0x1000fd64       0x66 st7735_bmp280/CMakeFiles/st7735_bmp280.dir/C_/PicoSDK/pico-sdk/src/rp2_common/hardware_irq/irq.c.obj
 *fill*         0x1000fdca        0x2 
 .rodata.insert_branch_and_link.str1.4
                0x1000fdcc       0x10 st7735_bmp280/CMakeFiles/st7735_bmp280.dir/C_/PicoSDK/pico-sdk/src/rp2_common/hardware_irq/irq.c.obj
 .rodata.irq_set_exclusive_handler.str1.4
                0x1000fddc       0x36 st7735_bmp280/CMakeFiles/st7735_bmp280.dir/C_/PicoSDK/pico-sdk/src/rp2_common/hardware_irq/irq.c.obj
 *fill*         0x1000fe12        0x2 
 .rodata.irq_add_shared_handler.str1.4
                0x1000fe14       0xd9 st7735_bmp280/CMakeFiles/st7735_bmp280.dir/C_/PicoSDK/pico-sdk/src/rp2_common/hardware_irq/irq.c.obj
 *fill*         0x1000feed        0x3 
 .rodata.irq_remove_handler.str1.4
                0x1000fef0       0x3a st7735_bmp280/CMakeFiles/st7735_bmp280.dir/C_/PicoSDK/pico-sdk/src/rp2_common/hardware_irq/irq.c.obj
 *fill*         0x1000ff2a        0x2 
 .rodata.irq_add_tail_to_free_list.str1.4
                0x1000ff2c       0x3a st7735_bmp280/CMakeFiles/st7735_bmp280.dir/C_/PicoSDK/pico-sdk/src/rp2_common/hardware_irq/irq.c.obj
 *fill*         0x1000ff66        0x2 
 .rodata.__func__.0
                0x1000ff68       0x1a st7735_bmp280/CMakeFiles/st7735_bmp280.dir/C_/PicoSDK/pico-sdk/src/rp2_common/hardware_irq/irq.c.obj
 *fill*         0x1000ff82        0x2 
 .rodata.__func__.1
                0x1000ff84       0x17 st7735_bmp280/CMakeFiles/st7735_bmp280.dir/C_/PicoSDK/pico-sdk/src/rp2_common/hardware_irq/irq.c.obj
 *fill*         0x1000ff9b        0x1 
 .rodata.__func__.2
                0x1000ff9c       0x13 st7735_bmp280/CMakeFiles/st7735_bmp280.dir/C_/PicoSDK/pico-sdk/src/rp2_common/hardware_irq/irq.c.obj
 *fill*         0x1000ffaf        0x1 
 .rodata.__func__.3
                0x1000ffb0        0xc st7735_bmp280/CMakeFiles/st7735_bmp280.dir/C_/PicoSDK/pico-sdk/src/rp2_common/hardware_irq/irq.c.obj
 .rodata.__func__.4
                0x1000ffbc        0xf st7735_bmp280/CMakeFiles/st7735_bmp280.dir/C_/PicoSDK/pico-sdk/src/rp2_common/hardware_irq/irq.c.obj
 *fill*         0x1000ffcb        0x1 
 .rodata.__func__.6
                0x1000ffcc       0x1a st7735_bmp280/CMakeFiles/st7735_bmp280.dir/C_/PicoSDK/pico-sdk/src/rp2_common/hardware_irq/irq.c.obj
 *fill*         0x1000ffe6        0x2 
 .rodata.str1.4
                0x1000ffe8       0xe1 st7735_bmp280/CMakeFiles/st7735_bmp280.dir/C_/PicoSDK/pico-sdk/src/common/pico_sync/mutex.c.obj
 *fill*         0x100100c9        0x3 
 .rodata.__func__.1
                0x100100cc        0xb st7735_bmp280/CMakeFiles/st7735_bmp280.dir/C_/PicoSDK/pico-sdk/src/common/pico_sync/mutex.c.obj
 *fill*         0x100100d7        0x1 
 .rodata.__func__.3
                0x100100d8       0x18 st7735_bmp280/CMakeFiles/st7735_bmp280.dir/C_/PicoSDK/pico-sdk/src/common/pico_sync/mutex.c.obj
 .rodata.repeating_timer_callback.str1.4
                0x100100f0       0x44 st7735_bmp280/CMakeFiles/st7735_bmp280.dir/C_/PicoSDK/pico-sdk/src/common/pico_time/time.c.obj
 .rodata.timer_pool_entry_comparator.str1.4
                0x10010134       0x22 st7735_bmp280/CMakeFiles/st7735_bmp280.dir/C_/PicoSDK/pico-sdk/src/common/pico_time/time.c.obj
 *fill*         0x10010156        0x2 
 .rodata.ph_add_child_node.str1.4
                0x10010158       0x8e st7735_bmp280/CMakeFiles/st7735_bmp280.dir/C_/PicoSDK/pico-sdk/src/common/pico_time/time.c.obj
 *fill*         0x100101e6        0x2 
 .rodata.add_alarm_under_lock.str1.4
                0x100101e8       0x28 st7735_bmp280/CMakeFiles/st7735_bmp280.dir/C_/PicoSDK/pico-sdk/src/common/pico_time/time.c.obj
                                 0x2b (size before relaxing)
 .rodata.alarm_pool_alarm_callback.str1.4
                0x10010210       0x98 st7735_bmp280/CMakeFiles/st7735_bmp280.dir/C_/PicoSDK/pico-sdk/src/common/pico_time/time.c.obj
                                 0xf4 (size before relaxing)
 .rodata.alarm_pool_get_default.str1.4
                0x100102a8       0x21 st7735_bmp280/CMakeFiles/st7735_bmp280.dir/C_/PicoSDK/pico-sdk/src/common/pico_time/time.c.obj
 *fill*         0x100102c9        0x3 
 .rodata.alarm_pool_cancel_alarm.str1.4
                0x100102cc       0x27 st7735_bmp280/CMakeFiles/st7735_bmp280.dir/C_/PicoSDK/pico-sdk/src/common/pico_time/time.c.obj
 *fill*         0x100102f3        0x1 
 .rodata.__func__.1
                0x100102f4       0x18 st7735_bmp280/CMakeFiles/st7735_bmp280.dir/C_/PicoSDK/pico-sdk/src/common/pico_time/time.c.obj
 .rodata.__func__.10
                0x1001030c       0x15 st7735_bmp280/CMakeFiles/st7735_bmp280.dir/C_/PicoSDK/pico-sdk/src/common/pico_time/time.c.obj
 *fill*         0x10010321        0x3 
 .rodata.__func__.11
                0x10010324       0x1a st7735_bmp280/CMakeFiles/st7735_bmp280.dir/C_/PicoSDK/pico-sdk/src/common/pico_time/time.c.obj
 *fill*         0x1001033e        0x2 
 .rodata.__func__.12
                0x10010340        0xa st7735_bmp280/CMakeFiles/st7735_bmp280.dir/C_/PicoSDK/pico-sdk/src/common/pico_time/time.c.obj
 *fill*         0x1001034a        0x2 
 .rodata.__func__.3
                0x1001034c       0x17 st7735_bmp280/CMakeFiles/st7735_bmp280.dir/C_/PicoSDK/pico-sdk/src/common/pico_time/time.c.obj
 *fill*         0x10010363        0x1 
 .rodata.__func__.4
                0x10010364       0x12 st7735_bmp280/CMakeFiles/st7735_bmp280.dir/C_/PicoSDK/pico-sdk/src/common/pico_time/time.c.obj
 *fill*         0x10010376        0x2 
 .rodata.__func__.5
                0x10010378        0xd st7735_bmp280/CMakeFiles/st7735_bmp280.dir/C_/PicoSDK/pico-sdk/src/common/pico_time/time.c.obj
 *fill*         0x10010385        0x3 
 .rodata.__func__.6
                0x10010388       0x12 st7735_bmp280/CMakeFiles/st7735_bmp280.dir/C_/PicoSDK/pico-sdk/src/common/pico_time/time.c.obj
 *fill*         0x1001039a        0x2 
 .rodata.__func__.7
                0x1001039c        0xf st7735_bmp280/CMakeFiles/st7735_bmp280.dir/C_/PicoSDK/pico-sdk/src/common/pico_time/time.c.obj
 *fill*         0x100103ab        0x1 
 .rodata.__func__.8
                0x100103ac        0xc st7735_bmp280/CMakeFiles/st7735_bmp280.dir/C_/PicoSDK/pico-sdk/src/common/pico_time/time.c.obj
 .rodata.__func__.9
                0x100103b8       0x15 st7735_bmp280/CMakeFiles/st7735_bmp280.dir/C_/PicoSDK/pico-sdk/src/common/pico_time/time.c.obj
 *fill*         0x100103cd        0x3 
 .rodata.at_the_end_of_time
                0x100103d0        0x8 st7735_bmp280/CMakeFiles/st7735_bmp280.dir/C_/PicoSDK/pico-sdk/src/common/pico_time/time.c.obj
                0x100103d0                at_the_end_of_time
 .rodata.hardware_alarm_claim.str1.4
                0x100103d8       0x22 st7735_bmp280/CMakeFiles/st7735_bmp280.dir/C_/PicoSDK/pico-sdk/src/rp2_common/hardware_timer/timer.c.obj
 .rodata.busy_wait_us.str1.4
                0x100103fa       0x5a st7735_bmp280/CMakeFiles/st7735_bmp280.dir/C_/PicoSDK/pico-sdk/src/rp2_common/hardware_timer/timer.c.obj
 *fill*         0x100103fa        0x2 
 .rodata.hardware_alarm_set_target.str1.4
                0x100103fc       0x5e st7735_bmp280/CMakeFiles/st7735_bmp280.dir/C_/PicoSDK/pico-sdk/src/rp2_common/hardware_timer/timer.c.obj
 *fill*         0x1001045a        0x2 
 .rodata.__func__.0
                0x1001045c       0x1a st7735_bmp280/CMakeFiles/st7735_bmp280.dir/C_/PicoSDK/pico-sdk/src/rp2_common/hardware_timer/timer.c.obj
 *fill*         0x10010476        0x2 
 .rodata.__func__.1
                0x10010478       0x15 st7735_bmp280/CMakeFiles/st7735_bmp280.dir/C_/PicoSDK/pico-sdk/src/rp2_common/hardware_timer/timer.c.obj
 .rodata.ph_add_child_node.str1.4
                0x1001048d       0x8e st7735_bmp280/CMakeFiles/st7735_bmp280.dir/C_/PicoSDK/pico-sdk/src/common/pico_util/pheap.c.obj
 *fill*         0x1001048d        0x3 
 .rodata.ph_remove_any_head.str1.4
                0x10010490       0x88 st7735_bmp280/CMakeFiles/st7735_bmp280.dir/C_/PicoSDK/pico-sdk/src/common/pico_util/pheap.c.obj
                                 0x9c (size before relaxing)
 .rodata.ph_remove_and_free_node.str1.4
                0x10010518       0x1e st7735_bmp280/CMakeFiles/st7735_bmp280.dir/C_/PicoSDK/pico-sdk/src/common/pico_util/pheap.c.obj
                                 0x26 (size before relaxing)
 *fill*         0x10010536        0x2 
 .rodata.__func__.0
                0x10010538       0x18 st7735_bmp280/CMakeFiles/st7735_bmp280.dir/C_/PicoSDK/pico-sdk/src/common/pico_util/pheap.c.obj
 .rodata.__func__.1
                0x10010550       0x13 st7735_bmp280/CMakeFiles/st7735_bmp280.dir/C_/PicoSDK/pico-sdk/src/common/pico_util/pheap.c.obj
 *fill*         0x10010563        0x1 
 .rodata.__func__.2
                0x10010564       0x12 st7735_bmp280/CMakeFiles/st7735_bmp280.dir/C_/PicoSDK/pico-sdk/src/common/pico_util/pheap.c.obj
 *fill*         0x10010576        0x2 
 .rodata.__func__.3
                0x10010578        0xc st7735_bmp280/CMakeFiles/st7735_bmp280.dir/C_/PicoSDK/pico-sdk/src/common/pico_util/pheap.c.obj
 .rodata.clock_configure.str1.4
                0x10010584       0x50 st7735_bmp280/CMakeFiles/st7735_bmp280.dir/C_/PicoSDK/pico-sdk/src/rp2_common/hardware_clocks/clocks.c.obj
 .rodata.__func__.1
                0x100105d4       0x10 st7735_bmp280/CMakeFiles/st7735_bmp280.dir/C_/PicoSDK/pico-sdk/src/rp2_common/hardware_clocks/clocks.c.obj
 .rodata.pll_init.str1.4
                0x100105e4      0x11b st7735_bmp280/CMakeFiles/st7735_bmp280.dir/C_/PicoSDK/pico-sdk/src/rp2_common/hardware_pll/pll.c.obj
 *fill*         0x100106ff        0x1 
 .rodata.__func__.0
                0x10010700        0x9 st7735_bmp280/CMakeFiles/st7735_bmp280.dir/C_/PicoSDK/pico-sdk/src/rp2_common/hardware_pll/pll.c.obj
 *fill*         0x10010709        0x3 
 .rodata.__assert_func.str1.4
                0x1001070c       0x3f st7735_bmp280/CMakeFiles/st7735_bmp280.dir/C_/PicoSDK/pico-sdk/src/rp2_common/pico_runtime/runtime.c.obj
                                 0x43 (size before relaxing)
 *fill*         0x1001074b        0x1 
 .rodata.runtime_init.str1.4
                0x1001074c       0x5a st7735_bmp280/CMakeFiles/st7735_bmp280.dir/C_/PicoSDK/pico-sdk/src/rp2_common/pico_runtime/runtime.c.obj
 *fill*         0x100107a6        0x2 
 .rodata.panic.str1.4
                0x100107a8       0x10 st7735_bmp280/CMakeFiles/st7735_bmp280.dir/C_/PicoSDK/pico-sdk/src/rp2_common/pico_runtime/runtime.c.obj
                                 0x12 (size before relaxing)
 .rodata.__func__.2
                0x100107b8        0xd st7735_bmp280/CMakeFiles/st7735_bmp280.dir/C_/PicoSDK/pico-sdk/src/rp2_common/pico_runtime/runtime.c.obj
 *fill*         0x100107c5        0x3 
 .rodata._ftoa.str1.4